Archive member included to satisfy reference by file (symbol)

C:\Users\Dustin\Documents\Github\CMSISv1p30_LPC17xx\Debug\libCMSISv1p30_LPC17xx.a(system_LPC17xx.o)
                              ./main.o (SystemCoreClock)
C:\Users\Dustin\Documents\Github\FreeRTOS_Library\Debug\libFreeRTOS_Library.a(port.o)
                              ./cr_startup_lpc17.o (vPortSVCHandler)
C:\Users\Dustin\Documents\Github\FreeRTOS_Library\Debug\libFreeRTOS_Library.a(tasks.o)
                              ./main.o (xTaskGenericCreate)
C:\Users\Dustin\Documents\Github\FreeRTOS_Library\Debug\libFreeRTOS_Library.a(heap_2.o)
                              C:\Users\Dustin\Documents\Github\FreeRTOS_Library\Debug\libFreeRTOS_Library.a(tasks.o) (pvPortMalloc)
C:\Users\Dustin\Documents\Github\FreeRTOS_Library\Debug\libFreeRTOS_Library.a(list.o)
                              C:\Users\Dustin\Documents\Github\FreeRTOS_Library\Debug\libFreeRTOS_Library.a(tasks.o) (vListInitialise)
c:/nxp/lpcxpresso_8.1.2_603/lpcxpresso/tools/bin/../lib/gcc/arm-none-eabi/5.2.1/../../../../arm-none-eabi/lib/armv7-m\libcr_semihost.a(_cr__main.o)
                              ./cr_startup_lpc17.o (__main)
c:/nxp/lpcxpresso_8.1.2_603/lpcxpresso/tools/bin/../lib/gcc/arm-none-eabi/5.2.1/../../../../arm-none-eabi/lib/armv7-m\libcr_c.a(memset.o)
                              C:\Users\Dustin\Documents\Github\FreeRTOS_Library\Debug\libFreeRTOS_Library.a(tasks.o) (memset)
c:/nxp/lpcxpresso_8.1.2_603/lpcxpresso/tools/bin/../lib/gcc/arm-none-eabi/5.2.1/../../../../arm-none-eabi/lib/armv7-m\libcr_c.a(initio.o)
                              c:/nxp/lpcxpresso_8.1.2_603/lpcxpresso/tools/bin/../lib/gcc/arm-none-eabi/5.2.1/../../../../arm-none-eabi/lib/armv7-m\libcr_semihost.a(_cr__main.o) (_initio)
c:/nxp/lpcxpresso_8.1.2_603/lpcxpresso/tools/bin/../lib/gcc/arm-none-eabi/5.2.1/../../../../arm-none-eabi/lib/armv7-m\libcr_c.a(memcmp.o)
                              C:\Users\Dustin\Documents\Github\FreeRTOS_Library\Debug\libFreeRTOS_Library.a(tasks.o) (memcmp)
c:/nxp/lpcxpresso_8.1.2_603/lpcxpresso/tools/bin/../lib/gcc/arm-none-eabi/5.2.1/../../../../arm-none-eabi/lib/armv7-m\libcr_c.a(setvbuf.o)
                              c:/nxp/lpcxpresso_8.1.2_603/lpcxpresso/tools/bin/../lib/gcc/arm-none-eabi/5.2.1/../../../../arm-none-eabi/lib/armv7-m\libcr_c.a(initio.o) (setvbuf)
c:/nxp/lpcxpresso_8.1.2_603/lpcxpresso/tools/bin/../lib/gcc/arm-none-eabi/5.2.1/../../../../arm-none-eabi/lib/armv7-m\libcr_c.a(stdio.o)
                              c:/nxp/lpcxpresso_8.1.2_603/lpcxpresso/tools/bin/../lib/gcc/arm-none-eabi/5.2.1/../../../../arm-none-eabi/lib/armv7-m\libcr_c.a(initio.o) (__Ciob)
c:/nxp/lpcxpresso_8.1.2_603/lpcxpresso/tools/bin/../lib/gcc/arm-none-eabi/5.2.1/../../../../arm-none-eabi/lib/armv7-m\libcr_c.a(stdlib.o)
                              ./main.o (abs)
c:/nxp/lpcxpresso_8.1.2_603/lpcxpresso/tools/bin/../lib/gcc/arm-none-eabi/5.2.1/../../../../arm-none-eabi/lib/armv7-m\libcr_c.a(__fillbuf.o)
                              c:/nxp/lpcxpresso_8.1.2_603/lpcxpresso/tools/bin/../lib/gcc/arm-none-eabi/5.2.1/../../../../arm-none-eabi/lib/armv7-m\libcr_c.a(stdio.o) (__filbuf)
c:/nxp/lpcxpresso_8.1.2_603/lpcxpresso/tools/bin/../lib/gcc/arm-none-eabi/5.2.1/../../../../arm-none-eabi/lib/armv7-m\libcr_c.a(_deferredlazyseek.o)
                              c:/nxp/lpcxpresso_8.1.2_603/lpcxpresso/tools/bin/../lib/gcc/arm-none-eabi/5.2.1/../../../../arm-none-eabi/lib/armv7-m\libcr_c.a(__fillbuf.o) (_deferredlazyseek)
c:/nxp/lpcxpresso_8.1.2_603/lpcxpresso/tools/bin/../lib/gcc/arm-none-eabi/5.2.1/../../../../arm-none-eabi/lib/armv7-m\libcr_c.a(_fdopen.o)
                              c:/nxp/lpcxpresso_8.1.2_603/lpcxpresso/tools/bin/../lib/gcc/arm-none-eabi/5.2.1/../../../../arm-none-eabi/lib/armv7-m\libcr_c.a(initio.o) (_fdopen)
c:/nxp/lpcxpresso_8.1.2_603/lpcxpresso/tools/bin/../lib/gcc/arm-none-eabi/5.2.1/../../../../arm-none-eabi/lib/armv7-m\libcr_c.a(_fflush.o)
                              c:/nxp/lpcxpresso_8.1.2_603/lpcxpresso/tools/bin/../lib/gcc/arm-none-eabi/5.2.1/../../../../arm-none-eabi/lib/armv7-m\libcr_c.a(__fillbuf.o) (_fflush)
c:/nxp/lpcxpresso_8.1.2_603/lpcxpresso/tools/bin/../lib/gcc/arm-none-eabi/5.2.1/../../../../arm-none-eabi/lib/armv7-m\libcr_c.a(_writebuf.o)
                              c:/nxp/lpcxpresso_8.1.2_603/lpcxpresso/tools/bin/../lib/gcc/arm-none-eabi/5.2.1/../../../../arm-none-eabi/lib/armv7-m\libcr_c.a(_deferredlazyseek.o) (_Cwritebuf)
c:/nxp/lpcxpresso_8.1.2_603/lpcxpresso/tools/bin/../lib/gcc/arm-none-eabi/5.2.1/../../../../arm-none-eabi/lib/armv7-m\libcr_c.a(alloc.o)
                              c:/nxp/lpcxpresso_8.1.2_603/lpcxpresso/tools/bin/../lib/gcc/arm-none-eabi/5.2.1/../../../../arm-none-eabi/lib/armv7-m\libcr_c.a(initio.o) (_Csys_alloc)
c:/nxp/lpcxpresso_8.1.2_603/lpcxpresso/tools/bin/../lib/gcc/arm-none-eabi/5.2.1/../../../../arm-none-eabi/lib/armv7-m\libcr_c.a(fclose.o)
[...]
Memory Configuration

Name             Origin             Length             Attributes
MFlash512        0x00000000         0x00080000         xr
RamLoc32         0x10000000         0x00008000         xrw
RamAHB32         0x2007c000         0x00008000         xrw
*default*        0x00000000         0xffffffff

Linker script and memory map

LOAD ./PWM.o
LOAD ./StepperMotor.o
LOAD ./cr_startup_lpc17.o
LOAD ./main.o
LOAD C:\Users\Dustin\Documents\Github\CMSISv1p30_LPC17xx\Debug\libCMSISv1p30_LPC17xx.a
LOAD C:\Users\Dustin\Documents\Github\FreeRTOS_Library\Debug\libFreeRTOS_Library.a
START GROUP
LOAD c:/nxp/lpcxpresso_8.1.2_603/lpcxpresso/tools/bin/../lib/gcc/arm-none-eabi/5.2.1/../../../../arm-none-eabi/lib/armv7-m\libcr_semihost.a
LOAD c:/nxp/lpcxpresso_8.1.2_603/lpcxpresso/tools/bin/../lib/gcc/arm-none-eabi/5.2.1/../../../../arm-none-eabi/lib/armv7-m\libcr_c.a
LOAD c:/nxp/lpcxpresso_8.1.2_603/lpcxpresso/tools/bin/../lib/gcc/arm-none-eabi/5.2.1/armv7-m\libcr_eabihelpers.a
END GROUP
                0x00000000                __base_MFlash512 = 0x0
                0x00000000                __base_Flash = 0x0
                0x00080000                __top_MFlash512 = 0x80000
                0x00080000                __top_Flash = 0x80000
                0x10000000                __base_RamLoc32 = 0x10000000
                0x10000000                __base_RAM = 0x10000000
                0x10008000                __top_RamLoc32 = 0x10008000
                0x10008000                __top_RAM = 0x10008000
                0x2007c000                __base_RamAHB32 = 0x2007c000
                0x2007c000                __base_RAM2 = 0x2007c000
                0x20084000                __top_RamAHB32 = 0x20084000
                0x20084000                __top_RAM2 = 0x20084000

.text           0x00000000     0x242c
 FILL mask 0xff
                0x00000000                __vectors_start__ = ABSOLUTE (.)
 *(.isr_vector)
 .isr_vector    0x00000000       0xcc ./cr_startup_lpc17.o
                0x00000000                g_pfnVectors
                0x000000cc                . = ALIGN (0x4)
                0x000000cc                __section_table_start = .
                0x000000cc                __data_section_table = .
                0x000000cc        0x4 LONG 0x242c LOADADDR (.data)
                0x000000d0        0x4 LONG 0x10000000 ADDR (.data)
                0x000000d4        0x4 LONG 0x10 SIZEOF (.data)
                0x000000d8        0x4 LONG 0x242c LOADADDR (.data_RAM2)
                0x000000dc        0x4 LONG 0x2007c000 ADDR (.data_RAM2)
                0x000000e0        0x4 LONG 0x0 SIZEOF (.data_RAM2)
                0x000000e4                __data_section_table_end = .
                0x000000e4                __bss_section_table = .
                0x000000e4        0x4 LONG 0x10000010 ADDR (.bss)
                0x000000e8        0x4 LONG 0x2a80 SIZEOF (.bss)
                0x000000ec        0x4 LONG 0x2007c000 ADDR (.bss_RAM2)
                0x000000f0        0x4 LONG 0x0 SIZEOF (.bss_RAM2)
                0x000000f4                __bss_section_table_end = .
                0x000000f4                __section_table_end = .
 *(.after_vectors*)
 *(.text*)
 .text.initPWM  0x000000f4       0x84 ./PWM.o
                0x000000f4                initPWM
 .text.setPWMspeed
                0x00000178       0x24 ./PWM.o
                0x00000178                setPWMspeed
 .text.stepperInit
                0x0000019c       0x4c ./StepperMotor.o
                0x0000019c                stepperInit
 .text.stepperTurnF
                0x000001e8       0xcc ./StepperMotor.o
                0x000001e8                stepperTurnF
 .text.stepperTurnR
                0x000002b4       0xcc ./StepperMotor.o
                0x000002b4                stepperTurnR
 .text.NMI_Handler
                0x00000380        0x4 ./cr_startup_lpc17.o
                0x00000380                NMI_Handler
 .text.HardFault_Handler
                0x00000384        0x4 ./cr_startup_lpc17.o
                0x00000384                HardFault_Handler
 .text.MemManage_Handler
                0x00000388        0x4 ./cr_startup_lpc17.o
                0x00000388                MemManage_Handler
 .text.BusFault_Handler
                0x0000038c        0x4 ./cr_startup_lpc17.o
                0x0000038c                BusFault_Handler
 .text.UsageFault_Handler
                0x00000390        0x4 ./cr_startup_lpc17.o
                0x00000390                UsageFault_Handler
 .text.DebugMon_Handler
                0x00000394        0x4 ./cr_startup_lpc17.o
                0x00000394                DebugMon_Handler
 .text.IntDefaultHandler
                0x00000398        0x4 ./cr_startup_lpc17.o
                0x00000398                TIMER2_IRQHandler
                0x00000398                RIT_IRQHandler
                0x00000398                I2C0_IRQHandler
                0x00000398                USBActivity_IRQHandler
                0x00000398                PWM1_IRQHandler
                0x00000398                I2C1_IRQHandler
                0x00000398                EINT2_IRQHandler
                0x00000398                UART1_IRQHandler
                0x00000398                EINT3_IRQHandler
                0x00000398                CANActivity_IRQHandler
                0x00000398                TIMER3_IRQHandler
                0x00000398                UART0_IRQHandler
                0x00000398                IntDefaultHandler
                0x00000398                PLL0_IRQHandler
                0x00000398                CAN_IRQHandler
                0x00000398                PLL1_IRQHandler
                0x00000398                SSP0_IRQHandler
                0x00000398                I2S_IRQHandler
                0x00000398                I2C2_IRQHandler
                0x00000398                RTC_IRQHandler
                0x00000398                TIMER0_IRQHandler
                0x00000398                SPI_IRQHandler
                0x00000398                EINT1_IRQHandler
                0x00000398                TIMER1_IRQHandler
                0x00000398                UART2_IRQHandler
                0x00000398                ADC_IRQHandler
                0x00000398                SSP1_IRQHandler
                0x00000398                USB_IRQHandler
                0x00000398                BOD_IRQHandler
                0x00000398                WDT_IRQHandler
                0x00000398                QEI_IRQHandler
                0x00000398                EINT0_IRQHandler
                0x00000398                DMA_IRQHandler
                0x00000398                UART3_IRQHandler
                0x00000398                MCPWM_IRQHandler
                0x00000398                ENET_IRQHandler
 .text.ResetISR
                0x0000039c       0x58 ./cr_startup_lpc17.o
                0x0000039c                ResetISR
 .text.main     0x000003f4       0x48 ./main.o
                0x000003f4                main
 .text.read     0x0000043c       0x14 ./main.o
                0x0000043c                read
 .text.BluetoothTask
                0x00000450      0x16c ./main.o
                0x00000450                BluetoothTask
 .text.vApplicationMallocFailedHook
                0x000005bc        0x4 ./main.o
                0x000005bc                vApplicationMallocFailedHook
 .text.vApplicationStackOverflowHook
                0x000005c0        0x4 ./main.o
                0x000005c0                vApplicationStackOverflowHook
 .text.vApplicationIdleHook
                0x000005c4        0x4 ./main.o
                0x000005c4                vApplicationIdleHook
 .text.vApplicationTickHook
                0x000005c8        0x4 ./main.o
                0x000005c8                vApplicationTickHook
 .text.SSP_init
                0x000005cc       0x90 ./main.o
                0x000005cc                SSP_init
 .text.is_Tx_not_full
                0x0000065c       0x10 ./main.o
                0x0000065c                is_Tx_not_full
 .text.is_Rx_not_empty
                0x0000066c       0x10 ./main.o
                0x0000066c                is_Rx_not_empty
 .text.is_busy  0x0000067c       0x10 ./main.o
                0x0000067c                is_busy
 .text.SSPSend  0x0000068c       0x74 ./main.o
                0x0000068c                SSPSend
 .text.SSPReceive
                0x00000700       0x68 ./main.o
                0x00000700                SSPReceive
 .text.calc_target.5594
                0x00000768       0x80 ./main.o
 .text.MainBalanceTask
                0x000007e8      0x2b0 ./main.o
                0x000007e8                MainBalanceTask
 .text.SystemInit
                0x00000a98      0x140 C:\Users\Dustin\Documents\Github\CMSISv1p30_LPC17xx\Debug\libCMSISv1p30_LPC17xx.a(system_LPC17xx.o)
                0x00000a98                SystemInit
 .text          0x00000bd8      0x25c C:\Users\Dustin\Documents\Github\FreeRTOS_Library\Debug\libFreeRTOS_Library.a(port.o)
                0x00000bf0                pxPortInitialiseStack
                0x00000c10                vPortSVCHandler
                0x00000c34                vPortYield
                0x00000c4c                ulPortSetInterruptMask
                0x00000c78                vPortEndScheduler
                0x00000c90                vPortEnterCritical
                0x00000cac                vPortClearInterruptMask
                0x00000cb4                vPortExitCritical
                0x00000cd8                xPortPendSVHandler
                0x00000d1c                xPortSysTickHandler
                0x00000d3c                vPortSetupTimerInterrupt
                0x00000d50                xPortStartScheduler
                0x00000dec                vPortValidateInterruptPriority
 .text          0x00000e34      0xc90 C:\Users\Dustin\Documents\Github\FreeRTOS_Library\Debug\libFreeRTOS_Library.a(tasks.o)
                0x00000ed0                xTaskGenericCreate
                0x0000108c                vTaskDelete
                0x00001104                uxTaskPriorityGet
                0x00001120                vTaskPrioritySet
                0x000011d4                vTaskResume
                0x0000123c                xTaskResumeFromISR
                0x000012c8                vTaskStartScheduler
                0x00001314                vTaskEndScheduler
                0x0000132c                vTaskSuspendAll
                0x00001340                xTaskGetTickCount
                0x00001358                xTaskGetTickCountFromISR
                0x00001374                uxTaskGetNumberOfTasks
                0x00001380                xTaskIncrementTick
                0x00001484                xTaskResumeAll
                0x00001558                vTaskDelayUntil
                0x000015cc                vTaskDelay
                0x00001660                vTaskSwitchContext
                0x0000173c                vTaskSuspend
                0x000017bc                vTaskPlaceOnEventList
                0x00001800                vTaskPlaceOnUnorderedEventList
                0x00001858                xTaskRemoveFromEventList
                0x000018d0                xTaskRemoveFromUnorderedEventList
                0x0000193c                vTaskSetTimeOutState
                0x00001958                xTaskCheckForTimeOut
                0x000019c0                vTaskMissedYield
                0x000019d0                xTaskGetCurrentTaskHandle
                0x000019dc                vTaskPriorityInherit
                0x00001a58                vTaskPriorityDisinherit
                0x00001aac                uxTaskResetEventItemValue
 .text          0x00001ac4      0x128 C:\Users\Dustin\Documents\Github\FreeRTOS_Library\Debug\libFreeRTOS_Library.a(heap_2.o)
                0x00001ac4                pvPortMalloc
                0x00001b98                vPortFree
                0x00001bdc                xPortGetFreeHeapSize
                0x00001be8                vPortInitialiseBlocks
 .text          0x00001bec       0x90 C:\Users\Dustin\Documents\Github\FreeRTOS_Library\Debug\libFreeRTOS_Library.a(list.o)
                0x00001bec                vListInitialise
                0x00001c04                vListInitialiseItem
                0x00001c0c                vListInsertEnd
                0x00001c24                vListInsert
                0x00001c58                uxListRemove
 .text.__main   0x00001c7c       0x14 c:/nxp/lpcxpresso_8.1.2_603/lpcxpresso/tools/bin/../lib/gcc/arm-none-eabi/5.2.1/../../../../arm-none-eabi/lib/armv7-m\libcr_semihost.a(_cr__main.o)
                0x00001c7c                __CR_SEMIHOST
                0x00001c7c                __main
 .text.memset   0x00001c90        0x4 c:/nxp/lpcxpresso_8.1.2_603/lpcxpresso/tools/bin/../lib/gcc/arm-none-eabi/5.2.1/../../../../arm-none-eabi/lib/armv7-m\libcr_c.a(memset.o)
                0x00001c90                memset
 .text._initio  0x00001c94       0xa4 c:/nxp/lpcxpresso_8.1.2_603/lpcxpresso/tools/bin/../lib/gcc/arm-none-eabi/5.2.1/../../../../arm-none-eabi/lib/armv7-m\libcr_c.a(initio.o)
                0x00001c94                _initio
 .text.memcmp   0x00001d38       0x42 c:/nxp/lpcxpresso_8.1.2_603/lpcxpresso/tools/bin/../lib/gcc/arm-none-eabi/5.2.1/../../../../arm-none-eabi/lib/armv7-m\libcr_c.a(memcmp.o)
                0x00001d38                memcmp
 *fill*         0x00001d7a        0x2 ff
 .text.setvbuf  0x00001d7c       0x40 c:/nxp/lpcxpresso_8.1.2_603/lpcxpresso/tools/bin/../lib/gcc/arm-none-eabi/5.2.1/../../../../arm-none-eabi/lib/armv7-m\libcr_c.a(setvbuf.o)
                0x00001d7c                setvbuf
 .text.abs      0x00001dbc        0x8 c:/nxp/lpcxpresso_8.1.2_603/lpcxpresso/tools/bin/../lib/gcc/arm-none-eabi/5.2.1/../../../../arm-none-eabi/lib/armv7-m\libcr_c.a(stdlib.o)
                0x00001dbc                abs
 .text._deferredlazyseek
                0x00001dc4       0x44 c:/nxp/lpcxpresso_8.1.2_603/lpcxpresso/tools/bin/../lib/gcc/arm-none-eabi/5.2.1/../../../../arm-none-eabi/lib/armv7-m\libcr_c.a(_deferredlazyseek.o)
                0x00001dc4                _deferredlazyseek
 .text._fdopen  0x00001e08       0x6a c:/nxp/lpcxpresso_8.1.2_603/lpcxpresso/tools/bin/../lib/gcc/arm-none-eabi/5.2.1/../../../../arm-none-eabi/lib/armv7-m\libcr_c.a(_fdopen.o)
                0x00001e08                _fdopen
 .text._fflush  0x00001e72       0x58 c:/nxp/lpcxpresso_8.1.2_603/lpcxpresso/tools/bin/../lib/gcc/arm-none-eabi/5.2.1/../../../../arm-none-eabi/lib/armv7-m\libcr_c.a(_fflush.o)
                0x00001e72                _fflush
 *fill*         0x00001eca        0x2 ff
 .text._Cwritebuf
                0x00001ecc       0x68 c:/nxp/lpcxpresso_8.1.2_603/lpcxpresso/tools/bin/../lib/gcc/arm-none-eabi/5.2.1/../../../../arm-none-eabi/lib/armv7-m\libcr_c.a(_writebuf.o)
                0x00001ecc                _Cwritebuf
 .text.malloc   0x00001f34       0xc8 c:/nxp/lpcxpresso_8.1.2_603/lpcxpresso/tools/bin/../lib/gcc/arm-none-eabi/5.2.1/../../../../arm-none-eabi/lib/armv7-m\libcr_c.a(alloc.o)
                0x00001f34                malloc
 .text.free     0x00001ffc       0x30 c:/nxp/lpcxpresso_8.1.2_603/lpcxpresso/tools/bin/../lib/gcc/arm-none-eabi/5.2.1/../../../../arm-none-eabi/lib/armv7-m\libcr_c.a(alloc.o)
                0x00001ffc                free
 .text._Csys_alloc
                0x0000202c       0x20 c:/nxp/lpcxpresso_8.1.2_603/lpcxpresso/tools/bin/../lib/gcc/arm-none-eabi/5.2.1/../../../../arm-none-eabi/lib/armv7-m\libcr_c.a(alloc.o)
                0x0000202c                _Csys_alloc
 .text.fclose   0x0000204c       0x6c c:/nxp/lpcxpresso_8.1.2_603/lpcxpresso/tools/bin/../lib/gcc/arm-none-eabi/5.2.1/../../../../arm-none-eabi/lib/armv7-m\libcr_c.a(fclose.o)
                0x0000204c                fclose
 .text.fflush   0x000020b8       0x30 c:/nxp/lpcxpresso_8.1.2_603/lpcxpresso/tools/bin/../lib/gcc/arm-none-eabi/5.2.1/../../../../arm-none-eabi/lib/armv7-m\libcr_c.a(fflush.o)
                0x000020b8                fflush
 .text.fseek    0x000020e8      0x110 c:/nxp/lpcxpresso_8.1.2_603/lpcxpresso/tools/bin/../lib/gcc/arm-none-eabi/5.2.1/../../../../arm-none-eabi/lib/armv7-m\libcr_c.a(fseek.o)
                0x000020e8                fseek
 .text.ftell    0x000021f8       0x4c c:/nxp/lpcxpresso_8.1.2_603/lpcxpresso/tools/bin/../lib/gcc/arm-none-eabi/5.2.1/../../../../arm-none-eabi/lib/armv7-m\libcr_c.a(ftell.o)
                0x000021f8                ftell
 .text.remove   0x00002244       0x14 c:/nxp/lpcxpresso_8.1.2_603/lpcxpresso/tools/bin/../lib/gcc/arm-none-eabi/5.2.1/../../../../arm-none-eabi/lib/armv7-m\libcr_c.a(remove.o)
                0x00002244                remove
 .text.strlen   0x00002258       0x4a c:/nxp/lpcxpresso_8.1.2_603/lpcxpresso/tools/bin/../lib/gcc/arm-none-eabi/5.2.1/../../../../arm-none-eabi/lib/armv7-m\libcr_c.a(strlen.o)
                0x00002258                strlen
 *fill*         0x000022a2        0x2 ff
 .text._sbrk    0x000022a4       0x40 c:/nxp/lpcxpresso_8.1.2_603/lpcxpresso/tools/bin/../lib/gcc/arm-none-eabi/5.2.1/../../../../arm-none-eabi/lib/armv7-m\libcr_c.a(_cr_sbrk.o)
                0x000022a4                _sbrk
 .text._do_fflush
                0x000022e4       0x44 c:/nxp/lpcxpresso_8.1.2_603/lpcxpresso/tools/bin/../lib/gcc/arm-none-eabi/5.2.1/../../../../arm-none-eabi/lib/armv7-m\libcr_c.a(_do_fflush.o)
                0x000022e4                _do_fflush
 .text.__check_heap_overflow
                0x00002328       0x18 c:/nxp/lpcxpresso_8.1.2_603/lpcxpresso/tools/bin/../lib/gcc/arm-none-eabi/5.2.1/../../../../arm-none-eabi/lib/armv7-m\libcr_c.a(_cr_check_heap.o)
                0x00002328                __check_heap_overflow
 .text.__aeabi_memset_lowlevel
                0x00002340       0x32 c:/nxp/lpcxpresso_8.1.2_603/lpcxpresso/tools/bin/../lib/gcc/arm-none-eabi/5.2.1/armv7-m\libcr_eabihelpers.a(memcpy.o)
                0x00002340                __aeabi_lowlevel_memset
 *fill*         0x00002372        0x2 ff
 .text.__sys_appexit
                0x00002374        0xc c:/nxp/lpcxpresso_8.1.2_603/lpcxpresso/tools/bin/../lib/gcc/arm-none-eabi/5.2.1/../../../../arm-none-eabi/lib/armv7-m\libcr_semihost.a(__sys_appexit.o)
                0x00002374                __sys_appexit
                0x00002374                __exit
 .text.__sys_close
                0x00002380        0xc c:/nxp/lpcxpresso_8.1.2_603/lpcxpresso/tools/bin/../lib/gcc/arm-none-eabi/5.2.1/../../../../arm-none-eabi/lib/armv7-m\libcr_semihost.a(__sys_close.o)
                0x00002380                __sys_close
 .text.__sys_flen
                0x0000238c        0xc c:/nxp/lpcxpresso_8.1.2_603/lpcxpresso/tools/bin/../lib/gcc/arm-none-eabi/5.2.1/../../../../arm-none-eabi/lib/armv7-m\libcr_semihost.a(__sys_flen.o)
                0x0000238c                __sys_flen
 .text.__sys_istty
                0x00002398        0xc c:/nxp/lpcxpresso_8.1.2_603/lpcxpresso/tools/bin/../lib/gcc/arm-none-eabi/5.2.1/../../../../arm-none-eabi/lib/armv7-m\libcr_semihost.a(__sys_istty.o)
                0x00002398                __sys_istty
 .text.__sys_remove
                0x000023a4        0xc c:/nxp/lpcxpresso_8.1.2_603/lpcxpresso/tools/bin/../lib/gcc/arm-none-eabi/5.2.1/../../../../arm-none-eabi/lib/armv7-m\libcr_semihost.a(__sys_remove.o)
                0x000023a4                __sys_remove
 .text.__sys_seek
                0x000023b0        0xc c:/nxp/lpcxpresso_8.1.2_603/lpcxpresso/tools/bin/../lib/gcc/arm-none-eabi/5.2.1/../../../../arm-none-eabi/lib/armv7-m\libcr_semihost.a(__sys_seek.o)
                0x000023b0                __sys_seek
 .text.__sys_tmpnam
                0x000023bc        0xc c:/nxp/lpcxpresso_8.1.2_603/lpcxpresso/tools/bin/../lib/gcc/arm-none-eabi/5.2.1/../../../../arm-none-eabi/lib/armv7-m\libcr_semihost.a(__sys_tmpnam.o)
                0x000023bc                __sys_tmpnam
 .text.__sys_write
                0x000023c8        0xc c:/nxp/lpcxpresso_8.1.2_603/lpcxpresso/tools/bin/../lib/gcc/arm-none-eabi/5.2.1/../../../../arm-none-eabi/lib/armv7-m\libcr_semihost.a(__sys_write.o)
                0x000023c8                __sys_write
                0x000023c8                __write
 *(.rodata .rodata.* .constdata .constdata.*)
 .rodata.str1.4
                0x000023d4       0x1e ./main.o
 *fill*         0x000023f2        0x2 ff
 .rodata        0x000023f4       0x14 C:\Users\Dustin\Documents\Github\FreeRTOS_Library\Debug\libFreeRTOS_Library.a(tasks.o)
 .rodata.str1.4
                0x00002408        0x8 C:\Users\Dustin\Documents\Github\FreeRTOS_Library\Debug\libFreeRTOS_Library.a(tasks.o)
                                  0x5 (size before relaxing)
 .rodata.str1.1
                0x00002410        0x4 c:/nxp/lpcxpresso_8.1.2_603/lpcxpresso/tools/bin/../lib/gcc/arm-none-eabi/5.2.1/../../../../arm-none-eabi/lib/armv7-m\libcr_c.a(initio.o)
 .rodata.str1.1
                0x00002414       0x18 c:/nxp/lpcxpresso_8.1.2_603/lpcxpresso/tools/bin/../lib/gcc/arm-none-eabi/5.2.1/../../../../arm-none-eabi/lib/armv7-m\libcr_c.a(alloc.o)
                0x0000242c                . = ALIGN (0x4)

.glue_7         0x0000242c        0x0
 .glue_7        0x0000242c        0x0 linker stubs

.glue_7t        0x0000242c        0x0
 .glue_7t       0x0000242c        0x0 linker stubs

.vfp11_veneer   0x0000242c        0x0
 .vfp11_veneer  0x0000242c        0x0 linker stubs

.v4_bx          0x0000242c        0x0
 .v4_bx         0x0000242c        0x0 linker stubs

.iplt           0x0000242c        0x0
 .iplt          0x0000242c        0x0 ./PWM.o

.rel.dyn        0x0000242c        0x0
 .rel.iplt      0x0000242c        0x0 ./PWM.o

.ARM.extab
 *(.ARM.extab* .gnu.linkonce.armextab.*)
                0x0000242c                __exidx_start = .

.ARM.exidx
 *(.ARM.exidx* .gnu.linkonce.armexidx.*)
                0x0000242c                __exidx_end = .
                0x0000242c                _etext = .

.data_RAM2      0x2007c000        0x0 load address 0x0000242c
 FILL mask 0xff
                [!provide]                PROVIDE (__start_data_RAM2, .)
 *(.ramfunc.$RAM2)
 *(.ramfunc.$RamAHB32)
 *(.data.$RAM2*)
 *(.data.$RamAHB32*)
                0x2007c000                . = ALIGN (0x4)
                [!provide]                PROVIDE (__end_data_RAM2, .)

.uninit_RESERVED
                0x10000000        0x0
 *(.bss.$RESERVED*)
                0x10000000                . = ALIGN (0x4)
                0x10000000                _end_uninit_RESERVED = .

.data           0x10000000       0x10 load address 0x0000242c
 FILL mask 0xff
                0x10000000                _data = .
 *(vtable)
 *(.ramfunc*)
 *(.data*)
 .data          0x10000000        0x4 C:\Users\Dustin\Documents\Github\CMSISv1p30_LPC17xx\Debug\libCMSISv1p30_LPC17xx.a(system_LPC17xx.o)
                0x10000000                SystemCoreClock
 .data          0x10000004        0x4 C:\Users\Dustin\Documents\Github\FreeRTOS_Library\Debug\libFreeRTOS_Library.a(port.o)
 .data          0x10000008        0x4 C:\Users\Dustin\Documents\Github\FreeRTOS_Library\Debug\libFreeRTOS_Library.a(tasks.o)
 .data          0x1000000c        0x4 C:\Users\Dustin\Documents\Github\FreeRTOS_Library\Debug\libFreeRTOS_Library.a(heap_2.o)
                0x10000010                . = ALIGN (0x4)
                0x10000010                _edata = .

.igot.plt       0x10000010        0x0 load address 0x0000243c
 .igot.plt      0x10000010        0x0 ./PWM.o

.bss_RAM2       0x2007c000        0x0
                [!provide]                PROVIDE (__start_bss_RAM2, .)
 *(.bss.$RAM2*)
 *(.bss.$RamAHB32*)
                0x2007c000                . = ALIGN ((. != 0x0)?0x4:0x1)
                [!provide]                PROVIDE (__end_bss_RAM2, .)

.bss            0x10000010     0x2a80
                0x10000010                _bss = .
 *(.bss*)
 .bss           0x10000010       0x18 ./main.o
                0x10000010                right
                0x10000014                left
                0x10000018                cent
                0x1000001c                on
                0x10000020                spd
                0x10000024                mtr
 .bss           0x10000028        0x8 C:\Users\Dustin\Documents\Github\FreeRTOS_Library\Debug\libFreeRTOS_Library.a(port.o)
 .bss           0x10000030       0xfc C:\Users\Dustin\Documents\Github\FreeRTOS_Library\Debug\libFreeRTOS_Library.a(tasks.o)
                0x1000005c                pxCurrentTCB
 .bss           0x1000012c     0x2814 C:\Users\Dustin\Documents\Github\FreeRTOS_Library\Debug\libFreeRTOS_Library.a(heap_2.o)
 .bss._extra    0x10002940        0x4 c:/nxp/lpcxpresso_8.1.2_603/lpcxpresso/tools/bin/../lib/gcc/arm-none-eabi/5.2.1/../../../../arm-none-eabi/lib/armv7-m\libcr_c.a(initio.o)
                0x10002940                _extra
 .bss.__Ciob    0x10002944      0x140 c:/nxp/lpcxpresso_8.1.2_603/lpcxpresso/tools/bin/../lib/gcc/arm-none-eabi/5.2.1/../../../../arm-none-eabi/lib/armv7-m\libcr_c.a(stdio.o)
                0x10002944                __Ciob
 .bss.__heaps   0x10002a84        0x4 c:/nxp/lpcxpresso_8.1.2_603/lpcxpresso/tools/bin/../lib/gcc/arm-none-eabi/5.2.1/../../../../arm-none-eabi/lib/armv7-m\libcr_c.a(__init_alloc.o)
                0x10002a84                __heaps
 .bss.__end_of_heap
                0x10002a88        0x4 c:/nxp/lpcxpresso_8.1.2_603/lpcxpresso/tools/bin/../lib/gcc/arm-none-eabi/5.2.1/../../../../arm-none-eabi/lib/armv7-m\libcr_c.a(__init_alloc.o)
                0x10002a88                __end_of_heap
 .bss.errno     0x10002a8c        0x4 c:/nxp/lpcxpresso_8.1.2_603/lpcxpresso/tools/bin/../lib/gcc/arm-none-eabi/5.2.1/../../../../arm-none-eabi/lib/armv7-m\libcr_c.a(errno.o)
                0x10002a8c                errno
 *(COMMON)
                0x10002a90                . = ALIGN (0x4)
                0x10002a90                _ebss = .
                [!provide]                PROVIDE (end, .)

.noinit_RAM2    0x2007c000        0x0
 *(.noinit.$RAM2*)
 *(.noinit.$RamAHB32*)
                0x2007c000                . = ALIGN (0x4)

.noinit         0x10002a90        0x0
                0x10002a90                _noinit = .
 *(.noinit*)
                0x10002a90                . = ALIGN (0x4)
                0x10002a90                _end_noinit = .
                0x10002a90                PROVIDE (_pvHeapStart, DEFINED (__user_heap_base)?__user_heap_base:.)
                0x10008000                PROVIDE (_vStackTop, DEFINED (__user_stack_top)?__user_stack_top:(__top_RamLoc32 - 0x0))
                [!provide]                PROVIDE (__valid_user_code_checksum, (0x0 - ((((((_vStackTop + (ResetISR + 0x1)) + (NMI_Handler + 0x1)) + (HardFault_Handler + 0x1)) + (DEFINED (MemManage_Handler)?MemManage_Handler:0x0 + 0x1)) + (DEFINED (BusFault_Handler)?BusFault_Handler:0x0 + 0x1)) + (DEFINED (UsageFault_Handler)?UsageFault_Handler:0x0 + 0x1))))
OUTPUT(ControlAlgorithmfreeRTOS.axf elf32-littlearm)

.debug_info     0x00000000     0x4c63
 .debug_info    0x00000000      0x61e ./PWM.o
 .debug_info    0x0000061e      0x78c ./StepperMotor.o
 .debug_info    0x00000daa      0x1de ./cr_startup_lpc17.o
 .debug_info    0x00000f88     0x174e ./main.o
 .debug_info    0x000026d6      0x30d C:\Users\Dustin\Documents\Github\CMSISv1p30_LPC17xx\Debug\libCMSISv1p30_LPC17xx.a(system_LPC17xx.o)
 .debug_info    0x000029e3      0x3d4 C:\Users\Dustin\Documents\Github\FreeRTOS_Library\Debug\libFreeRTOS_Library.a(port.o)
 .debug_info    0x00002db7     0x1888 C:\Users\Dustin\Documents\Github\FreeRTOS_Library\Debug\libFreeRTOS_Library.a(tasks.o)
 .debug_info    0x0000463f      0x37c C:\Users\Dustin\Documents\Github\FreeRTOS_Library\Debug\libFreeRTOS_Library.a(heap_2.o)
 .debug_info    0x000049bb      0x2a8 C:\Users\Dustin\Documents\Github\FreeRTOS_Library\Debug\libFreeRTOS_Library.a(list.o)

.debug_abbrev   0x00000000     0x107f
 .debug_abbrev  0x00000000      0x122 ./PWM.o
 .debug_abbrev  0x00000122      0x170 ./StepperMotor.o
 .debug_abbrev  0x00000292       0xe5 ./cr_startup_lpc17.o
 .debug_abbrev  0x00000377      0x482 ./main.o
 .debug_abbrev  0x000007f9       0xe6 C:\Users\Dustin\Documents\Github\CMSISv1p30_LPC17xx\Debug\libCMSISv1p30_LPC17xx.a(system_LPC17xx.o)
 .debug_abbrev  0x000008df      0x1ff C:\Users\Dustin\Documents\Github\FreeRTOS_Library\Debug\libFreeRTOS_Library.a(port.o)
 .debug_abbrev  0x00000ade      0x2c3 C:\Users\Dustin\Documents\Github\FreeRTOS_Library\Debug\libFreeRTOS_Library.a(tasks.o)
 .debug_abbrev  0x00000da1      0x1e5 C:\Users\Dustin\Documents\Github\FreeRTOS_Library\Debug\libFreeRTOS_Library.a(heap_2.o)
 .debug_abbrev  0x00000f86       0xf9 C:\Users\Dustin\Documents\Github\FreeRTOS_Library\Debug\libFreeRTOS_Library.a(list.o)

.debug_loc      0x00000000     0x21a7
 .debug_loc     0x00000000       0x70 ./PWM.o
 .debug_loc     0x00000070      0x4fc ./StepperMotor.o
 .debug_loc     0x0000056c       0x2b ./cr_startup_lpc17.o
 .debug_loc     0x00000597      0x6fb ./main.o
 .debug_loc     0x00000c92       0xa6 C:\Users\Dustin\Documents\Github\FreeRTOS_Library\Debug\libFreeRTOS_Library.a(port.o)
 .debug_loc     0x00000d38     0x118a C:\Users\Dustin\Documents\Github\FreeRTOS_Library\Debug\libFreeRTOS_Library.a(tasks.o)
 .debug_loc     0x00001ec2      0x280 C:\Users\Dustin\Documents\Github\FreeRTOS_Library\Debug\libFreeRTOS_Library.a(heap_2.o)
 .debug_loc     0x00002142       0x65 C:\Users\Dustin\Documents\Github\FreeRTOS_Library\Debug\libFreeRTOS_Library.a(list.o)

.debug_aranges  0x00000000      0x230
 .debug_aranges
                0x00000000       0x30 ./PWM.o
 .debug_aranges
                0x00000030       0x38 ./StepperMotor.o
 .debug_aranges
                0x00000068       0x70 ./cr_startup_lpc17.o
 .debug_aranges
                0x000000d8       0xb0 ./main.o
 .debug_aranges
                0x00000188       0x28 C:\Users\Dustin\Documents\Github\CMSISv1p30_LPC17xx\Debug\libCMSISv1p30_LPC17xx.a(system_LPC17xx.o)
 .debug_aranges
                0x000001b0       0x20 C:\Users\Dustin\Documents\Github\FreeRTOS_Library\Debug\libFreeRTOS_Library.a(port.o)
 .debug_aranges
                0x000001d0       0x20 C:\Users\Dustin\Documents\Github\FreeRTOS_Library\Debug\libFreeRTOS_Library.a(tasks.o)
 .debug_aranges
                0x000001f0       0x20 C:\Users\Dustin\Documents\Github\FreeRTOS_Library\Debug\libFreeRTOS_Library.a(heap_2.o)
 .debug_aranges
                0x00000210       0x20 C:\Users\Dustin\Documents\Github\FreeRTOS_Library\Debug\libFreeRTOS_Library.a(list.o)

.debug_ranges   0x00000000      0x1a8
 .debug_ranges  0x00000000       0x20 ./PWM.o
 .debug_ranges  0x00000020       0x28 ./StepperMotor.o
 .debug_ranges  0x00000048       0x60 ./cr_startup_lpc17.o
 .debug_ranges  0x000000a8       0xa0 ./main.o
 .debug_ranges  0x00000148       0x18 C:\Users\Dustin\Documents\Github\CMSISv1p30_LPC17xx\Debug\libCMSISv1p30_LPC17xx.a(system_LPC17xx.o)
 .debug_ranges  0x00000160       0x48 C:\Users\Dustin\Documents\Github\FreeRTOS_Library\Debug\libFreeRTOS_Library.a(tasks.o)

.debug_macro    0x00000000     0x3dd3
 .debug_macro   0x00000000       0x70 ./PWM.o
 .debug_macro   0x00000070      0x880 ./PWM.o
 .debug_macro   0x000008f0       0x82 ./PWM.o
 .debug_macro   0x00000972       0x10 ./PWM.o
 .debug_macro   0x00000982      0x12d ./PWM.o
 .debug_macro   0x00000aaf      0x5b2 ./PWM.o
 .debug_macro   0x00001061       0x1c ./PWM.o
 .debug_macro   0x0000107d      0x7d5 ./PWM.o
 .debug_macro   0x00001852      0x2c7 ./PWM.o
 .debug_macro   0x00001b19       0xcd ./StepperMotor.o
 .debug_macro   0x00001be6       0x16 ./StepperMotor.o
 .debug_macro   0x00001bfc       0x40 ./StepperMotor.o
 .debug_macro   0x00001c3c       0xd6 ./StepperMotor.o
 .debug_macro   0x00001d12       0xb6 ./StepperMotor.o
 .debug_macro   0x00001dc8       0x12 ./StepperMotor.o
 .debug_macro   0x00001dda       0x1f ./StepperMotor.o
 .debug_macro   0x00001df9      0x35a ./StepperMotor.o
 .debug_macro   0x00002153       0x52 ./cr_startup_lpc17.o
 .debug_macro   0x000021a5      0x14c ./main.o
 .debug_macro   0x000022f1       0xd0 ./main.o
 .debug_macro   0x000023c1       0x79 ./main.o
 .debug_macro   0x0000243a       0x69 ./main.o
 .debug_macro   0x000024a3       0x1c ./main.o
 .debug_macro   0x000024bf       0xc4 ./main.o
 .debug_macro   0x00002583       0x9a ./main.o
 .debug_macro   0x0000261d      0x113 C:\Users\Dustin\Documents\Github\CMSISv1p30_LPC17xx\Debug\libCMSISv1p30_LPC17xx.a(system_LPC17xx.o)
 .debug_macro   0x00002730      0x880 C:\Users\Dustin\Documents\Github\CMSISv1p30_LPC17xx\Debug\libCMSISv1p30_LPC17xx.a(system_LPC17xx.o)
 .debug_macro   0x00002fb0      0x16f C:\Users\Dustin\Documents\Github\FreeRTOS_Library\Debug\libFreeRTOS_Library.a(port.o)
 .debug_macro   0x0000311f      0x874 C:\Users\Dustin\Documents\Github\FreeRTOS_Library\Debug\libFreeRTOS_Library.a(port.o)
 .debug_macro   0x00003993      0x189 C:\Users\Dustin\Documents\Github\FreeRTOS_Library\Debug\libFreeRTOS_Library.a(tasks.o)
 .debug_macro   0x00003b1c       0x28 C:\Users\Dustin\Documents\Github\FreeRTOS_Library\Debug\libFreeRTOS_Library.a(tasks.o)
 .debug_macro   0x00003b44       0x91 C:\Users\Dustin\Documents\Github\FreeRTOS_Library\Debug\libFreeRTOS_Library.a(tasks.o)
 .debug_macro   0x00003bd5       0x17 C:\Users\Dustin\Documents\Github\FreeRTOS_Library\Debug\libFreeRTOS_Library.a(tasks.o)
 .debug_macro   0x00003bec      0x10a C:\Users\Dustin\Documents\Github\FreeRTOS_Library\Debug\libFreeRTOS_Library.a(heap_2.o)
 .debug_macro   0x00003cf6       0xdd C:\Users\Dustin\Documents\Github\FreeRTOS_Library\Debug\libFreeRTOS_Library.a(list.o)

.debug_line     0x00000000     0x1e15
 .debug_line    0x00000000      0x1fd ./PWM.o
 .debug_line    0x000001fd      0x379 ./StepperMotor.o
 .debug_line    0x00000576      0x1fd ./cr_startup_lpc17.o
 .debug_line    0x00000773      0x614 ./main.o
 .debug_line    0x00000d87      0x1e8 C:\Users\Dustin\Documents\Github\CMSISv1p30_LPC17xx\Debug\libCMSISv1p30_LPC17xx.a(system_LPC17xx.o)
 .debug_line    0x00000f6f      0x2fb C:\Users\Dustin\Documents\Github\FreeRTOS_Library\Debug\libFreeRTOS_Library.a(port.o)
 .debug_line    0x0000126a      0x65f C:\Users\Dustin\Documents\Github\FreeRTOS_Library\Debug\libFreeRTOS_Library.a(tasks.o)
 .debug_line    0x000018c9      0x2c8 C:\Users\Dustin\Documents\Github\FreeRTOS_Library\Debug\libFreeRTOS_Library.a(heap_2.o)
 .debug_line    0x00001b91      0x284 C:\Users\Dustin\Documents\Github\FreeRTOS_Library\Debug\libFreeRTOS_Library.a(list.o)

.debug_str      0x00000000     0xdff1
 .debug_str     0x00000000     0x824a ./PWM.o
                               0x82d3 (size before relaxing)
 .debug_str     0x0000824a     0x1fdd ./StepperMotor.o
                               0xa130 (size before relaxing)
 .debug_str     0x0000a227      0x14e ./cr_startup_lpc17.o
                               0x3d75 (size before relaxing)
 .debug_str     0x0000a375     0x14a0 ./main.o
                               0xb711 (size before relaxing)
 .debug_str     0x0000b815      0x3d0 C:\Users\Dustin\Documents\Github\CMSISv1p30_LPC17xx\Debug\libCMSISv1p30_LPC17xx.a(system_LPC17xx.o)
                               0x7ff3 (size before relaxing)
 .debug_str     0x0000bbe5      0x7c7 C:\Users\Dustin\Documents\Github\FreeRTOS_Library\Debug\libFreeRTOS_Library.a(port.o)
                               0xaa9e (size before relaxing)
 .debug_str     0x0000c3ac     0x18c6 C:\Users\Dustin\Documents\Github\FreeRTOS_Library\Debug\libFreeRTOS_Library.a(tasks.o)
                               0xbe96 (size before relaxing)
 .debug_str     0x0000dc72      0x338 C:\Users\Dustin\Documents\Github\FreeRTOS_Library\Debug\libFreeRTOS_Library.a(heap_2.o)
                               0xa7a5 (size before relaxing)
 .debug_str     0x0000dfaa       0x47 C:\Users\Dustin\Documents\Github\FreeRTOS_Library\Debug\libFreeRTOS_Library.a(list.o)
                               0xa149 (size before relaxing)

.comment        0x00000000       0x6e
 .comment       0x00000000       0x6e ./PWM.o
                                 0x6f (size before relaxing)
 .comment       0x0000006e       0x6f ./StepperMotor.o
 .comment       0x0000006e       0x6f ./cr_startup_lpc17.o
 .comment       0x0000006e       0x6f ./main.o
 .comment       0x0000006e       0x6f C:\Users\Dustin\Documents\Github\CMSISv1p30_LPC17xx\Debug\libCMSISv1p30_LPC17xx.a(system_LPC17xx.o)
 .comment       0x0000006e       0x6f C:\Users\Dustin\Documents\Github\FreeRTOS_Library\Debug\libFreeRTOS_Library.a(port.o)
 .comment       0x0000006e       0x6f C:\Users\Dustin\Documents\Github\FreeRTOS_Library\Debug\libFreeRTOS_Library.a(tasks.o)
 .comment       0x0000006e       0x6f C:\Users\Dustin\Documents\Github\FreeRTOS_Library\Debug\libFreeRTOS_Library.a(heap_2.o)
 .comment       0x0000006e       0x6f C:\Users\Dustin\Documents\Github\FreeRTOS_Library\Debug\libFreeRTOS_Library.a(list.o)
 .comment       0x0000006e       0x6f c:/nxp/lpcxpresso_8.1.2_603/lpcxpresso/tools/bin/../lib/gcc/arm-none-eabi/5.2.1/../../../../arm-none-eabi/lib/armv7-m\libcr_semihost.a(_cr__main.o)
 .comment       0x0000006e       0x6f c:/nxp/lpcxpresso_8.1.2_603/lpcxpresso/tools/bin/../lib/gcc/arm-none-eabi/5.2.1/../../../../arm-none-eabi/lib/armv7-m\libcr_c.a(memset.o)
 .comment       0x0000006e       0x6f c:/nxp/lpcxpresso_8.1.2_603/lpcxpresso/tools/bin/../lib/gcc/arm-none-eabi/5.2.1/../../../../arm-none-eabi/lib/armv7-m\libcr_c.a(initio.o)
 .comment       0x0000006e       0x6f c:/nxp/lpcxpresso_8.1.2_603/lpcxpresso/tools/bin/../lib/gcc/arm-none-eabi/5.2.1/../../../../arm-none-eabi/lib/armv7-m\libcr_c.a(memcmp.o)
 .comment       0x0000006e       0x6f c:/nxp/lpcxpresso_8.1.2_603/lpcxpresso/tools/bin/../lib/gcc/arm-none-eabi/5.2.1/../../../../arm-none-eabi/lib/armv7-m\libcr_c.a(setvbuf.o)
 .comment       0x0000006e       0x6f c:/nxp/lpcxpresso_8.1.2_603/lpcxpresso/tools/bin/../lib/gcc/arm-none-eabi/5.2.1/../../../../arm-none-eabi/lib/armv7-m\libcr_c.a(stdio.o)
 .comment       0x0000006e       0x6f c:/nxp/lpcxpresso_8.1.2_603/lpcxpresso/tools/bin/../lib/gcc/arm-none-eabi/5.2.1/../../../../arm-none-eabi/lib/armv7-m\libcr_c.a(stdlib.o)
 .comment       0x0000006e       0x6f c:/nxp/lpcxpresso_8.1.2_603/lpcxpresso/tools/bin/../lib/gcc/arm-none-eabi/5.2.1/../../../../arm-none-eabi/lib/armv7-m\libcr_c.a(_deferredlazyseek.o)
 .comment       0x0000006e       0x6f c:/nxp/lpcxpresso_8.1.2_603/lpcxpresso/tools/bin/../lib/gcc/arm-none-eabi/5.2.1/../../../../arm-none-eabi/lib/armv7-m\libcr_c.a(_fdopen.o)
 .comment       0x0000006e       0x6f c:/nxp/lpcxpresso_8.1.2_603/lpcxpresso/tools/bin/../lib/gcc/arm-none-eabi/5.2.1/../../../../arm-none-eabi/lib/armv7-m\libcr_c.a(_fflush.o)
 .comment       0x0000006e       0x6f c:/nxp/lpcxpresso_8.1.2_603/lpcxpresso/tools/bin/../lib/gcc/arm-none-eabi/5.2.1/../../../../arm-none-eabi/lib/armv7-m\libcr_c.a(_writebuf.o)
 .comment       0x0000006e       0x6f c:/nxp/lpcxpresso_8.1.2_603/lpcxpresso/tools/bin/../lib/gcc/arm-none-eabi/5.2.1/../../../../arm-none-eabi/lib/armv7-m\libcr_c.a(alloc.o)
 .comment       0x0000006e       0x6f c:/nxp/lpcxpresso_8.1.2_603/lpcxpresso/tools/bin/../lib/gcc/arm-none-eabi/5.2.1/../../../../arm-none-eabi/lib/armv7-m\libcr_c.a(fclose.o)
 .comment       0x0000006e       0x6f c:/nxp/lpcxpresso_8.1.2_603/lpcxpresso/tools/bin/../lib/gcc/arm-none-eabi/5.2.1/../../../../arm-none-eabi/lib/armv7-m\libcr_c.a(fflush.o)
 .comment       0x0000006e       0x6f c:/nxp/lpcxpresso_8.1.2_603/lpcxpresso/tools/bin/../lib/gcc/arm-none-eabi/5.2.1/../../../../arm-none-eabi/lib/armv7-m\libcr_c.a(fseek.o)
 .comment       0x0000006e       0x6f c:/nxp/lpcxpresso_8.1.2_603/lpcxpresso/tools/bin/../lib/gcc/arm-none-eabi/5.2.1/../../../../arm-none-eabi/lib/armv7-m\libcr_c.a(ftell.o)
 .comment       0x0000006e       0x6f c:/nxp/lpcxpresso_8.1.2_603/lpcxpresso/tools/bin/../lib/gcc/arm-none-eabi/5.2.1/../../../../arm-none-eabi/lib/armv7-m\libcr_c.a(remove.o)
 .comment       0x0000006e       0x6f c:/nxp/lpcxpresso_8.1.2_603/lpcxpresso/tools/bin/../lib/gcc/arm-none-eabi/5.2.1/../../../../arm-none-eabi/lib/armv7-m\libcr_c.a(strlen.o)
 .comment       0x0000006e       0x6f c:/nxp/lpcxpresso_8.1.2_603/lpcxpresso/tools/bin/../lib/gcc/arm-none-eabi/5.2.1/../../../../arm-none-eabi/lib/armv7-m\libcr_c.a(__init_alloc.o)
 .comment       0x0000006e       0x6f c:/nxp/lpcxpresso_8.1.2_603/lpcxpresso/tools/bin/../lib/gcc/arm-none-eabi/5.2.1/../../../../arm-none-eabi/lib/armv7-m\libcr_c.a(_cr_sbrk.o)
 .comment       0x0000006e       0x6f c:/nxp/lpcxpresso_8.1.2_603/lpcxpresso/tools/bin/../lib/gcc/arm-none-eabi/5.2.1/../../../../arm-none-eabi/lib/armv7-m\libcr_c.a(_do_fflush.o)
 .comment       0x0000006e       0x6f c:/nxp/lpcxpresso_8.1.2_603/lpcxpresso/tools/bin/../lib/gcc/arm-none-eabi/5.2.1/../../../../arm-none-eabi/lib/armv7-m\libcr_c.a(errno.o)
 .comment       0x0000006e       0x6f c:/nxp/lpcxpresso_8.1.2_603/lpcxpresso/tools/bin/../lib/gcc/arm-none-eabi/5.2.1/../../../../arm-none-eabi/lib/armv7-m\libcr_c.a(_cr_check_heap.o)

.ARM.attributes
                0x00000000       0x31
 .ARM.attributes
                0x00000000       0x33 ./PWM.o
 .ARM.attributes
                0x00000033       0x33 ./StepperMotor.o
 .ARM.attributes
                0x00000066       0x33 ./cr_startup_lpc17.o
 .ARM.attributes
                0x00000099       0x33 ./main.o
 .ARM.attributes
                0x000000cc       0x33 C:\Users\Dustin\Documents\Github\CMSISv1p30_LPC17xx\Debug\libCMSISv1p30_LPC17xx.a(system_LPC17xx.o)
 .ARM.attributes
                0x000000ff       0x33 C:\Users\Dustin\Documents\Github\FreeRTOS_Library\Debug\libFreeRTOS_Library.a(port.o)
 .ARM.attributes
                0x00000132       0x33 C:\Users\Dustin\Documents\Github\FreeRTOS_Library\Debug\libFreeRTOS_Library.a(tasks.o)
 .ARM.attributes
                0x00000165       0x33 C:\Users\Dustin\Documents\Github\FreeRTOS_Library\Debug\libFreeRTOS_Library.a(heap_2.o)
 .ARM.attributes
                0x00000198       0x33 C:\Users\Dustin\Documents\Github\FreeRTOS_Library\Debug\libFreeRTOS_Library.a(list.o)
 .ARM.attributes
                0x000001cb       0x33 c:/nxp/lpcxpresso_8.1.2_603/lpcxpresso/tools/bin/../lib/gcc/arm-none-eabi/5.2.1/../../../../arm-none-eabi/lib/armv7-m\libcr_semihost.a(_cr__main.o)
 .ARM.attributes
                0x000001fe       0x33 c:/nxp/lpcxpresso_8.1.2_603/lpcxpresso/tools/bin/../lib/gcc/arm-none-eabi/5.2.1/../../../../arm-none-eabi/lib/armv7-m\libcr_c.a(memset.o)
 .ARM.attributes
                0x00000231       0x33 c:/nxp/lpcxpresso_8.1.2_603/lpcxpresso/tools/bin/../lib/gcc/arm-none-eabi/5.2.1/../../../../arm-none-eabi/lib/armv7-m\libcr_c.a(initio.o)
 .ARM.attributes
                0x00000264       0x33 c:/nxp/lpcxpresso_8.1.2_603/lpcxpresso/tools/bin/../lib/gcc/arm-none-eabi/5.2.1/../../../../arm-none-eabi/lib/armv7-m\libcr_c.a(memcmp.o)
 .ARM.attributes
                0x00000297       0x33 c:/nxp/lpcxpresso_8.1.2_603/lpcxpresso/tools/bin/../lib/gcc/arm-none-eabi/5.2.1/../../../../arm-none-eabi/lib/armv7-m\libcr_c.a(setvbuf.o)
 .ARM.attributes
                0x000002ca       0x33 c:/nxp/lpcxpresso_8.1.2_603/lpcxpresso/tools/bin/../lib/gcc/arm-none-eabi/5.2.1/../../../../arm-none-eabi/lib/armv7-m\libcr_c.a(stdio.o)
 .ARM.attributes
                0x000002fd       0x33 c:/nxp/lpcxpresso_8.1.2_603/lpcxpresso/tools/bin/../lib/gcc/arm-none-eabi/5.2.1/../../../../arm-none-eabi/lib/armv7-m\libcr_c.a(stdlib.o)
 .ARM.attributes
                0x00000330       0x33 c:/nxp/lpcxpresso_8.1.2_603/lpcxpresso/tools/bin/../lib/gcc/arm-none-eabi/5.2.1/../../../../arm-none-eabi/lib/armv7-m\libcr_c.a(_deferredlazyseek.o)
 .ARM.attributes
                0x00000363       0x33 c:/nxp/lpcxpresso_8.1.2_603/lpcxpresso/tools/bin/../lib/gcc/arm-none-eabi/5.2.1/../../../../arm-none-eabi/lib/armv7-m\libcr_c.a(_fdopen.o)
 .ARM.attributes
                0x00000396       0x33 c:/nxp/lpcxpresso_8.1.2_603/lpcxpresso/tools/bin/../lib/gcc/arm-none-eabi/5.2.1/../../../../arm-none-eabi/lib/armv7-m\libcr_c.a(_fflush.o)
 .ARM.attributes
                0x000003c9       0x33 c:/nxp/lpcxpresso_8.1.2_603/lpcxpresso/tools/bin/../lib/gcc/arm-none-eabi/5.2.1/../../../../arm-none-eabi/lib/armv7-m\libcr_c.a(_writebuf.o)
 .ARM.attributes
                0x000003fc       0x33 c:/nxp/lpcxpresso_8.1.2_603/lpcxpresso/tools/bin/../lib/gcc/arm-none-eabi/5.2.1/../../../../arm-none-eabi/lib/armv7-m\libcr_c.a(alloc.o)
 .ARM.attributes
                0x0000042f       0x33 c:/nxp/lpcxpresso_8.1.2_603/lpcxpresso/tools/bin/../lib/gcc/arm-none-eabi/5.2.1/../../../../arm-none-eabi/lib/armv7-m\libcr_c.a(fclose.o)
 .ARM.attributes
                0x00000462       0x33 c:/nxp/lpcxpresso_8.1.2_603/lpcxpresso/tools/bin/../lib/gcc/arm-none-eabi/5.2.1/../../../../arm-none-eabi/lib/armv7-m\libcr_c.a(fflush.o)
 .ARM.attributes
                0x00000495       0x33 c:/nxp/lpcxpresso_8.1.2_603/lpcxpresso/tools/bin/../lib/gcc/arm-none-eabi/5.2.1/../../../../arm-none-eabi/lib/armv7-m\libcr_c.a(fseek.o)
 .ARM.attributes
                0x000004c8       0x33 c:/nxp/lpcxpresso_8.1.2_603/lpcxpresso/tools/bin/../lib/gcc/arm-none-eabi/5.2.1/../../../../arm-none-eabi/lib/armv7-m\libcr_c.a(ftell.o)
 .ARM.attributes
                0x000004fb       0x33 c:/nxp/lpcxpresso_8.1.2_603/lpcxpresso/tools/bin/../lib/gcc/arm-none-eabi/5.2.1/../../../../arm-none-eabi/lib/armv7-m\libcr_c.a(remove.o)
 .ARM.attributes
                0x0000052e       0x33 c:/nxp/lpcxpresso_8.1.2_603/lpcxpresso/tools/bin/../lib/gcc/arm-none-eabi/5.2.1/../../../../arm-none-eabi/lib/armv7-m\libcr_c.a(strlen.o)
 .ARM.attributes
                0x00000561       0x33 c:/nxp/lpcxpresso_8.1.2_603/lpcxpresso/tools/bin/../lib/gcc/arm-none-eabi/5.2.1/../../../../arm-none-eabi/lib/armv7-m\libcr_c.a(__init_alloc.o)
 .ARM.attributes
                0x00000594       0x33 c:/nxp/lpcxpresso_8.1.2_603/lpcxpresso/tools/bin/../lib/gcc/arm-none-eabi/5.2.1/../../../../arm-none-eabi/lib/armv7-m\libcr_c.a(_cr_sbrk.o)
 .ARM.attributes
                0x000005c7       0x33 c:/nxp/lpcxpresso_8.1.2_603/lpcxpresso/tools/bin/../lib/gcc/arm-none-eabi/5.2.1/../../../../arm-none-eabi/lib/armv7-m\libcr_c.a(_do_fflush.o)
 .ARM.attributes
                0x000005fa       0x33 c:/nxp/lpcxpresso_8.1.2_603/lpcxpresso/tools/bin/../lib/gcc/arm-none-eabi/5.2.1/../../../../arm-none-eabi/lib/armv7-m\libcr_c.a(errno.o)
 .ARM.attributes
                0x0000062d       0x33 c:/nxp/lpcxpresso_8.1.2_603/lpcxpresso/tools/bin/../lib/gcc/arm-none-eabi/5.2.1/../../../../arm-none-eabi/lib/armv7-m\libcr_c.a(_cr_check_heap.o)
 .ARM.attributes
                0x00000660       0x21 c:/nxp/lpcxpresso_8.1.2_603/lpcxpresso/tools/bin/../lib/gcc/arm-none-eabi/5.2.1/armv7-m\libcr_eabihelpers.a(memcpy.o)
 .ARM.attributes
                0x00000681       0x21 c:/nxp/lpcxpresso_8.1.2_603/lpcxpresso/tools/bin/../lib/gcc/arm-none-eabi/5.2.1/../../../../arm-none-eabi/lib/armv7-m\libcr_semihost.a(__sys_appexit.o)
 .ARM.attributes
                0x000006a2       0x21 c:/nxp/lpcxpresso_8.1.2_603/lpcxpresso/tools/bin/../lib/gcc/arm-none-eabi/5.2.1/../../../../arm-none-eabi/lib/armv7-m\libcr_semihost.a(__sys_close.o)
 .ARM.attributes
                0x000006c3       0x21 c:/nxp/lpcxpresso_8.1.2_603/lpcxpresso/tools/bin/../lib/gcc/arm-none-eabi/5.2.1/../../../../arm-none-eabi/lib/armv7-m\libcr_semihost.a(__sys_flen.o)
 .ARM.attributes
                0x000006e4       0x21 c:/nxp/lpcxpresso_8.1.2_603/lpcxpresso/tools/bin/../lib/gcc/arm-none-eabi/5.2.1/../../../../arm-none-eabi/lib/armv7-m\libcr_semihost.a(__sys_istty.o)
 .ARM.attributes
                0x00000705       0x21 c:/nxp/lpcxpresso_8.1.2_603/lpcxpresso/tools/bin/../lib/gcc/arm-none-eabi/5.2.1/../../../../arm-none-eabi/lib/armv7-m\libcr_semihost.a(__sys_remove.o)
 .ARM.attributes
                0x00000726       0x21 c:/nxp/lpcxpresso_8.1.2_603/lpcxpresso/tools/bin/../lib/gcc/arm-none-eabi/5.2.1/../../../../arm-none-eabi/lib/armv7-m\libcr_semihost.a(__sys_seek.o)
 .ARM.attributes
                0x00000747       0x21 c:/nxp/lpcxpresso_8.1.2_603/lpcxpresso/tools/bin/../lib/gcc/arm-none-eabi/5.2.1/../../../../arm-none-eabi/lib/armv7-m\libcr_semihost.a(__sys_tmpnam.o)
 .ARM.attributes
                0x00000768       0x21 c:/nxp/lpcxpresso_8.1.2_603/lpcxpresso/tools/bin/../lib/gcc/arm-none-eabi/5.2.1/../../../../arm-none-eabi/lib/armv7-m\libcr_semihost.a(__sys_write.o)

.debug_frame    0x00000000      0x91c
 .debug_frame   0x00000000       0x54 ./PWM.o
 .debug_frame   0x00000054       0x70 ./StepperMotor.o
 .debug_frame   0x000000c4       0xc8 ./cr_startup_lpc17.o
 .debug_frame   0x0000018c      0x1b0 ./main.o
 .debug_frame   0x0000033c       0x64 C:\Users\Dustin\Documents\Github\CMSISv1p30_LPC17xx\Debug\libCMSISv1p30_LPC17xx.a(system_LPC17xx.o)
 .debug_frame   0x000003a0      0x138 C:\Users\Dustin\Documents\Github\FreeRTOS_Library\Debug\libFreeRTOS_Library.a(port.o)
 .debug_frame   0x000004d8      0x368 C:\Users\Dustin\Documents\Github\FreeRTOS_Library\Debug\libFreeRTOS_Library.a(tasks.o)
 .debug_frame   0x00000840       0x70 C:\Users\Dustin\Documents\Github\FreeRTOS_Library\Debug\libFreeRTOS_Library.a(heap_2.o)
 .debug_frame   0x000008b0       0x6c C:\Users\Dustin\Documents\Github\FreeRTOS_Library\Debug\libFreeRTOS_Library.a(list.o)
