Archive member included to satisfy reference by file (symbol)

C:\Users\Dustin\Documents\Github\CMSISv1p30_LPC17xx\Debug\libCMSISv1p30_LPC17xx.a(system_LPC17xx.o)
                              ./main.o (SystemCoreClock)
C:\Users\Dustin\Documents\Github\FreeRTOS_Library\Debug\libFreeRTOS_Library.a(port.o)
                              ./cr_startup_lpc17.o (vPortSVCHandler)
C:\Users\Dustin\Documents\Github\FreeRTOS_Library\Debug\libFreeRTOS_Library.a(basic_io.o)
                              ./main.o (vPrintString)
C:\Users\Dustin\Documents\Github\FreeRTOS_Library\Debug\libFreeRTOS_Library.a(consoleprint.o)
                              C:\Users\Dustin\Documents\Github\FreeRTOS_Library\Debug\libFreeRTOS_Library.a(basic_io.o) (consoleprint)
C:\Users\Dustin\Documents\Github\FreeRTOS_Library\Debug\libFreeRTOS_Library.a(tasks.o)
                              ./main.o (xTaskGenericCreate)
C:\Users\Dustin\Documents\Github\FreeRTOS_Library\Debug\libFreeRTOS_Library.a(heap_2.o)
                              C:\Users\Dustin\Documents\Github\FreeRTOS_Library\Debug\libFreeRTOS_Library.a(tasks.o) (pvPortMalloc)
C:\Users\Dustin\Documents\Github\FreeRTOS_Library\Debug\libFreeRTOS_Library.a(list.o)
                              C:\Users\Dustin\Documents\Github\FreeRTOS_Library\Debug\libFreeRTOS_Library.a(tasks.o) (vListInitialise)
c:/nxp/lpcxpresso_8.1.2_603/lpcxpresso/tools/bin/../lib/gcc/arm-none-eabi/5.2.1/../../../../arm-none-eabi/lib/armv7-m\libcr_semihost.a(__sys_write.o)
                              C:\Users\Dustin\Documents\Github\FreeRTOS_Library\Debug\libFreeRTOS_Library.a(consoleprint.o) (__write)
c:/nxp/lpcxpresso_8.1.2_603/lpcxpresso/tools/bin/../lib/gcc/arm-none-eabi/5.2.1/../../../../arm-none-eabi/lib/armv7-m\libcr_semihost.a(_cr__main.o)
                              ./cr_startup_lpc17.o (__main)
c:/nxp/lpcxpresso_8.1.2_603/lpcxpresso/tools/bin/../lib/gcc/arm-none-eabi/5.2.1/../../../../arm-none-eabi/lib/armv7-m\libcr_c.a(memset.o)
                              C:\Users\Dustin\Documents\Github\FreeRTOS_Library\Debug\libFreeRTOS_Library.a(tasks.o) (memset)
c:/nxp/lpcxpresso_8.1.2_603/lpcxpresso/tools/bin/../lib/gcc/arm-none-eabi/5.2.1/../../../../arm-none-eabi/lib/armv7-m\libcr_c.a(fpprintf.o)
                              C:\Users\Dustin\Documents\Github\FreeRTOS_Library\Debug\libFreeRTOS_Library.a(basic_io.o) (sprintf)
c:/nxp/lpcxpresso_8.1.2_603/lpcxpresso/tools/bin/../lib/gcc/arm-none-eabi/5.2.1/../../../../arm-none-eabi/lib/armv7-m\libcr_c.a(initio.o)
                              c:/nxp/lpcxpresso_8.1.2_603/lpcxpresso/tools/bin/../lib/gcc/arm-none-eabi/5.2.1/../../../../arm-none-eabi/lib/armv7-m\libcr_semihost.a(_cr__main.o) (_initio)
c:/nxp/lpcxpresso_8.1.2_603/lpcxpresso/tools/bin/../lib/gcc/arm-none-eabi/5.2.1/../../../../arm-none-eabi/lib/armv7-m\libcr_c.a(memcmp.o)
                              C:\Users\Dustin\Documents\Github\FreeRTOS_Library\Debug\libFreeRTOS_Library.a(tasks.o) (memcmp)
c:/nxp/lpcxpresso_8.1.2_603/lpcxpresso/tools/bin/../lib/gcc/arm-none-eabi/5.2.1/../../../../arm-none-eabi/lib/armv7-m\libcr_c.a(printf.o)
                              c:/nxp/lpcxpresso_8.1.2_603/lpcxpresso/tools/bin/../lib/gcc/arm-none-eabi/5.2.1/../../../../arm-none-eabi/lib/armv7-m\libcr_c.a(fpprintf.o) (__vfprintf)
c:/nxp/lpcxpresso_8.1.2_603/lpcxpresso/tools/bin/../lib/gcc/arm-none-eabi/5.2.1/../../../../arm-none-eabi/lib/armv7-m\libcr_c.a(setvbuf.o)
                              c:/nxp/lpcxpresso_8.1.2_603/lpcxpresso/tools/bin/../lib/gcc/arm-none-eabi/5.2.1/../../../../arm-none-eabi/lib/armv7-m\libcr_c.a(initio.o) (setvbuf)
c:/nxp/lpcxpresso_8.1.2_603/lpcxpresso/tools/bin/../lib/gcc/arm-none-eabi/5.2.1/../../../../arm-none-eabi/lib/armv7-m\libcr_c.a(stdio.o)
                              c:/nxp/lpcxpresso_8.1.2_603/lpcxpresso/tools/bin/../lib/gcc/arm-none-eabi/5.2.1/../../../../arm-none-eabi/lib/armv7-m\libcr_c.a(fpprintf.o) (__Ciob)
c:/nxp/lpcxpresso_8.1.2_603/lpcxpresso/tools/bin/../lib/gcc/arm-none-eabi/5.2.1/../../../../arm-none-eabi/lib/armv7-m\libcr_c.a(stdlib.o)
                              ./main.o (abs)
c:/nxp/lpcxpresso_8.1.2_603/lpcxpresso/tools/bin/../lib/gcc/arm-none-eabi/5.2.1/../../../../arm-none-eabi/lib/armv7-m\libcr_c.a(strcpy.o)
                              C:\Users\Dustin\Documents\Github\FreeRTOS_Library\Debug\libFreeRTOS_Library.a(basic_io.o) (strcpy)
c:/nxp/lpcxpresso_8.1.2_603/lpcxpresso/tools/bin/../lib/gcc/arm-none-eabi/5.2.1/../../../../arm-none-eabi/lib/armv7-m\libcr_c.a(strlen.o)
                              C:\Users\Dustin\Documents\Github\FreeRTOS_Library\Debug\libFreeRTOS_Library.a(consoleprint.o) (strlen)
c:/nxp/lpcxpresso_8.1.2_603/lpcxpresso/tools/bin/../lib/gcc/arm-none-eabi/5.2.1/../../../../arm-none-eabi/lib/armv7-m\libcr_c.a(__fillbuf.o)
                              c:/nxp/lpcxpresso_8.1.2_603/lpcxpresso/tools/bin/../lib/gcc/arm-none-eabi/5.2.1/../../../../arm-none-eabi/lib/armv7-m\libcr_c.a(stdio.o) (__filbuf)
[...]
Memory Configuration

Name             Origin             Length             Attributes
MFlash512        0x00000000         0x00080000         xr
RamLoc32         0x10000000         0x00008000         xrw
RamAHB32         0x2007c000         0x00008000         xrw
*default*        0x00000000         0xffffffff

Linker script and memory map

LOAD ./PWM.o
LOAD ./StepperMotor.o
LOAD ./cr_startup_lpc17.o
LOAD ./main.o
LOAD C:\Users\Dustin\Documents\Github\CMSISv1p30_LPC17xx\Debug\libCMSISv1p30_LPC17xx.a
LOAD C:\Users\Dustin\Documents\Github\FreeRTOS_Library\Debug\libFreeRTOS_Library.a
START GROUP
LOAD c:/nxp/lpcxpresso_8.1.2_603/lpcxpresso/tools/bin/../lib/gcc/arm-none-eabi/5.2.1/../../../../arm-none-eabi/lib/armv7-m\libcr_semihost.a
LOAD c:/nxp/lpcxpresso_8.1.2_603/lpcxpresso/tools/bin/../lib/gcc/arm-none-eabi/5.2.1/../../../../arm-none-eabi/lib/armv7-m\libcr_c.a
LOAD c:/nxp/lpcxpresso_8.1.2_603/lpcxpresso/tools/bin/../lib/gcc/arm-none-eabi/5.2.1/armv7-m\libcr_eabihelpers.a
END GROUP
                0x00000000                __base_MFlash512 = 0x0
                0x00000000                __base_Flash = 0x0
                0x00080000                __top_MFlash512 = 0x80000
                0x00080000                __top_Flash = 0x80000
                0x10000000                __base_RamLoc32 = 0x10000000
                0x10000000                __base_RAM = 0x10000000
                0x10008000                __top_RamLoc32 = 0x10008000
                0x10008000                __top_RAM = 0x10008000
                0x2007c000                __base_RamAHB32 = 0x2007c000
                0x2007c000                __base_RAM2 = 0x2007c000
                0x20084000                __top_RamAHB32 = 0x20084000
                0x20084000                __top_RAM2 = 0x20084000

.text           0x00000000     0x4228
 FILL mask 0xff
                0x00000000                __vectors_start__ = ABSOLUTE (.)
 *(.isr_vector)
 .isr_vector    0x00000000       0xcc ./cr_startup_lpc17.o
                0x00000000                g_pfnVectors
                0x000000cc                . = ALIGN (0x4)
                0x000000cc                __section_table_start = .
                0x000000cc                __data_section_table = .
                0x000000cc        0x4 LONG 0x4228 LOADADDR (.data)
                0x000000d0        0x4 LONG 0x10000000 ADDR (.data)
                0x000000d4        0x4 LONG 0x10 SIZEOF (.data)
                0x000000d8        0x4 LONG 0x4228 LOADADDR (.data_RAM2)
                0x000000dc        0x4 LONG 0x2007c000 ADDR (.data_RAM2)
                0x000000e0        0x4 LONG 0x0 SIZEOF (.data_RAM2)
                0x000000e4                __data_section_table_end = .
                0x000000e4                __bss_section_table = .
                0x000000e4        0x4 LONG 0x10000010 ADDR (.bss)
                0x000000e8        0x4 LONG 0x2a84 SIZEOF (.bss)
                0x000000ec        0x4 LONG 0x2007c000 ADDR (.bss_RAM2)
                0x000000f0        0x4 LONG 0x0 SIZEOF (.bss_RAM2)
                0x000000f4                __bss_section_table_end = .
                0x000000f4                __section_table_end = .
 *(.after_vectors*)
 *(.text*)
 .text.initPWM  0x000000f4       0x84 ./PWM.o
                0x000000f4                initPWM
 .text.setPWMspeed
                0x00000178       0x24 ./PWM.o
                0x00000178                setPWMspeed
 .text.stepperTurnF
                0x0000019c       0xcc ./StepperMotor.o
                0x0000019c                stepperTurnF
 .text.stepperTurnR
                0x00000268       0xcc ./StepperMotor.o
                0x00000268                stepperTurnR
 .text.NMI_Handler
                0x00000334        0x4 ./cr_startup_lpc17.o
                0x00000334                NMI_Handler
 .text.HardFault_Handler
                0x00000338        0x4 ./cr_startup_lpc17.o
                0x00000338                HardFault_Handler
 .text.MemManage_Handler
                0x0000033c        0x4 ./cr_startup_lpc17.o
                0x0000033c                MemManage_Handler
 .text.BusFault_Handler
                0x00000340        0x4 ./cr_startup_lpc17.o
                0x00000340                BusFault_Handler
 .text.UsageFault_Handler
                0x00000344        0x4 ./cr_startup_lpc17.o
                0x00000344                UsageFault_Handler
 .text.DebugMon_Handler
                0x00000348        0x4 ./cr_startup_lpc17.o
                0x00000348                DebugMon_Handler
 .text.IntDefaultHandler
                0x0000034c        0x4 ./cr_startup_lpc17.o
                0x0000034c                TIMER2_IRQHandler
                0x0000034c                RIT_IRQHandler
                0x0000034c                I2C0_IRQHandler
                0x0000034c                USBActivity_IRQHandler
                0x0000034c                PWM1_IRQHandler
                0x0000034c                I2C1_IRQHandler
                0x0000034c                EINT2_IRQHandler
                0x0000034c                UART1_IRQHandler
                0x0000034c                EINT3_IRQHandler
                0x0000034c                CANActivity_IRQHandler
                0x0000034c                TIMER3_IRQHandler
                0x0000034c                UART0_IRQHandler
                0x0000034c                IntDefaultHandler
                0x0000034c                PLL0_IRQHandler
                0x0000034c                CAN_IRQHandler
                0x0000034c                PLL1_IRQHandler
                0x0000034c                SSP0_IRQHandler
                0x0000034c                I2S_IRQHandler
                0x0000034c                I2C2_IRQHandler
                0x0000034c                RTC_IRQHandler
                0x0000034c                TIMER0_IRQHandler
                0x0000034c                SPI_IRQHandler
                0x0000034c                EINT1_IRQHandler
                0x0000034c                TIMER1_IRQHandler
                0x0000034c                UART2_IRQHandler
                0x0000034c                ADC_IRQHandler
                0x0000034c                SSP1_IRQHandler
                0x0000034c                USB_IRQHandler
                0x0000034c                BOD_IRQHandler
                0x0000034c                WDT_IRQHandler
                0x0000034c                QEI_IRQHandler
                0x0000034c                EINT0_IRQHandler
                0x0000034c                DMA_IRQHandler
                0x0000034c                UART3_IRQHandler
                0x0000034c                MCPWM_IRQHandler
                0x0000034c                ENET_IRQHandler
 .text.ResetISR
                0x00000350       0x58 ./cr_startup_lpc17.o
                0x00000350                ResetISR
 .text.vTask5   0x000003a8      0x188 ./main.o
                0x000003a8                vTask5
 .text.main     0x00000530       0x54 ./main.o
                0x00000530                main
 .text.read     0x00000584       0x14 ./main.o
                0x00000584                read
 .text.vTask4   0x00000598      0x16c ./main.o
                0x00000598                vTask4
 .text.vApplicationMallocFailedHook
                0x00000704        0x4 ./main.o
                0x00000704                vApplicationMallocFailedHook
 .text.vApplicationStackOverflowHook
                0x00000708        0x4 ./main.o
                0x00000708                vApplicationStackOverflowHook
 .text.vApplicationIdleHook
                0x0000070c        0x4 ./main.o
                0x0000070c                vApplicationIdleHook
 .text.vApplicationTickHook
                0x00000710        0x4 ./main.o
                0x00000710                vApplicationTickHook
 .text.SystemInit
                0x00000714      0x140 C:\Users\Dustin\Documents\Github\CMSISv1p30_LPC17xx\Debug\libCMSISv1p30_LPC17xx.a(system_LPC17xx.o)
                0x00000714                SystemInit
 .text          0x00000854      0x25c C:\Users\Dustin\Documents\Github\FreeRTOS_Library\Debug\libFreeRTOS_Library.a(port.o)
                0x0000086c                pxPortInitialiseStack
                0x0000088c                vPortSVCHandler
                0x000008b0                vPortYield
                0x000008c8                ulPortSetInterruptMask
                0x000008f4                vPortEndScheduler
                0x0000090c                vPortEnterCritical
                0x00000928                vPortClearInterruptMask
                0x00000930                vPortExitCritical
                0x00000954                xPortPendSVHandler
                0x00000998                xPortSysTickHandler
                0x000009b8                vPortSetupTimerInterrupt
                0x000009cc                xPortStartScheduler
                0x00000a68                vPortValidateInterruptPriority
 .text          0x00000ab0      0xc90 C:\Users\Dustin\Documents\Github\FreeRTOS_Library\Debug\libFreeRTOS_Library.a(tasks.o)
                0x00000b4c                xTaskGenericCreate
                0x00000d08                vTaskDelete
                0x00000d80                uxTaskPriorityGet
                0x00000d9c                vTaskPrioritySet
                0x00000e50                vTaskResume
                0x00000eb8                xTaskResumeFromISR
                0x00000f44                vTaskStartScheduler
                0x00000f90                vTaskEndScheduler
                0x00000fa8                vTaskSuspendAll
                0x00000fbc                xTaskGetTickCount
                0x00000fd4                xTaskGetTickCountFromISR
                0x00000ff0                uxTaskGetNumberOfTasks
                0x00000ffc                xTaskIncrementTick
                0x00001100                xTaskResumeAll
                0x000011d4                vTaskDelayUntil
                0x00001248                vTaskDelay
                0x000012dc                vTaskSwitchContext
                0x000013b8                vTaskSuspend
                0x00001438                vTaskPlaceOnEventList
                0x0000147c                vTaskPlaceOnUnorderedEventList
                0x000014d4                xTaskRemoveFromEventList
                0x0000154c                xTaskRemoveFromUnorderedEventList
                0x000015b8                vTaskSetTimeOutState
                0x000015d4                xTaskCheckForTimeOut
                0x0000163c                vTaskMissedYield
                0x0000164c                xTaskGetCurrentTaskHandle
                0x00001658                vTaskPriorityInherit
                0x000016d4                vTaskPriorityDisinherit
                0x00001728                uxTaskResetEventItemValue
 .text          0x00001740      0x128 C:\Users\Dustin\Documents\Github\FreeRTOS_Library\Debug\libFreeRTOS_Library.a(heap_2.o)
                0x00001740                pvPortMalloc
                0x00001814                vPortFree
                0x00001858                xPortGetFreeHeapSize
                0x00001864                vPortInitialiseBlocks
 .text          0x00001868       0x90 C:\Users\Dustin\Documents\Github\FreeRTOS_Library\Debug\libFreeRTOS_Library.a(list.o)
                0x00001868                vListInitialise
                0x00001880                vListInitialiseItem
                0x00001888                vListInsertEnd
                0x000018a0                vListInsert
                0x000018d4                uxListRemove
 .text.__sys_write
                0x000018f8        0xc c:/nxp/lpcxpresso_8.1.2_603/lpcxpresso/tools/bin/../lib/gcc/arm-none-eabi/5.2.1/../../../../arm-none-eabi/lib/armv7-m\libcr_semihost.a(__sys_write.o)
                0x000018f8                __sys_write
                0x000018f8                __write
 .text.__main   0x00001904       0x14 c:/nxp/lpcxpresso_8.1.2_603/lpcxpresso/tools/bin/../lib/gcc/arm-none-eabi/5.2.1/../../../../arm-none-eabi/lib/armv7-m\libcr_semihost.a(_cr__main.o)
                0x00001904                __CR_SEMIHOST
                0x00001904                __main
 .text.memset   0x00001918        0x4 c:/nxp/lpcxpresso_8.1.2_603/lpcxpresso/tools/bin/../lib/gcc/arm-none-eabi/5.2.1/../../../../arm-none-eabi/lib/armv7-m\libcr_c.a(memset.o)
                0x00001918                memset
 .text.fp_round
                0x0000191c       0x4c c:/nxp/lpcxpresso_8.1.2_603/lpcxpresso/tools/bin/../lib/gcc/arm-none-eabi/5.2.1/../../../../arm-none-eabi/lib/armv7-m\libcr_c.a(fpprintf.o)
 .text.pr_dec.constprop.1
                0x00001968       0x26 c:/nxp/lpcxpresso_8.1.2_603/lpcxpresso/tools/bin/../lib/gcc/arm-none-eabi/5.2.1/../../../../arm-none-eabi/lib/armv7-m\libcr_c.a(fpprintf.o)
 *fill*         0x0000198e        0x2 ff
 .text.sprintf  0x00001990       0x6c c:/nxp/lpcxpresso_8.1.2_603/lpcxpresso/tools/bin/../lib/gcc/arm-none-eabi/5.2.1/../../../../arm-none-eabi/lib/armv7-m\libcr_c.a(fpprintf.o)
                0x00001990                sprintf
 *fill*         0x000019fc        0x4 ff
 .text.fp_display
                0x00001a00      0x8ec c:/nxp/lpcxpresso_8.1.2_603/lpcxpresso/tools/bin/../lib/gcc/arm-none-eabi/5.2.1/../../../../arm-none-eabi/lib/armv7-m\libcr_c.a(fpprintf.o)
 .text.vsnprintf
                0x000022ec       0x5c c:/nxp/lpcxpresso_8.1.2_603/lpcxpresso/tools/bin/../lib/gcc/arm-none-eabi/5.2.1/../../../../arm-none-eabi/lib/armv7-m\libcr_c.a(fpprintf.o)
                0x000022ec                vsnprintf
 .text.printf   0x00002348       0x54 c:/nxp/lpcxpresso_8.1.2_603/lpcxpresso/tools/bin/../lib/gcc/arm-none-eabi/5.2.1/../../../../arm-none-eabi/lib/armv7-m\libcr_c.a(fpprintf.o)
                0x00002348                printf
 .text._initio  0x0000239c       0xa4 c:/nxp/lpcxpresso_8.1.2_603/lpcxpresso/tools/bin/../lib/gcc/arm-none-eabi/5.2.1/../../../../arm-none-eabi/lib/armv7-m\libcr_c.a(initio.o)
                0x0000239c                _initio
 .text.memcmp   0x00002440       0x42 c:/nxp/lpcxpresso_8.1.2_603/lpcxpresso/tools/bin/../lib/gcc/arm-none-eabi/5.2.1/../../../../arm-none-eabi/lib/armv7-m\libcr_c.a(memcmp.o)
                0x00002440                memcmp
 *fill*         0x00002482        0x2 ff
 .text.__vfprintf
                0x00002484      0xd28 c:/nxp/lpcxpresso_8.1.2_603/lpcxpresso/tools/bin/../lib/gcc/arm-none-eabi/5.2.1/../../../../arm-none-eabi/lib/armv7-m\libcr_c.a(printf.o)
                0x00002484                __vfprintf
 .text.setvbuf  0x000031ac       0x40 c:/nxp/lpcxpresso_8.1.2_603/lpcxpresso/tools/bin/../lib/gcc/arm-none-eabi/5.2.1/../../../../arm-none-eabi/lib/armv7-m\libcr_c.a(setvbuf.o)
                0x000031ac                setvbuf
 .text.abs      0x000031ec        0x8 c:/nxp/lpcxpresso_8.1.2_603/lpcxpresso/tools/bin/../lib/gcc/arm-none-eabi/5.2.1/../../../../arm-none-eabi/lib/armv7-m\libcr_c.a(stdlib.o)
                0x000031ec                abs
 .text.strlen   0x000031f4       0x4a c:/nxp/lpcxpresso_8.1.2_603/lpcxpresso/tools/bin/../lib/gcc/arm-none-eabi/5.2.1/../../../../arm-none-eabi/lib/armv7-m\libcr_c.a(strlen.o)
                0x000031f4                strlen
 .text._deferredlazyseek
                0x0000323e       0x44 c:/nxp/lpcxpresso_8.1.2_603/lpcxpresso/tools/bin/../lib/gcc/arm-none-eabi/5.2.1/../../../../arm-none-eabi/lib/armv7-m\libcr_c.a(_deferredlazyseek.o)
                0x0000323e                _deferredlazyseek
 .text.__flsbuf
                0x00003282      0x140 c:/nxp/lpcxpresso_8.1.2_603/lpcxpresso/tools/bin/../lib/gcc/arm-none-eabi/5.2.1/../../../../arm-none-eabi/lib/armv7-m\libcr_c.a(_deferredlazyseek.o)
                0x00003282                __flsbuf
 .text._fdopen  0x000033c2       0x6a c:/nxp/lpcxpresso_8.1.2_603/lpcxpresso/tools/bin/../lib/gcc/arm-none-eabi/5.2.1/../../../../arm-none-eabi/lib/armv7-m\libcr_c.a(_fdopen.o)
                0x000033c2                _fdopen
 .text._fflush  0x0000342c       0x58 c:/nxp/lpcxpresso_8.1.2_603/lpcxpresso/tools/bin/../lib/gcc/arm-none-eabi/5.2.1/../../../../arm-none-eabi/lib/armv7-m\libcr_c.a(_fflush.o)
                0x0000342c                _fflush
 .text._frexpl  0x00003484       0x5a c:/nxp/lpcxpresso_8.1.2_603/lpcxpresso/tools/bin/../lib/gcc/arm-none-eabi/5.2.1/../../../../arm-none-eabi/lib/armv7-m\libcr_c.a(_frexpl.o)
                0x00003484                _frexpl
 *fill*         0x000034de        0x2 ff
 .text._ldexpl  0x000034e0       0x4c c:/nxp/lpcxpresso_8.1.2_603/lpcxpresso/tools/bin/../lib/gcc/arm-none-eabi/5.2.1/../../../../arm-none-eabi/lib/armv7-m\libcr_c.a(_ldexpl.o)
                0x000034e0                _ldexpl
 .text._Cwritebuf
                0x0000352c       0x68 c:/nxp/lpcxpresso_8.1.2_603/lpcxpresso/tools/bin/../lib/gcc/arm-none-eabi/5.2.1/../../../../arm-none-eabi/lib/armv7-m\libcr_c.a(_writebuf.o)
                0x0000352c                _Cwritebuf
 .text.malloc   0x00003594       0xc8 c:/nxp/lpcxpresso_8.1.2_603/lpcxpresso/tools/bin/../lib/gcc/arm-none-eabi/5.2.1/../../../../arm-none-eabi/lib/armv7-m\libcr_c.a(alloc.o)
                0x00003594                malloc
 .text.free     0x0000365c       0x30 c:/nxp/lpcxpresso_8.1.2_603/lpcxpresso/tools/bin/../lib/gcc/arm-none-eabi/5.2.1/../../../../arm-none-eabi/lib/armv7-m\libcr_c.a(alloc.o)
                0x0000365c                free
 .text._Csys_alloc
                0x0000368c       0x20 c:/nxp/lpcxpresso_8.1.2_603/lpcxpresso/tools/bin/../lib/gcc/arm-none-eabi/5.2.1/../../../../arm-none-eabi/lib/armv7-m\libcr_c.a(alloc.o)
                0x0000368c                _Csys_alloc
 .text.fclose   0x000036ac       0x6c c:/nxp/lpcxpresso_8.1.2_603/lpcxpresso/tools/bin/../lib/gcc/arm-none-eabi/5.2.1/../../../../arm-none-eabi/lib/armv7-m\libcr_c.a(fclose.o)
                0x000036ac                fclose
 .text.fflush   0x00003718       0x30 c:/nxp/lpcxpresso_8.1.2_603/lpcxpresso/tools/bin/../lib/gcc/arm-none-eabi/5.2.1/../../../../arm-none-eabi/lib/armv7-m\libcr_c.a(fflush.o)
                0x00003718                fflush
 .text.fseek    0x00003748      0x110 c:/nxp/lpcxpresso_8.1.2_603/lpcxpresso/tools/bin/../lib/gcc/arm-none-eabi/5.2.1/../../../../arm-none-eabi/lib/armv7-m\libcr_c.a(fseek.o)
                0x00003748                fseek
 .text.ftell    0x00003858       0x4c c:/nxp/lpcxpresso_8.1.2_603/lpcxpresso/tools/bin/../lib/gcc/arm-none-eabi/5.2.1/../../../../arm-none-eabi/lib/armv7-m\libcr_c.a(ftell.o)
                0x00003858                ftell
 .text.remove   0x000038a4       0x14 c:/nxp/lpcxpresso_8.1.2_603/lpcxpresso/tools/bin/../lib/gcc/arm-none-eabi/5.2.1/../../../../arm-none-eabi/lib/armv7-m\libcr_c.a(remove.o)
                0x000038a4                remove
 .text._sbrk    0x000038b8       0x40 c:/nxp/lpcxpresso_8.1.2_603/lpcxpresso/tools/bin/../lib/gcc/arm-none-eabi/5.2.1/../../../../arm-none-eabi/lib/armv7-m\libcr_c.a(_cr_sbrk.o)
                0x000038b8                _sbrk
 .text._do_fflush
                0x000038f8       0x44 c:/nxp/lpcxpresso_8.1.2_603/lpcxpresso/tools/bin/../lib/gcc/arm-none-eabi/5.2.1/../../../../arm-none-eabi/lib/armv7-m\libcr_c.a(_do_fflush.o)
                0x000038f8                _do_fflush
 .text.__check_heap_overflow
                0x0000393c       0x18 c:/nxp/lpcxpresso_8.1.2_603/lpcxpresso/tools/bin/../lib/gcc/arm-none-eabi/5.2.1/../../../../arm-none-eabi/lib/armv7-m\libcr_c.a(_cr_check_heap.o)
                0x0000393c                __check_heap_overflow
 .text.__aeabi_dmul
                0x00003954      0x120 c:/nxp/lpcxpresso_8.1.2_603/lpcxpresso/tools/bin/../lib/gcc/arm-none-eabi/5.2.1/armv7-m\libcr_eabihelpers.a(double.o)
                0x00003954                __aeabi_dmul
 .text.__aeabi_ddiv
                0x00003a74      0x154 c:/nxp/lpcxpresso_8.1.2_603/lpcxpresso/tools/bin/../lib/gcc/arm-none-eabi/5.2.1/armv7-m\libcr_eabihelpers.a(double.o)
                0x00003a74                __aeabi_ddiv
 .text.__aeabi_dsub
                0x00003bc8      0x1d0 c:/nxp/lpcxpresso_8.1.2_603/lpcxpresso/tools/bin/../lib/gcc/arm-none-eabi/5.2.1/armv7-m\libcr_eabihelpers.a(double.o)
                0x00003bc8                __aeabi_dsub
 .text.__aeabi_dadd
                0x00003d98      0x130 c:/nxp/lpcxpresso_8.1.2_603/lpcxpresso/tools/bin/../lib/gcc/arm-none-eabi/5.2.1/armv7-m\libcr_eabihelpers.a(double.o)
                0x00003d98                __aeabi_dadd
 .text.__aeabi_d2iz
                0x00003ec8       0x40 c:/nxp/lpcxpresso_8.1.2_603/lpcxpresso/tools/bin/../lib/gcc/arm-none-eabi/5.2.1/armv7-m\libcr_eabihelpers.a(double.o)
                0x00003ec8                __aeabi_d2iz
 .text.__bhs_ui2d
                0x00003f08       0x44 c:/nxp/lpcxpresso_8.1.2_603/lpcxpresso/tools/bin/../lib/gcc/arm-none-eabi/5.2.1/armv7-m\libcr_eabihelpers.a(double.o)
                0x00003f08                __bhs_ui2d
 .text.__aeabi_i2d
                0x00003f4c       0x10 c:/nxp/lpcxpresso_8.1.2_603/lpcxpresso/tools/bin/../lib/gcc/arm-none-eabi/5.2.1/armv7-m\libcr_eabihelpers.a(double.o)
                0x00003f4c                __aeabi_i2d
 .text.__aeabi_dcmpeq
                0x00003f5c       0x2c c:/nxp/lpcxpresso_8.1.2_603/lpcxpresso/tools/bin/../lib/gcc/arm-none-eabi/5.2.1/armv7-m\libcr_eabihelpers.a(double.o)
                0x00003f5c                __aeabi_dcmpeq
 .text.__aeabi_dcmplt
                0x00003f88       0x5c c:/nxp/lpcxpresso_8.1.2_603/lpcxpresso/tools/bin/../lib/gcc/arm-none-eabi/5.2.1/armv7-m\libcr_eabihelpers.a(double.o)
                0x00003f88                __aeabi_dcmplt
 .text.__aeabi_dcmple
                0x00003fe4       0x5c c:/nxp/lpcxpresso_8.1.2_603/lpcxpresso/tools/bin/../lib/gcc/arm-none-eabi/5.2.1/armv7-m\libcr_eabihelpers.a(double.o)
                0x00003fe4                __aeabi_dcmple
 .text.__aeabi_dcmpge
                0x00004040       0x5c c:/nxp/lpcxpresso_8.1.2_603/lpcxpresso/tools/bin/../lib/gcc/arm-none-eabi/5.2.1/armv7-m\libcr_eabihelpers.a(double.o)
                0x00004040                __aeabi_dcmpge
 .text.__aeabi_memset_lowlevel
                0x0000409c       0x32 c:/nxp/lpcxpresso_8.1.2_603/lpcxpresso/tools/bin/../lib/gcc/arm-none-eabi/5.2.1/armv7-m\libcr_eabihelpers.a(memcpy.o)
                0x0000409c                __aeabi_lowlevel_memset
 *fill*         0x000040ce        0x2 ff
 .text.__sys_appexit
                0x000040d0        0xc c:/nxp/lpcxpresso_8.1.2_603/lpcxpresso/tools/bin/../lib/gcc/arm-none-eabi/5.2.1/../../../../arm-none-eabi/lib/armv7-m\libcr_semihost.a(__sys_appexit.o)
                0x000040d0                __sys_appexit
                0x000040d0                __exit
 .text.__sys_close
                0x000040dc        0xc c:/nxp/lpcxpresso_8.1.2_603/lpcxpresso/tools/bin/../lib/gcc/arm-none-eabi/5.2.1/../../../../arm-none-eabi/lib/armv7-m\libcr_semihost.a(__sys_close.o)
                0x000040dc                __sys_close
 .text.__sys_flen
                0x000040e8        0xc c:/nxp/lpcxpresso_8.1.2_603/lpcxpresso/tools/bin/../lib/gcc/arm-none-eabi/5.2.1/../../../../arm-none-eabi/lib/armv7-m\libcr_semihost.a(__sys_flen.o)
                0x000040e8                __sys_flen
 .text.__sys_istty
                0x000040f4        0xc c:/nxp/lpcxpresso_8.1.2_603/lpcxpresso/tools/bin/../lib/gcc/arm-none-eabi/5.2.1/../../../../arm-none-eabi/lib/armv7-m\libcr_semihost.a(__sys_istty.o)
                0x000040f4                __sys_istty
 .text.__sys_remove
                0x00004100        0xc c:/nxp/lpcxpresso_8.1.2_603/lpcxpresso/tools/bin/../lib/gcc/arm-none-eabi/5.2.1/../../../../arm-none-eabi/lib/armv7-m\libcr_semihost.a(__sys_remove.o)
                0x00004100                __sys_remove
 .text.__sys_seek
                0x0000410c        0xc c:/nxp/lpcxpresso_8.1.2_603/lpcxpresso/tools/bin/../lib/gcc/arm-none-eabi/5.2.1/../../../../arm-none-eabi/lib/armv7-m\libcr_semihost.a(__sys_seek.o)
                0x0000410c                __sys_seek
 .text.__sys_tmpnam
                0x00004118        0xc c:/nxp/lpcxpresso_8.1.2_603/lpcxpresso/tools/bin/../lib/gcc/arm-none-eabi/5.2.1/../../../../arm-none-eabi/lib/armv7-m\libcr_semihost.a(__sys_tmpnam.o)
                0x00004118                __sys_tmpnam
 *(.rodata .rodata.* .constdata .constdata.*)
 .rodata.str1.4
                0x00004124       0x5c ./main.o
                                 0x60 (size before relaxing)
 .rodata        0x00004180       0x14 C:\Users\Dustin\Documents\Github\FreeRTOS_Library\Debug\libFreeRTOS_Library.a(tasks.o)
 .rodata.str1.4
                0x00004194        0x8 C:\Users\Dustin\Documents\Github\FreeRTOS_Library\Debug\libFreeRTOS_Library.a(tasks.o)
                                  0x5 (size before relaxing)
 .rodata.str1.1
                0x0000419c       0x34 c:/nxp/lpcxpresso_8.1.2_603/lpcxpresso/tools/bin/../lib/gcc/arm-none-eabi/5.2.1/../../../../arm-none-eabi/lib/armv7-m\libcr_c.a(fpprintf.o)
                                 0x35 (size before relaxing)
 .rodata.str1.1
                0x000041d0        0x4 c:/nxp/lpcxpresso_8.1.2_603/lpcxpresso/tools/bin/../lib/gcc/arm-none-eabi/5.2.1/../../../../arm-none-eabi/lib/armv7-m\libcr_c.a(initio.o)
 .rodata.str1.1
                0x000041d4       0x31 c:/nxp/lpcxpresso_8.1.2_603/lpcxpresso/tools/bin/../lib/gcc/arm-none-eabi/5.2.1/../../../../arm-none-eabi/lib/armv7-m\libcr_c.a(printf.o)
                                 0x38 (size before relaxing)
 .rodata.str1.1
                0x00004205       0x18 c:/nxp/lpcxpresso_8.1.2_603/lpcxpresso/tools/bin/../lib/gcc/arm-none-eabi/5.2.1/../../../../arm-none-eabi/lib/armv7-m\libcr_c.a(alloc.o)
 *fill*         0x0000421d        0x3 ff
 .rodata.__huge_vall
                0x00004220        0x8 c:/nxp/lpcxpresso_8.1.2_603/lpcxpresso/tools/bin/../lib/gcc/arm-none-eabi/5.2.1/../../../../arm-none-eabi/lib/armv7-m\libcr_c.a(_hugeval.o)
                0x00004220                __huge_vall
                0x00004228                . = ALIGN (0x4)

.glue_7         0x00004228        0x0
 .glue_7        0x00004228        0x0 linker stubs

.glue_7t        0x00004228        0x0
 .glue_7t       0x00004228        0x0 linker stubs

.vfp11_veneer   0x00004228        0x0
 .vfp11_veneer  0x00004228        0x0 linker stubs

.v4_bx          0x00004228        0x0
 .v4_bx         0x00004228        0x0 linker stubs

.iplt           0x00004228        0x0
 .iplt          0x00004228        0x0 ./PWM.o

.rel.dyn        0x00004228        0x0
 .rel.iplt      0x00004228        0x0 ./PWM.o

.ARM.extab
 *(.ARM.extab* .gnu.linkonce.armextab.*)
                0x00004228                __exidx_start = .

.ARM.exidx
 *(.ARM.exidx* .gnu.linkonce.armexidx.*)
                0x00004228                __exidx_end = .
                0x00004228                _etext = .

.data_RAM2      0x2007c000        0x0 load address 0x00004228
 FILL mask 0xff
                [!provide]                PROVIDE (__start_data_RAM2, .)
 *(.ramfunc.$RAM2)
 *(.ramfunc.$RamAHB32)
 *(.data.$RAM2*)
 *(.data.$RamAHB32*)
                0x2007c000                . = ALIGN (0x4)
                [!provide]                PROVIDE (__end_data_RAM2, .)

.uninit_RESERVED
                0x10000000        0x0
 *(.bss.$RESERVED*)
                0x10000000                . = ALIGN (0x4)
                0x10000000                _end_uninit_RESERVED = .

.data           0x10000000       0x10 load address 0x00004228
 FILL mask 0xff
                0x10000000                _data = .
 *(vtable)
 *(.ramfunc*)
 *(.data*)
 .data          0x10000000        0x4 C:\Users\Dustin\Documents\Github\CMSISv1p30_LPC17xx\Debug\libCMSISv1p30_LPC17xx.a(system_LPC17xx.o)
                0x10000000                SystemCoreClock
 .data          0x10000004        0x4 C:\Users\Dustin\Documents\Github\FreeRTOS_Library\Debug\libFreeRTOS_Library.a(port.o)
 .data          0x10000008        0x4 C:\Users\Dustin\Documents\Github\FreeRTOS_Library\Debug\libFreeRTOS_Library.a(tasks.o)
 .data          0x1000000c        0x4 C:\Users\Dustin\Documents\Github\FreeRTOS_Library\Debug\libFreeRTOS_Library.a(heap_2.o)
                0x10000010                . = ALIGN (0x4)
                0x10000010                _edata = .

.igot.plt       0x10000010        0x0 load address 0x00004238
 .igot.plt      0x10000010        0x0 ./PWM.o

.bss_RAM2       0x2007c000        0x0
                [!provide]                PROVIDE (__start_bss_RAM2, .)
 *(.bss.$RAM2*)
 *(.bss.$RamAHB32*)
                0x2007c000                . = ALIGN ((. != 0x0)?0x4:0x1)
                [!provide]                PROVIDE (__end_bss_RAM2, .)

.bss            0x10000010     0x2a84
                0x10000010                _bss = .
 *(.bss*)
 .bss           0x10000010       0x1c ./main.o
                0x10000010                right
                0x10000014                left
                0x10000018                cent
                0x1000001c                on
                0x10000020                spd
                0x10000024                mtr
 .bss           0x1000002c        0x8 C:\Users\Dustin\Documents\Github\FreeRTOS_Library\Debug\libFreeRTOS_Library.a(port.o)
 .bss           0x10000034       0xfc C:\Users\Dustin\Documents\Github\FreeRTOS_Library\Debug\libFreeRTOS_Library.a(tasks.o)
                0x10000060                pxCurrentTCB
 .bss           0x10000130     0x2814 C:\Users\Dustin\Documents\Github\FreeRTOS_Library\Debug\libFreeRTOS_Library.a(heap_2.o)
 .bss._extra    0x10002944        0x4 c:/nxp/lpcxpresso_8.1.2_603/lpcxpresso/tools/bin/../lib/gcc/arm-none-eabi/5.2.1/../../../../arm-none-eabi/lib/armv7-m\libcr_c.a(initio.o)
                0x10002944                _extra
 .bss.__Ciob    0x10002948      0x140 c:/nxp/lpcxpresso_8.1.2_603/lpcxpresso/tools/bin/../lib/gcc/arm-none-eabi/5.2.1/../../../../arm-none-eabi/lib/armv7-m\libcr_c.a(stdio.o)
                0x10002948                __Ciob
 .bss.errno     0x10002a88        0x4 c:/nxp/lpcxpresso_8.1.2_603/lpcxpresso/tools/bin/../lib/gcc/arm-none-eabi/5.2.1/../../../../arm-none-eabi/lib/armv7-m\libcr_c.a(errno.o)
                0x10002a88                errno
 .bss.__heaps   0x10002a8c        0x4 c:/nxp/lpcxpresso_8.1.2_603/lpcxpresso/tools/bin/../lib/gcc/arm-none-eabi/5.2.1/../../../../arm-none-eabi/lib/armv7-m\libcr_c.a(__init_alloc.o)
                0x10002a8c                __heaps
 .bss.__end_of_heap
                0x10002a90        0x4 c:/nxp/lpcxpresso_8.1.2_603/lpcxpresso/tools/bin/../lib/gcc/arm-none-eabi/5.2.1/../../../../arm-none-eabi/lib/armv7-m\libcr_c.a(__init_alloc.o)
                0x10002a90                __end_of_heap
 *(COMMON)
                0x10002a94                . = ALIGN (0x4)
                0x10002a94                _ebss = .
                [!provide]                PROVIDE (end, .)

.noinit_RAM2    0x2007c000        0x0
 *(.noinit.$RAM2*)
 *(.noinit.$RamAHB32*)
                0x2007c000                . = ALIGN (0x4)

.noinit         0x10002a94        0x0
                0x10002a94                _noinit = .
 *(.noinit*)
                0x10002a94                . = ALIGN (0x4)
                0x10002a94                _end_noinit = .
                0x10002a94                PROVIDE (_pvHeapStart, DEFINED (__user_heap_base)?__user_heap_base:.)
                0x10008000                PROVIDE (_vStackTop, DEFINED (__user_stack_top)?__user_stack_top:(__top_RamLoc32 - 0x0))
                [!provide]                PROVIDE (__valid_user_code_checksum, (0x0 - ((((((_vStackTop + (ResetISR + 0x1)) + (NMI_Handler + 0x1)) + (HardFault_Handler + 0x1)) + (DEFINED (MemManage_Handler)?MemManage_Handler:0x0 + 0x1)) + (DEFINED (BusFault_Handler)?BusFault_Handler:0x0 + 0x1)) + (DEFINED (UsageFault_Handler)?UsageFault_Handler:0x0 + 0x1))))
OUTPUT(ControlAlgorithmfreeRTOS.axf elf32-littlearm)

.debug_info     0x00000000     0x4dbe
 .debug_info    0x00000000      0x61e ./PWM.o
 .debug_info    0x0000061e      0x78c ./StepperMotor.o
 .debug_info    0x00000daa      0x1de ./cr_startup_lpc17.o
 .debug_info    0x00000f88     0x18a9 ./main.o
 .debug_info    0x00002831      0x30d C:\Users\Dustin\Documents\Github\CMSISv1p30_LPC17xx\Debug\libCMSISv1p30_LPC17xx.a(system_LPC17xx.o)
 .debug_info    0x00002b3e      0x3d4 C:\Users\Dustin\Documents\Github\FreeRTOS_Library\Debug\libFreeRTOS_Library.a(port.o)
 .debug_info    0x00002f12     0x1888 C:\Users\Dustin\Documents\Github\FreeRTOS_Library\Debug\libFreeRTOS_Library.a(tasks.o)
 .debug_info    0x0000479a      0x37c C:\Users\Dustin\Documents\Github\FreeRTOS_Library\Debug\libFreeRTOS_Library.a(heap_2.o)
 .debug_info    0x00004b16      0x2a8 C:\Users\Dustin\Documents\Github\FreeRTOS_Library\Debug\libFreeRTOS_Library.a(list.o)

.debug_abbrev   0x00000000     0x10e2
 .debug_abbrev  0x00000000      0x122 ./PWM.o
 .debug_abbrev  0x00000122      0x170 ./StepperMotor.o
 .debug_abbrev  0x00000292       0xe5 ./cr_startup_lpc17.o
 .debug_abbrev  0x00000377      0x4e5 ./main.o
 .debug_abbrev  0x0000085c       0xe6 C:\Users\Dustin\Documents\Github\CMSISv1p30_LPC17xx\Debug\libCMSISv1p30_LPC17xx.a(system_LPC17xx.o)
 .debug_abbrev  0x00000942      0x1ff C:\Users\Dustin\Documents\Github\FreeRTOS_Library\Debug\libFreeRTOS_Library.a(port.o)
 .debug_abbrev  0x00000b41      0x2c3 C:\Users\Dustin\Documents\Github\FreeRTOS_Library\Debug\libFreeRTOS_Library.a(tasks.o)
 .debug_abbrev  0x00000e04      0x1e5 C:\Users\Dustin\Documents\Github\FreeRTOS_Library\Debug\libFreeRTOS_Library.a(heap_2.o)
 .debug_abbrev  0x00000fe9       0xf9 C:\Users\Dustin\Documents\Github\FreeRTOS_Library\Debug\libFreeRTOS_Library.a(list.o)

.debug_loc      0x00000000     0x20f6
 .debug_loc     0x00000000       0x70 ./PWM.o
 .debug_loc     0x00000070      0x4fc ./StepperMotor.o
 .debug_loc     0x0000056c       0x2b ./cr_startup_lpc17.o
 .debug_loc     0x00000597      0x64a ./main.o
 .debug_loc     0x00000be1       0xa6 C:\Users\Dustin\Documents\Github\FreeRTOS_Library\Debug\libFreeRTOS_Library.a(port.o)
 .debug_loc     0x00000c87     0x118a C:\Users\Dustin\Documents\Github\FreeRTOS_Library\Debug\libFreeRTOS_Library.a(tasks.o)
 .debug_loc     0x00001e11      0x280 C:\Users\Dustin\Documents\Github\FreeRTOS_Library\Debug\libFreeRTOS_Library.a(heap_2.o)
 .debug_loc     0x00002091       0x65 C:\Users\Dustin\Documents\Github\FreeRTOS_Library\Debug\libFreeRTOS_Library.a(list.o)

.debug_aranges  0x00000000      0x240
 .debug_aranges
                0x00000000       0x30 ./PWM.o
 .debug_aranges
                0x00000030       0x38 ./StepperMotor.o
 .debug_aranges
                0x00000068       0x70 ./cr_startup_lpc17.o
 .debug_aranges
                0x000000d8       0xc0 ./main.o
 .debug_aranges
                0x00000198       0x28 C:\Users\Dustin\Documents\Github\CMSISv1p30_LPC17xx\Debug\libCMSISv1p30_LPC17xx.a(system_LPC17xx.o)
 .debug_aranges
                0x000001c0       0x20 C:\Users\Dustin\Documents\Github\FreeRTOS_Library\Debug\libFreeRTOS_Library.a(port.o)
 .debug_aranges
                0x000001e0       0x20 C:\Users\Dustin\Documents\Github\FreeRTOS_Library\Debug\libFreeRTOS_Library.a(tasks.o)
 .debug_aranges
                0x00000200       0x20 C:\Users\Dustin\Documents\Github\FreeRTOS_Library\Debug\libFreeRTOS_Library.a(heap_2.o)
 .debug_aranges
                0x00000220       0x20 C:\Users\Dustin\Documents\Github\FreeRTOS_Library\Debug\libFreeRTOS_Library.a(list.o)

.debug_ranges   0x00000000      0x1b8
 .debug_ranges  0x00000000       0x20 ./PWM.o
 .debug_ranges  0x00000020       0x28 ./StepperMotor.o
 .debug_ranges  0x00000048       0x60 ./cr_startup_lpc17.o
 .debug_ranges  0x000000a8       0xb0 ./main.o
 .debug_ranges  0x00000158       0x18 C:\Users\Dustin\Documents\Github\CMSISv1p30_LPC17xx\Debug\libCMSISv1p30_LPC17xx.a(system_LPC17xx.o)
 .debug_ranges  0x00000170       0x48 C:\Users\Dustin\Documents\Github\FreeRTOS_Library\Debug\libFreeRTOS_Library.a(tasks.o)

.debug_macro    0x00000000     0x3da4
 .debug_macro   0x00000000       0x70 ./PWM.o
 .debug_macro   0x00000070      0x880 ./PWM.o
 .debug_macro   0x000008f0       0x82 ./PWM.o
 .debug_macro   0x00000972       0x10 ./PWM.o
 .debug_macro   0x00000982      0x12d ./PWM.o
 .debug_macro   0x00000aaf      0x5b2 ./PWM.o
 .debug_macro   0x00001061       0x1c ./PWM.o
 .debug_macro   0x0000107d      0x7d5 ./PWM.o
 .debug_macro   0x00001852      0x2c7 ./PWM.o
 .debug_macro   0x00001b19       0xcd ./StepperMotor.o
 .debug_macro   0x00001be6       0x16 ./StepperMotor.o
 .debug_macro   0x00001bfc       0x40 ./StepperMotor.o
 .debug_macro   0x00001c3c       0xd6 ./StepperMotor.o
 .debug_macro   0x00001d12       0xb6 ./StepperMotor.o
 .debug_macro   0x00001dc8       0x12 ./StepperMotor.o
 .debug_macro   0x00001dda       0x1f ./StepperMotor.o
 .debug_macro   0x00001df9      0x35a ./StepperMotor.o
 .debug_macro   0x00002153       0x52 ./cr_startup_lpc17.o
 .debug_macro   0x000021a5      0x139 ./main.o
 .debug_macro   0x000022de       0xd0 ./main.o
 .debug_macro   0x000023ae       0x79 ./main.o
 .debug_macro   0x00002427       0x69 ./main.o
 .debug_macro   0x00002490       0xc4 ./main.o
 .debug_macro   0x00002554       0x9a ./main.o
 .debug_macro   0x000025ee      0x113 C:\Users\Dustin\Documents\Github\CMSISv1p30_LPC17xx\Debug\libCMSISv1p30_LPC17xx.a(system_LPC17xx.o)
 .debug_macro   0x00002701      0x880 C:\Users\Dustin\Documents\Github\CMSISv1p30_LPC17xx\Debug\libCMSISv1p30_LPC17xx.a(system_LPC17xx.o)
 .debug_macro   0x00002f81      0x16f C:\Users\Dustin\Documents\Github\FreeRTOS_Library\Debug\libFreeRTOS_Library.a(port.o)
 .debug_macro   0x000030f0      0x874 C:\Users\Dustin\Documents\Github\FreeRTOS_Library\Debug\libFreeRTOS_Library.a(port.o)
 .debug_macro   0x00003964      0x189 C:\Users\Dustin\Documents\Github\FreeRTOS_Library\Debug\libFreeRTOS_Library.a(tasks.o)
 .debug_macro   0x00003aed       0x28 C:\Users\Dustin\Documents\Github\FreeRTOS_Library\Debug\libFreeRTOS_Library.a(tasks.o)
 .debug_macro   0x00003b15       0x91 C:\Users\Dustin\Documents\Github\FreeRTOS_Library\Debug\libFreeRTOS_Library.a(tasks.o)
 .debug_macro   0x00003ba6       0x17 C:\Users\Dustin\Documents\Github\FreeRTOS_Library\Debug\libFreeRTOS_Library.a(tasks.o)
 .debug_macro   0x00003bbd      0x10a C:\Users\Dustin\Documents\Github\FreeRTOS_Library\Debug\libFreeRTOS_Library.a(heap_2.o)
 .debug_macro   0x00003cc7       0xdd C:\Users\Dustin\Documents\Github\FreeRTOS_Library\Debug\libFreeRTOS_Library.a(list.o)

.debug_line     0x00000000     0x1e4a
 .debug_line    0x00000000      0x1fd ./PWM.o
 .debug_line    0x000001fd      0x379 ./StepperMotor.o
 .debug_line    0x00000576      0x1fd ./cr_startup_lpc17.o
 .debug_line    0x00000773      0x649 ./main.o
 .debug_line    0x00000dbc      0x1e8 C:\Users\Dustin\Documents\Github\CMSISv1p30_LPC17xx\Debug\libCMSISv1p30_LPC17xx.a(system_LPC17xx.o)
 .debug_line    0x00000fa4      0x2fb C:\Users\Dustin\Documents\Github\FreeRTOS_Library\Debug\libFreeRTOS_Library.a(port.o)
 .debug_line    0x0000129f      0x65f C:\Users\Dustin\Documents\Github\FreeRTOS_Library\Debug\libFreeRTOS_Library.a(tasks.o)
 .debug_line    0x000018fe      0x2c8 C:\Users\Dustin\Documents\Github\FreeRTOS_Library\Debug\libFreeRTOS_Library.a(heap_2.o)
 .debug_line    0x00001bc6      0x284 C:\Users\Dustin\Documents\Github\FreeRTOS_Library\Debug\libFreeRTOS_Library.a(list.o)

.debug_str      0x00000000     0xe017
 .debug_str     0x00000000     0x824a ./PWM.o
                               0x82d3 (size before relaxing)
 .debug_str     0x0000824a     0x1fdd ./StepperMotor.o
                               0xa130 (size before relaxing)
 .debug_str     0x0000a227      0x14e ./cr_startup_lpc17.o
                               0x3d75 (size before relaxing)
 .debug_str     0x0000a375     0x1458 ./main.o
                               0xb6ee (size before relaxing)
 .debug_str     0x0000b7cd      0x3d0 C:\Users\Dustin\Documents\Github\CMSISv1p30_LPC17xx\Debug\libCMSISv1p30_LPC17xx.a(system_LPC17xx.o)
                               0x7ff3 (size before relaxing)
 .debug_str     0x0000bb9d      0x7c7 C:\Users\Dustin\Documents\Github\FreeRTOS_Library\Debug\libFreeRTOS_Library.a(port.o)
                               0xaa9e (size before relaxing)
 .debug_str     0x0000c364     0x1934 C:\Users\Dustin\Documents\Github\FreeRTOS_Library\Debug\libFreeRTOS_Library.a(tasks.o)
                               0xbe96 (size before relaxing)
 .debug_str     0x0000dc98      0x338 C:\Users\Dustin\Documents\Github\FreeRTOS_Library\Debug\libFreeRTOS_Library.a(heap_2.o)
                               0xa7a5 (size before relaxing)
 .debug_str     0x0000dfd0       0x47 C:\Users\Dustin\Documents\Github\FreeRTOS_Library\Debug\libFreeRTOS_Library.a(list.o)
                               0xa149 (size before relaxing)

.comment        0x00000000       0x6e
 .comment       0x00000000       0x6e ./PWM.o
                                 0x6f (size before relaxing)
 .comment       0x0000006e       0x6f ./StepperMotor.o
 .comment       0x0000006e       0x6f ./cr_startup_lpc17.o
 .comment       0x0000006e       0x6f ./main.o
 .comment       0x0000006e       0x6f C:\Users\Dustin\Documents\Github\CMSISv1p30_LPC17xx\Debug\libCMSISv1p30_LPC17xx.a(system_LPC17xx.o)
 .comment       0x0000006e       0x6f C:\Users\Dustin\Documents\Github\FreeRTOS_Library\Debug\libFreeRTOS_Library.a(port.o)
 .comment       0x0000006e       0x6f C:\Users\Dustin\Documents\Github\FreeRTOS_Library\Debug\libFreeRTOS_Library.a(tasks.o)
 .comment       0x0000006e       0x6f C:\Users\Dustin\Documents\Github\FreeRTOS_Library\Debug\libFreeRTOS_Library.a(heap_2.o)
 .comment       0x0000006e       0x6f C:\Users\Dustin\Documents\Github\FreeRTOS_Library\Debug\libFreeRTOS_Library.a(list.o)
 .comment       0x0000006e       0x6f c:/nxp/lpcxpresso_8.1.2_603/lpcxpresso/tools/bin/../lib/gcc/arm-none-eabi/5.2.1/../../../../arm-none-eabi/lib/armv7-m\libcr_semihost.a(_cr__main.o)
 .comment       0x0000006e       0x6f c:/nxp/lpcxpresso_8.1.2_603/lpcxpresso/tools/bin/../lib/gcc/arm-none-eabi/5.2.1/../../../../arm-none-eabi/lib/armv7-m\libcr_c.a(memset.o)
 .comment       0x0000006e       0x6f c:/nxp/lpcxpresso_8.1.2_603/lpcxpresso/tools/bin/../lib/gcc/arm-none-eabi/5.2.1/../../../../arm-none-eabi/lib/armv7-m\libcr_c.a(fpprintf.o)
 .comment       0x0000006e       0x6f c:/nxp/lpcxpresso_8.1.2_603/lpcxpresso/tools/bin/../lib/gcc/arm-none-eabi/5.2.1/../../../../arm-none-eabi/lib/armv7-m\libcr_c.a(initio.o)
 .comment       0x0000006e       0x6f c:/nxp/lpcxpresso_8.1.2_603/lpcxpresso/tools/bin/../lib/gcc/arm-none-eabi/5.2.1/../../../../arm-none-eabi/lib/armv7-m\libcr_c.a(memcmp.o)
 .comment       0x0000006e       0x6f c:/nxp/lpcxpresso_8.1.2_603/lpcxpresso/tools/bin/../lib/gcc/arm-none-eabi/5.2.1/../../../../arm-none-eabi/lib/armv7-m\libcr_c.a(printf.o)
 .comment       0x0000006e       0x6f c:/nxp/lpcxpresso_8.1.2_603/lpcxpresso/tools/bin/../lib/gcc/arm-none-eabi/5.2.1/../../../../arm-none-eabi/lib/armv7-m\libcr_c.a(setvbuf.o)
 .comment       0x0000006e       0x6f c:/nxp/lpcxpresso_8.1.2_603/lpcxpresso/tools/bin/../lib/gcc/arm-none-eabi/5.2.1/../../../../arm-none-eabi/lib/armv7-m\libcr_c.a(stdio.o)
 .comment       0x0000006e       0x6f c:/nxp/lpcxpresso_8.1.2_603/lpcxpresso/tools/bin/../lib/gcc/arm-none-eabi/5.2.1/../../../../arm-none-eabi/lib/armv7-m\libcr_c.a(stdlib.o)
 .comment       0x0000006e       0x6f c:/nxp/lpcxpresso_8.1.2_603/lpcxpresso/tools/bin/../lib/gcc/arm-none-eabi/5.2.1/../../../../arm-none-eabi/lib/armv7-m\libcr_c.a(strlen.o)
 .comment       0x0000006e       0x6f c:/nxp/lpcxpresso_8.1.2_603/lpcxpresso/tools/bin/../lib/gcc/arm-none-eabi/5.2.1/../../../../arm-none-eabi/lib/armv7-m\libcr_c.a(_deferredlazyseek.o)
 .comment       0x0000006e       0x6f c:/nxp/lpcxpresso_8.1.2_603/lpcxpresso/tools/bin/../lib/gcc/arm-none-eabi/5.2.1/../../../../arm-none-eabi/lib/armv7-m\libcr_c.a(_fdopen.o)
 .comment       0x0000006e       0x6f c:/nxp/lpcxpresso_8.1.2_603/lpcxpresso/tools/bin/../lib/gcc/arm-none-eabi/5.2.1/../../../../arm-none-eabi/lib/armv7-m\libcr_c.a(_fflush.o)
 .comment       0x0000006e       0x6f c:/nxp/lpcxpresso_8.1.2_603/lpcxpresso/tools/bin/../lib/gcc/arm-none-eabi/5.2.1/../../../../arm-none-eabi/lib/armv7-m\libcr_c.a(_frexpl.o)
 .comment       0x0000006e       0x6f c:/nxp/lpcxpresso_8.1.2_603/lpcxpresso/tools/bin/../lib/gcc/arm-none-eabi/5.2.1/../../../../arm-none-eabi/lib/armv7-m\libcr_c.a(_ldexpl.o)
 .comment       0x0000006e       0x6f c:/nxp/lpcxpresso_8.1.2_603/lpcxpresso/tools/bin/../lib/gcc/arm-none-eabi/5.2.1/../../../../arm-none-eabi/lib/armv7-m\libcr_c.a(_writebuf.o)
 .comment       0x0000006e       0x6f c:/nxp/lpcxpresso_8.1.2_603/lpcxpresso/tools/bin/../lib/gcc/arm-none-eabi/5.2.1/../../../../arm-none-eabi/lib/armv7-m\libcr_c.a(alloc.o)
 .comment       0x0000006e       0x6f c:/nxp/lpcxpresso_8.1.2_603/lpcxpresso/tools/bin/../lib/gcc/arm-none-eabi/5.2.1/../../../../arm-none-eabi/lib/armv7-m\libcr_c.a(errno.o)
 .comment       0x0000006e       0x6f c:/nxp/lpcxpresso_8.1.2_603/lpcxpresso/tools/bin/../lib/gcc/arm-none-eabi/5.2.1/../../../../arm-none-eabi/lib/armv7-m\libcr_c.a(fclose.o)
 .comment       0x0000006e       0x6f c:/nxp/lpcxpresso_8.1.2_603/lpcxpresso/tools/bin/../lib/gcc/arm-none-eabi/5.2.1/../../../../arm-none-eabi/lib/armv7-m\libcr_c.a(fflush.o)
 .comment       0x0000006e       0x6f c:/nxp/lpcxpresso_8.1.2_603/lpcxpresso/tools/bin/../lib/gcc/arm-none-eabi/5.2.1/../../../../arm-none-eabi/lib/armv7-m\libcr_c.a(fseek.o)
 .comment       0x0000006e       0x6f c:/nxp/lpcxpresso_8.1.2_603/lpcxpresso/tools/bin/../lib/gcc/arm-none-eabi/5.2.1/../../../../arm-none-eabi/lib/armv7-m\libcr_c.a(ftell.o)
 .comment       0x0000006e       0x6f c:/nxp/lpcxpresso_8.1.2_603/lpcxpresso/tools/bin/../lib/gcc/arm-none-eabi/5.2.1/../../../../arm-none-eabi/lib/armv7-m\libcr_c.a(remove.o)
 .comment       0x0000006e       0x6f c:/nxp/lpcxpresso_8.1.2_603/lpcxpresso/tools/bin/../lib/gcc/arm-none-eabi/5.2.1/../../../../arm-none-eabi/lib/armv7-m\libcr_c.a(__init_alloc.o)
 .comment       0x0000006e       0x6f c:/nxp/lpcxpresso_8.1.2_603/lpcxpresso/tools/bin/../lib/gcc/arm-none-eabi/5.2.1/../../../../arm-none-eabi/lib/armv7-m\libcr_c.a(_cr_sbrk.o)
 .comment       0x0000006e       0x6f c:/nxp/lpcxpresso_8.1.2_603/lpcxpresso/tools/bin/../lib/gcc/arm-none-eabi/5.2.1/../../../../arm-none-eabi/lib/armv7-m\libcr_c.a(_do_fflush.o)
 .comment       0x0000006e       0x6f c:/nxp/lpcxpresso_8.1.2_603/lpcxpresso/tools/bin/../lib/gcc/arm-none-eabi/5.2.1/../../../../arm-none-eabi/lib/armv7-m\libcr_c.a(_hugeval.o)
 .comment       0x0000006e       0x6f c:/nxp/lpcxpresso_8.1.2_603/lpcxpresso/tools/bin/../lib/gcc/arm-none-eabi/5.2.1/../../../../arm-none-eabi/lib/armv7-m\libcr_c.a(_cr_check_heap.o)
 .comment       0x0000006e       0x6f c:/nxp/lpcxpresso_8.1.2_603/lpcxpresso/tools/bin/../lib/gcc/arm-none-eabi/5.2.1/armv7-m\libcr_eabihelpers.a(double.o)

.ARM.attributes
                0x00000000       0x31
 .ARM.attributes
                0x00000000       0x33 ./PWM.o
 .ARM.attributes
                0x00000033       0x33 ./StepperMotor.o
 .ARM.attributes
                0x00000066       0x33 ./cr_startup_lpc17.o
 .ARM.attributes
                0x00000099       0x33 ./main.o
 .ARM.attributes
                0x000000cc       0x33 C:\Users\Dustin\Documents\Github\CMSISv1p30_LPC17xx\Debug\libCMSISv1p30_LPC17xx.a(system_LPC17xx.o)
 .ARM.attributes
                0x000000ff       0x33 C:\Users\Dustin\Documents\Github\FreeRTOS_Library\Debug\libFreeRTOS_Library.a(port.o)
 .ARM.attributes
                0x00000132       0x33 C:\Users\Dustin\Documents\Github\FreeRTOS_Library\Debug\libFreeRTOS_Library.a(tasks.o)
 .ARM.attributes
                0x00000165       0x33 C:\Users\Dustin\Documents\Github\FreeRTOS_Library\Debug\libFreeRTOS_Library.a(heap_2.o)
 .ARM.attributes
                0x00000198       0x33 C:\Users\Dustin\Documents\Github\FreeRTOS_Library\Debug\libFreeRTOS_Library.a(list.o)
 .ARM.attributes
                0x000001cb       0x21 c:/nxp/lpcxpresso_8.1.2_603/lpcxpresso/tools/bin/../lib/gcc/arm-none-eabi/5.2.1/../../../../arm-none-eabi/lib/armv7-m\libcr_semihost.a(__sys_write.o)
 .ARM.attributes
                0x000001ec       0x33 c:/nxp/lpcxpresso_8.1.2_603/lpcxpresso/tools/bin/../lib/gcc/arm-none-eabi/5.2.1/../../../../arm-none-eabi/lib/armv7-m\libcr_semihost.a(_cr__main.o)
 .ARM.attributes
                0x0000021f       0x33 c:/nxp/lpcxpresso_8.1.2_603/lpcxpresso/tools/bin/../lib/gcc/arm-none-eabi/5.2.1/../../../../arm-none-eabi/lib/armv7-m\libcr_c.a(memset.o)
 .ARM.attributes
                0x00000252       0x33 c:/nxp/lpcxpresso_8.1.2_603/lpcxpresso/tools/bin/../lib/gcc/arm-none-eabi/5.2.1/../../../../arm-none-eabi/lib/armv7-m\libcr_c.a(fpprintf.o)
 .ARM.attributes
                0x00000285       0x33 c:/nxp/lpcxpresso_8.1.2_603/lpcxpresso/tools/bin/../lib/gcc/arm-none-eabi/5.2.1/../../../../arm-none-eabi/lib/armv7-m\libcr_c.a(initio.o)
 .ARM.attributes
                0x000002b8       0x33 c:/nxp/lpcxpresso_8.1.2_603/lpcxpresso/tools/bin/../lib/gcc/arm-none-eabi/5.2.1/../../../../arm-none-eabi/lib/armv7-m\libcr_c.a(memcmp.o)
 .ARM.attributes
                0x000002eb       0x33 c:/nxp/lpcxpresso_8.1.2_603/lpcxpresso/tools/bin/../lib/gcc/arm-none-eabi/5.2.1/../../../../arm-none-eabi/lib/armv7-m\libcr_c.a(printf.o)
 .ARM.attributes
                0x0000031e       0x33 c:/nxp/lpcxpresso_8.1.2_603/lpcxpresso/tools/bin/../lib/gcc/arm-none-eabi/5.2.1/../../../../arm-none-eabi/lib/armv7-m\libcr_c.a(setvbuf.o)
 .ARM.attributes
                0x00000351       0x33 c:/nxp/lpcxpresso_8.1.2_603/lpcxpresso/tools/bin/../lib/gcc/arm-none-eabi/5.2.1/../../../../arm-none-eabi/lib/armv7-m\libcr_c.a(stdio.o)
 .ARM.attributes
                0x00000384       0x33 c:/nxp/lpcxpresso_8.1.2_603/lpcxpresso/tools/bin/../lib/gcc/arm-none-eabi/5.2.1/../../../../arm-none-eabi/lib/armv7-m\libcr_c.a(stdlib.o)
 .ARM.attributes
                0x000003b7       0x33 c:/nxp/lpcxpresso_8.1.2_603/lpcxpresso/tools/bin/../lib/gcc/arm-none-eabi/5.2.1/../../../../arm-none-eabi/lib/armv7-m\libcr_c.a(strlen.o)
 .ARM.attributes
                0x000003ea       0x33 c:/nxp/lpcxpresso_8.1.2_603/lpcxpresso/tools/bin/../lib/gcc/arm-none-eabi/5.2.1/../../../../arm-none-eabi/lib/armv7-m\libcr_c.a(_deferredlazyseek.o)
 .ARM.attributes
                0x0000041d       0x33 c:/nxp/lpcxpresso_8.1.2_603/lpcxpresso/tools/bin/../lib/gcc/arm-none-eabi/5.2.1/../../../../arm-none-eabi/lib/armv7-m\libcr_c.a(_fdopen.o)
 .ARM.attributes
                0x00000450       0x33 c:/nxp/lpcxpresso_8.1.2_603/lpcxpresso/tools/bin/../lib/gcc/arm-none-eabi/5.2.1/../../../../arm-none-eabi/lib/armv7-m\libcr_c.a(_fflush.o)
 .ARM.attributes
                0x00000483       0x33 c:/nxp/lpcxpresso_8.1.2_603/lpcxpresso/tools/bin/../lib/gcc/arm-none-eabi/5.2.1/../../../../arm-none-eabi/lib/armv7-m\libcr_c.a(_frexpl.o)
 .ARM.attributes
                0x000004b6       0x33 c:/nxp/lpcxpresso_8.1.2_603/lpcxpresso/tools/bin/../lib/gcc/arm-none-eabi/5.2.1/../../../../arm-none-eabi/lib/armv7-m\libcr_c.a(_ldexpl.o)
 .ARM.attributes
                0x000004e9       0x33 c:/nxp/lpcxpresso_8.1.2_603/lpcxpresso/tools/bin/../lib/gcc/arm-none-eabi/5.2.1/../../../../arm-none-eabi/lib/armv7-m\libcr_c.a(_writebuf.o)
 .ARM.attributes
                0x0000051c       0x33 c:/nxp/lpcxpresso_8.1.2_603/lpcxpresso/tools/bin/../lib/gcc/arm-none-eabi/5.2.1/../../../../arm-none-eabi/lib/armv7-m\libcr_c.a(alloc.o)
 .ARM.attributes
                0x0000054f       0x33 c:/nxp/lpcxpresso_8.1.2_603/lpcxpresso/tools/bin/../lib/gcc/arm-none-eabi/5.2.1/../../../../arm-none-eabi/lib/armv7-m\libcr_c.a(errno.o)
 .ARM.attributes
                0x00000582       0x33 c:/nxp/lpcxpresso_8.1.2_603/lpcxpresso/tools/bin/../lib/gcc/arm-none-eabi/5.2.1/../../../../arm-none-eabi/lib/armv7-m\libcr_c.a(fclose.o)
 .ARM.attributes
                0x000005b5       0x33 c:/nxp/lpcxpresso_8.1.2_603/lpcxpresso/tools/bin/../lib/gcc/arm-none-eabi/5.2.1/../../../../arm-none-eabi/lib/armv7-m\libcr_c.a(fflush.o)
 .ARM.attributes
                0x000005e8       0x33 c:/nxp/lpcxpresso_8.1.2_603/lpcxpresso/tools/bin/../lib/gcc/arm-none-eabi/5.2.1/../../../../arm-none-eabi/lib/armv7-m\libcr_c.a(fseek.o)
 .ARM.attributes
                0x0000061b       0x33 c:/nxp/lpcxpresso_8.1.2_603/lpcxpresso/tools/bin/../lib/gcc/arm-none-eabi/5.2.1/../../../../arm-none-eabi/lib/armv7-m\libcr_c.a(ftell.o)
 .ARM.attributes
                0x0000064e       0x33 c:/nxp/lpcxpresso_8.1.2_603/lpcxpresso/tools/bin/../lib/gcc/arm-none-eabi/5.2.1/../../../../arm-none-eabi/lib/armv7-m\libcr_c.a(remove.o)
 .ARM.attributes
                0x00000681       0x33 c:/nxp/lpcxpresso_8.1.2_603/lpcxpresso/tools/bin/../lib/gcc/arm-none-eabi/5.2.1/../../../../arm-none-eabi/lib/armv7-m\libcr_c.a(__init_alloc.o)
 .ARM.attributes
                0x000006b4       0x33 c:/nxp/lpcxpresso_8.1.2_603/lpcxpresso/tools/bin/../lib/gcc/arm-none-eabi/5.2.1/../../../../arm-none-eabi/lib/armv7-m\libcr_c.a(_cr_sbrk.o)
 .ARM.attributes
                0x000006e7       0x33 c:/nxp/lpcxpresso_8.1.2_603/lpcxpresso/tools/bin/../lib/gcc/arm-none-eabi/5.2.1/../../../../arm-none-eabi/lib/armv7-m\libcr_c.a(_do_fflush.o)
 .ARM.attributes
                0x0000071a       0x33 c:/nxp/lpcxpresso_8.1.2_603/lpcxpresso/tools/bin/../lib/gcc/arm-none-eabi/5.2.1/../../../../arm-none-eabi/lib/armv7-m\libcr_c.a(_hugeval.o)
 .ARM.attributes
                0x0000074d       0x33 c:/nxp/lpcxpresso_8.1.2_603/lpcxpresso/tools/bin/../lib/gcc/arm-none-eabi/5.2.1/../../../../arm-none-eabi/lib/armv7-m\libcr_c.a(_cr_check_heap.o)
 .ARM.attributes
                0x00000780       0x33 c:/nxp/lpcxpresso_8.1.2_603/lpcxpresso/tools/bin/../lib/gcc/arm-none-eabi/5.2.1/armv7-m\libcr_eabihelpers.a(double.o)
 .ARM.attributes
                0x000007b3       0x21 c:/nxp/lpcxpresso_8.1.2_603/lpcxpresso/tools/bin/../lib/gcc/arm-none-eabi/5.2.1/armv7-m\libcr_eabihelpers.a(memcpy.o)
 .ARM.attributes
                0x000007d4       0x21 c:/nxp/lpcxpresso_8.1.2_603/lpcxpresso/tools/bin/../lib/gcc/arm-none-eabi/5.2.1/../../../../arm-none-eabi/lib/armv7-m\libcr_semihost.a(__sys_appexit.o)
 .ARM.attributes
                0x000007f5       0x21 c:/nxp/lpcxpresso_8.1.2_603/lpcxpresso/tools/bin/../lib/gcc/arm-none-eabi/5.2.1/../../../../arm-none-eabi/lib/armv7-m\libcr_semihost.a(__sys_close.o)
 .ARM.attributes
                0x00000816       0x21 c:/nxp/lpcxpresso_8.1.2_603/lpcxpresso/tools/bin/../lib/gcc/arm-none-eabi/5.2.1/../../../../arm-none-eabi/lib/armv7-m\libcr_semihost.a(__sys_flen.o)
 .ARM.attributes
                0x00000837       0x21 c:/nxp/lpcxpresso_8.1.2_603/lpcxpresso/tools/bin/../lib/gcc/arm-none-eabi/5.2.1/../../../../arm-none-eabi/lib/armv7-m\libcr_semihost.a(__sys_istty.o)
 .ARM.attributes
                0x00000858       0x21 c:/nxp/lpcxpresso_8.1.2_603/lpcxpresso/tools/bin/../lib/gcc/arm-none-eabi/5.2.1/../../../../arm-none-eabi/lib/armv7-m\libcr_semihost.a(__sys_remove.o)
 .ARM.attributes
                0x00000879       0x21 c:/nxp/lpcxpresso_8.1.2_603/lpcxpresso/tools/bin/../lib/gcc/arm-none-eabi/5.2.1/../../../../arm-none-eabi/lib/armv7-m\libcr_semihost.a(__sys_seek.o)
 .ARM.attributes
                0x0000089a       0x21 c:/nxp/lpcxpresso_8.1.2_603/lpcxpresso/tools/bin/../lib/gcc/arm-none-eabi/5.2.1/../../../../arm-none-eabi/lib/armv7-m\libcr_semihost.a(__sys_tmpnam.o)

.debug_frame    0x00000000      0x958
 .debug_frame   0x00000000       0x54 ./PWM.o
 .debug_frame   0x00000054       0x70 ./StepperMotor.o
 .debug_frame   0x000000c4       0xc8 ./cr_startup_lpc17.o
 .debug_frame   0x0000018c      0x1ec ./main.o
 .debug_frame   0x00000378       0x64 C:\Users\Dustin\Documents\Github\CMSISv1p30_LPC17xx\Debug\libCMSISv1p30_LPC17xx.a(system_LPC17xx.o)
 .debug_frame   0x000003dc      0x138 C:\Users\Dustin\Documents\Github\FreeRTOS_Library\Debug\libFreeRTOS_Library.a(port.o)
 .debug_frame   0x00000514      0x368 C:\Users\Dustin\Documents\Github\FreeRTOS_Library\Debug\libFreeRTOS_Library.a(tasks.o)
 .debug_frame   0x0000087c       0x70 C:\Users\Dustin\Documents\Github\FreeRTOS_Library\Debug\libFreeRTOS_Library.a(heap_2.o)
 .debug_frame   0x000008ec       0x6c C:\Users\Dustin\Documents\Github\FreeRTOS_Library\Debug\libFreeRTOS_Library.a(list.o)
