Archive member included to satisfy reference by file (symbol)

C:\Users\Dustin\Documents\Github\CMSISv1p30_LPC17xx\Debug\libCMSISv1p30_LPC17xx.a(system_LPC17xx.o)
                              ./main.o (SystemCoreClock)
C:\Users\Dustin\Documents\Github\FreeRTOS_Library\Debug\libFreeRTOS_Library.a(port.o)
                              ./cr_startup_lpc17.o (vPortSVCHandler)
C:\Users\Dustin\Documents\Github\FreeRTOS_Library\Debug\libFreeRTOS_Library.a(tasks.o)
                              ./main.o (xTaskGenericCreate)
C:\Users\Dustin\Documents\Github\FreeRTOS_Library\Debug\libFreeRTOS_Library.a(heap_2.o)
                              C:\Users\Dustin\Documents\Github\FreeRTOS_Library\Debug\libFreeRTOS_Library.a(tasks.o) (pvPortMalloc)
C:\Users\Dustin\Documents\Github\FreeRTOS_Library\Debug\libFreeRTOS_Library.a(list.o)
                              C:\Users\Dustin\Documents\Github\FreeRTOS_Library\Debug\libFreeRTOS_Library.a(tasks.o) (vListInitialise)
c:/nxp/lpcxpresso_8.1.2_603/lpcxpresso/tools/bin/../lib/gcc/arm-none-eabi/5.2.1/../../../../arm-none-eabi/lib/armv7-m\libcr_semihost.a(_cr__main.o)
                              ./cr_startup_lpc17.o (__main)
c:/nxp/lpcxpresso_8.1.2_603/lpcxpresso/tools/bin/../lib/gcc/arm-none-eabi/5.2.1/../../../../arm-none-eabi/lib/armv7-m\libcr_c.a(memset.o)
                              C:\Users\Dustin\Documents\Github\FreeRTOS_Library\Debug\libFreeRTOS_Library.a(tasks.o) (memset)
c:/nxp/lpcxpresso_8.1.2_603/lpcxpresso/tools/bin/../lib/gcc/arm-none-eabi/5.2.1/../../../../arm-none-eabi/lib/armv7-m\libcr_c.a(initio.o)
                              c:/nxp/lpcxpresso_8.1.2_603/lpcxpresso/tools/bin/../lib/gcc/arm-none-eabi/5.2.1/../../../../arm-none-eabi/lib/armv7-m\libcr_semihost.a(_cr__main.o) (_initio)
c:/nxp/lpcxpresso_8.1.2_603/lpcxpresso/tools/bin/../lib/gcc/arm-none-eabi/5.2.1/../../../../arm-none-eabi/lib/armv7-m\libcr_c.a(memcmp.o)
                              C:\Users\Dustin\Documents\Github\FreeRTOS_Library\Debug\libFreeRTOS_Library.a(tasks.o) (memcmp)
c:/nxp/lpcxpresso_8.1.2_603/lpcxpresso/tools/bin/../lib/gcc/arm-none-eabi/5.2.1/../../../../arm-none-eabi/lib/armv7-m\libcr_c.a(setvbuf.o)
                              c:/nxp/lpcxpresso_8.1.2_603/lpcxpresso/tools/bin/../lib/gcc/arm-none-eabi/5.2.1/../../../../arm-none-eabi/lib/armv7-m\libcr_c.a(initio.o) (setvbuf)
c:/nxp/lpcxpresso_8.1.2_603/lpcxpresso/tools/bin/../lib/gcc/arm-none-eabi/5.2.1/../../../../arm-none-eabi/lib/armv7-m\libcr_c.a(stdio.o)
                              c:/nxp/lpcxpresso_8.1.2_603/lpcxpresso/tools/bin/../lib/gcc/arm-none-eabi/5.2.1/../../../../arm-none-eabi/lib/armv7-m\libcr_c.a(initio.o) (__Ciob)
c:/nxp/lpcxpresso_8.1.2_603/lpcxpresso/tools/bin/../lib/gcc/arm-none-eabi/5.2.1/../../../../arm-none-eabi/lib/armv7-m\libcr_c.a(stdlib.o)
                              ./main.o (abs)
c:/nxp/lpcxpresso_8.1.2_603/lpcxpresso/tools/bin/../lib/gcc/arm-none-eabi/5.2.1/../../../../arm-none-eabi/lib/armv7-m\libcr_c.a(__fillbuf.o)
                              c:/nxp/lpcxpresso_8.1.2_603/lpcxpresso/tools/bin/../lib/gcc/arm-none-eabi/5.2.1/../../../../arm-none-eabi/lib/armv7-m\libcr_c.a(stdio.o) (__filbuf)
c:/nxp/lpcxpresso_8.1.2_603/lpcxpresso/tools/bin/../lib/gcc/arm-none-eabi/5.2.1/../../../../arm-none-eabi/lib/armv7-m\libcr_c.a(_deferredlazyseek.o)
                              c:/nxp/lpcxpresso_8.1.2_603/lpcxpresso/tools/bin/../lib/gcc/arm-none-eabi/5.2.1/../../../../arm-none-eabi/lib/armv7-m\libcr_c.a(__fillbuf.o) (_deferredlazyseek)
c:/nxp/lpcxpresso_8.1.2_603/lpcxpresso/tools/bin/../lib/gcc/arm-none-eabi/5.2.1/../../../../arm-none-eabi/lib/armv7-m\libcr_c.a(_fdopen.o)
                              c:/nxp/lpcxpresso_8.1.2_603/lpcxpresso/tools/bin/../lib/gcc/arm-none-eabi/5.2.1/../../../../arm-none-eabi/lib/armv7-m\libcr_c.a(initio.o) (_fdopen)
c:/nxp/lpcxpresso_8.1.2_603/lpcxpresso/tools/bin/../lib/gcc/arm-none-eabi/5.2.1/../../../../arm-none-eabi/lib/armv7-m\libcr_c.a(_fflush.o)
                              c:/nxp/lpcxpresso_8.1.2_603/lpcxpresso/tools/bin/../lib/gcc/arm-none-eabi/5.2.1/../../../../arm-none-eabi/lib/armv7-m\libcr_c.a(__fillbuf.o) (_fflush)
c:/nxp/lpcxpresso_8.1.2_603/lpcxpresso/tools/bin/../lib/gcc/arm-none-eabi/5.2.1/../../../../arm-none-eabi/lib/armv7-m\libcr_c.a(_writebuf.o)
                              c:/nxp/lpcxpresso_8.1.2_603/lpcxpresso/tools/bin/../lib/gcc/arm-none-eabi/5.2.1/../../../../arm-none-eabi/lib/armv7-m\libcr_c.a(_deferredlazyseek.o) (_Cwritebuf)
c:/nxp/lpcxpresso_8.1.2_603/lpcxpresso/tools/bin/../lib/gcc/arm-none-eabi/5.2.1/../../../../arm-none-eabi/lib/armv7-m\libcr_c.a(alloc.o)
                              c:/nxp/lpcxpresso_8.1.2_603/lpcxpresso/tools/bin/../lib/gcc/arm-none-eabi/5.2.1/../../../../arm-none-eabi/lib/armv7-m\libcr_c.a(initio.o) (_Csys_alloc)
c:/nxp/lpcxpresso_8.1.2_603/lpcxpresso/tools/bin/../lib/gcc/arm-none-eabi/5.2.1/../../../../arm-none-eabi/lib/armv7-m\libcr_c.a(fclose.o)
[...]
Memory Configuration

Name             Origin             Length             Attributes
MFlash512        0x00000000         0x00080000         xr
RamLoc32         0x10000000         0x00008000         xrw
RamAHB32         0x2007c000         0x00008000         xrw
*default*        0x00000000         0xffffffff

Linker script and memory map

LOAD ./PWM.o
LOAD ./StepperMotor.o
LOAD ./cr_startup_lpc17.o
LOAD ./main.o
LOAD C:\Users\Dustin\Documents\Github\CMSISv1p30_LPC17xx\Debug\libCMSISv1p30_LPC17xx.a
LOAD C:\Users\Dustin\Documents\Github\FreeRTOS_Library\Debug\libFreeRTOS_Library.a
START GROUP
LOAD c:/nxp/lpcxpresso_8.1.2_603/lpcxpresso/tools/bin/../lib/gcc/arm-none-eabi/5.2.1/../../../../arm-none-eabi/lib/armv7-m\libcr_semihost.a
LOAD c:/nxp/lpcxpresso_8.1.2_603/lpcxpresso/tools/bin/../lib/gcc/arm-none-eabi/5.2.1/../../../../arm-none-eabi/lib/armv7-m\libcr_c.a
LOAD c:/nxp/lpcxpresso_8.1.2_603/lpcxpresso/tools/bin/../lib/gcc/arm-none-eabi/5.2.1/armv7-m\libcr_eabihelpers.a
END GROUP
                0x00000000                __base_MFlash512 = 0x0
                0x00000000                __base_Flash = 0x0
                0x00080000                __top_MFlash512 = 0x80000
                0x00080000                __top_Flash = 0x80000
                0x10000000                __base_RamLoc32 = 0x10000000
                0x10000000                __base_RAM = 0x10000000
                0x10008000                __top_RamLoc32 = 0x10008000
                0x10008000                __top_RAM = 0x10008000
                0x2007c000                __base_RamAHB32 = 0x2007c000
                0x2007c000                __base_RAM2 = 0x2007c000
                0x20084000                __top_RamAHB32 = 0x20084000
                0x20084000                __top_RAM2 = 0x20084000

.text           0x00000000     0x26bc
 FILL mask 0xff
                0x00000000                __vectors_start__ = ABSOLUTE (.)
 *(.isr_vector)
 .isr_vector    0x00000000       0xcc ./cr_startup_lpc17.o
                0x00000000                g_pfnVectors
                0x000000cc                . = ALIGN (0x4)
                0x000000cc                __section_table_start = .
                0x000000cc                __data_section_table = .
                0x000000cc        0x4 LONG 0x26bc LOADADDR (.data)
                0x000000d0        0x4 LONG 0x10000000 ADDR (.data)
                0x000000d4        0x4 LONG 0x10 SIZEOF (.data)
                0x000000d8        0x4 LONG 0x26bc LOADADDR (.data_RAM2)
                0x000000dc        0x4 LONG 0x2007c000 ADDR (.data_RAM2)
                0x000000e0        0x4 LONG 0x0 SIZEOF (.data_RAM2)
                0x000000e4                __data_section_table_end = .
                0x000000e4                __bss_section_table = .
                0x000000e4        0x4 LONG 0x10000010 ADDR (.bss)
                0x000000e8        0x4 LONG 0x2a84 SIZEOF (.bss)
                0x000000ec        0x4 LONG 0x2007c000 ADDR (.bss_RAM2)
                0x000000f0        0x4 LONG 0x0 SIZEOF (.bss_RAM2)
                0x000000f4                __bss_section_table_end = .
                0x000000f4                __section_table_end = .
 *(.after_vectors*)
 *(.text*)
 .text.initPWM  0x000000f4       0x84 ./PWM.o
                0x000000f4                initPWM
 .text.setPWMspeed
                0x00000178       0x24 ./PWM.o
                0x00000178                setPWMspeed
 .text.stepperInit
                0x0000019c       0x4c ./StepperMotor.o
                0x0000019c                stepperInit
 .text.stepperTurnF
                0x000001e8       0xcc ./StepperMotor.o
                0x000001e8                stepperTurnF
 .text.stepperTurnR
                0x000002b4       0xcc ./StepperMotor.o
                0x000002b4                stepperTurnR
 .text.NMI_Handler
                0x00000380        0x4 ./cr_startup_lpc17.o
                0x00000380                NMI_Handler
 .text.HardFault_Handler
                0x00000384        0x4 ./cr_startup_lpc17.o
                0x00000384                HardFault_Handler
 .text.MemManage_Handler
                0x00000388        0x4 ./cr_startup_lpc17.o
                0x00000388                MemManage_Handler
 .text.BusFault_Handler
                0x0000038c        0x4 ./cr_startup_lpc17.o
                0x0000038c                BusFault_Handler
 .text.UsageFault_Handler
                0x00000390        0x4 ./cr_startup_lpc17.o
                0x00000390                UsageFault_Handler
 .text.DebugMon_Handler
                0x00000394        0x4 ./cr_startup_lpc17.o
                0x00000394                DebugMon_Handler
 .text.IntDefaultHandler
                0x00000398        0x4 ./cr_startup_lpc17.o
                0x00000398                TIMER2_IRQHandler
                0x00000398                RIT_IRQHandler
                0x00000398                I2C0_IRQHandler
                0x00000398                USBActivity_IRQHandler
                0x00000398                PWM1_IRQHandler
                0x00000398                I2C1_IRQHandler
                0x00000398                EINT2_IRQHandler
                0x00000398                UART1_IRQHandler
                0x00000398                CANActivity_IRQHandler
                0x00000398                TIMER3_IRQHandler
                0x00000398                UART0_IRQHandler
                0x00000398                IntDefaultHandler
                0x00000398                PLL0_IRQHandler
                0x00000398                CAN_IRQHandler
                0x00000398                PLL1_IRQHandler
                0x00000398                SSP0_IRQHandler
                0x00000398                I2S_IRQHandler
                0x00000398                I2C2_IRQHandler
                0x00000398                RTC_IRQHandler
                0x00000398                TIMER0_IRQHandler
                0x00000398                SPI_IRQHandler
                0x00000398                EINT1_IRQHandler
                0x00000398                TIMER1_IRQHandler
                0x00000398                UART2_IRQHandler
                0x00000398                ADC_IRQHandler
                0x00000398                SSP1_IRQHandler
                0x00000398                USB_IRQHandler
                0x00000398                BOD_IRQHandler
                0x00000398                WDT_IRQHandler
                0x00000398                QEI_IRQHandler
                0x00000398                EINT0_IRQHandler
                0x00000398                DMA_IRQHandler
                0x00000398                UART3_IRQHandler
                0x00000398                MCPWM_IRQHandler
                0x00000398                ENET_IRQHandler
 .text.ResetISR
                0x0000039c       0x58 ./cr_startup_lpc17.o
                0x0000039c                ResetISR
 .text.main     0x000003f4       0x48 ./main.o
                0x000003f4                main
 .text.read     0x0000043c       0x14 ./main.o
                0x0000043c                read
 .text.BluetoothTask
                0x00000450      0x16c ./main.o
                0x00000450                BluetoothTask
 .text.vApplicationMallocFailedHook
                0x000005bc        0x4 ./main.o
                0x000005bc                vApplicationMallocFailedHook
 .text.vApplicationStackOverflowHook
                0x000005c0        0x4 ./main.o
                0x000005c0                vApplicationStackOverflowHook
 .text.vApplicationIdleHook
                0x000005c4        0x4 ./main.o
                0x000005c4                vApplicationIdleHook
 .text.vApplicationTickHook
                0x000005c8        0x4 ./main.o
                0x000005c8                vApplicationTickHook
 .text.SSP_init
                0x000005cc       0x90 ./main.o
                0x000005cc                SSP_init
 .text.is_Tx_not_full
                0x0000065c       0x10 ./main.o
                0x0000065c                is_Tx_not_full
 .text.is_Rx_not_empty
                0x0000066c       0x10 ./main.o
                0x0000066c                is_Rx_not_empty
 .text.is_busy  0x0000067c       0x10 ./main.o
                0x0000067c                is_busy
 .text.SSPSend  0x0000068c       0x74 ./main.o
                0x0000068c                SSPSend
 .text.SSPReceive
                0x00000700       0x68 ./main.o
                0x00000700                SSPReceive
 .text.calc_target.5596
                0x00000768       0x80 ./main.o
 .text.MainBalanceTask
                0x000007e8      0x4c0 ./main.o
                0x000007e8                MainBalanceTask
 .text.EINT3_IRQHandler
                0x00000ca8       0x80 ./main.o
                0x00000ca8                EINT3_IRQHandler
 .text.SystemInit
                0x00000d28      0x140 C:\Users\Dustin\Documents\Github\CMSISv1p30_LPC17xx\Debug\libCMSISv1p30_LPC17xx.a(system_LPC17xx.o)
                0x00000d28                SystemInit
 .text          0x00000e68      0x25c C:\Users\Dustin\Documents\Github\FreeRTOS_Library\Debug\libFreeRTOS_Library.a(port.o)
                0x00000e80                pxPortInitialiseStack
                0x00000ea0                vPortSVCHandler
                0x00000ec4                vPortYield
                0x00000edc                ulPortSetInterruptMask
                0x00000f08                vPortEndScheduler
                0x00000f20                vPortEnterCritical
                0x00000f3c                vPortClearInterruptMask
                0x00000f44                vPortExitCritical
                0x00000f68                xPortPendSVHandler
                0x00000fac                xPortSysTickHandler
                0x00000fcc                vPortSetupTimerInterrupt
                0x00000fe0                xPortStartScheduler
                0x0000107c                vPortValidateInterruptPriority
 .text          0x000010c4      0xc90 C:\Users\Dustin\Documents\Github\FreeRTOS_Library\Debug\libFreeRTOS_Library.a(tasks.o)
                0x00001160                xTaskGenericCreate
                0x0000131c                vTaskDelete
                0x00001394                uxTaskPriorityGet
                0x000013b0                vTaskPrioritySet
                0x00001464                vTaskResume
                0x000014cc                xTaskResumeFromISR
                0x00001558                vTaskStartScheduler
                0x000015a4                vTaskEndScheduler
                0x000015bc                vTaskSuspendAll
                0x000015d0                xTaskGetTickCount
                0x000015e8                xTaskGetTickCountFromISR
                0x00001604                uxTaskGetNumberOfTasks
                0x00001610                xTaskIncrementTick
                0x00001714                xTaskResumeAll
                0x000017e8                vTaskDelayUntil
                0x0000185c                vTaskDelay
                0x000018f0                vTaskSwitchContext
                0x000019cc                vTaskSuspend
                0x00001a4c                vTaskPlaceOnEventList
                0x00001a90                vTaskPlaceOnUnorderedEventList
                0x00001ae8                xTaskRemoveFromEventList
                0x00001b60                xTaskRemoveFromUnorderedEventList
                0x00001bcc                vTaskSetTimeOutState
                0x00001be8                xTaskCheckForTimeOut
                0x00001c50                vTaskMissedYield
                0x00001c60                xTaskGetCurrentTaskHandle
                0x00001c6c                vTaskPriorityInherit
                0x00001ce8                vTaskPriorityDisinherit
                0x00001d3c                uxTaskResetEventItemValue
 .text          0x00001d54      0x128 C:\Users\Dustin\Documents\Github\FreeRTOS_Library\Debug\libFreeRTOS_Library.a(heap_2.o)
                0x00001d54                pvPortMalloc
                0x00001e28                vPortFree
                0x00001e6c                xPortGetFreeHeapSize
                0x00001e78                vPortInitialiseBlocks
 .text          0x00001e7c       0x90 C:\Users\Dustin\Documents\Github\FreeRTOS_Library\Debug\libFreeRTOS_Library.a(list.o)
                0x00001e7c                vListInitialise
                0x00001e94                vListInitialiseItem
                0x00001e9c                vListInsertEnd
                0x00001eb4                vListInsert
                0x00001ee8                uxListRemove
 .text.__main   0x00001f0c       0x14 c:/nxp/lpcxpresso_8.1.2_603/lpcxpresso/tools/bin/../lib/gcc/arm-none-eabi/5.2.1/../../../../arm-none-eabi/lib/armv7-m\libcr_semihost.a(_cr__main.o)
                0x00001f0c                __CR_SEMIHOST
                0x00001f0c                __main
 .text.memset   0x00001f20        0x4 c:/nxp/lpcxpresso_8.1.2_603/lpcxpresso/tools/bin/../lib/gcc/arm-none-eabi/5.2.1/../../../../arm-none-eabi/lib/armv7-m\libcr_c.a(memset.o)
                0x00001f20                memset
 .text._initio  0x00001f24       0xa4 c:/nxp/lpcxpresso_8.1.2_603/lpcxpresso/tools/bin/../lib/gcc/arm-none-eabi/5.2.1/../../../../arm-none-eabi/lib/armv7-m\libcr_c.a(initio.o)
                0x00001f24                _initio
 .text.memcmp   0x00001fc8       0x42 c:/nxp/lpcxpresso_8.1.2_603/lpcxpresso/tools/bin/../lib/gcc/arm-none-eabi/5.2.1/../../../../arm-none-eabi/lib/armv7-m\libcr_c.a(memcmp.o)
                0x00001fc8                memcmp
 *fill*         0x0000200a        0x2 ff
 .text.setvbuf  0x0000200c       0x40 c:/nxp/lpcxpresso_8.1.2_603/lpcxpresso/tools/bin/../lib/gcc/arm-none-eabi/5.2.1/../../../../arm-none-eabi/lib/armv7-m\libcr_c.a(setvbuf.o)
                0x0000200c                setvbuf
 .text.abs      0x0000204c        0x8 c:/nxp/lpcxpresso_8.1.2_603/lpcxpresso/tools/bin/../lib/gcc/arm-none-eabi/5.2.1/../../../../arm-none-eabi/lib/armv7-m\libcr_c.a(stdlib.o)
                0x0000204c                abs
 .text._deferredlazyseek
                0x00002054       0x44 c:/nxp/lpcxpresso_8.1.2_603/lpcxpresso/tools/bin/../lib/gcc/arm-none-eabi/5.2.1/../../../../arm-none-eabi/lib/armv7-m\libcr_c.a(_deferredlazyseek.o)
                0x00002054                _deferredlazyseek
 .text._fdopen  0x00002098       0x6a c:/nxp/lpcxpresso_8.1.2_603/lpcxpresso/tools/bin/../lib/gcc/arm-none-eabi/5.2.1/../../../../arm-none-eabi/lib/armv7-m\libcr_c.a(_fdopen.o)
                0x00002098                _fdopen
 .text._fflush  0x00002102       0x58 c:/nxp/lpcxpresso_8.1.2_603/lpcxpresso/tools/bin/../lib/gcc/arm-none-eabi/5.2.1/../../../../arm-none-eabi/lib/armv7-m\libcr_c.a(_fflush.o)
                0x00002102                _fflush
 *fill*         0x0000215a        0x2 ff
 .text._Cwritebuf
                0x0000215c       0x68 c:/nxp/lpcxpresso_8.1.2_603/lpcxpresso/tools/bin/../lib/gcc/arm-none-eabi/5.2.1/../../../../arm-none-eabi/lib/armv7-m\libcr_c.a(_writebuf.o)
                0x0000215c                _Cwritebuf
 .text.malloc   0x000021c4       0xc8 c:/nxp/lpcxpresso_8.1.2_603/lpcxpresso/tools/bin/../lib/gcc/arm-none-eabi/5.2.1/../../../../arm-none-eabi/lib/armv7-m\libcr_c.a(alloc.o)
                0x000021c4                malloc
 .text.free     0x0000228c       0x30 c:/nxp/lpcxpresso_8.1.2_603/lpcxpresso/tools/bin/../lib/gcc/arm-none-eabi/5.2.1/../../../../arm-none-eabi/lib/armv7-m\libcr_c.a(alloc.o)
                0x0000228c                free
 .text._Csys_alloc
                0x000022bc       0x20 c:/nxp/lpcxpresso_8.1.2_603/lpcxpresso/tools/bin/../lib/gcc/arm-none-eabi/5.2.1/../../../../arm-none-eabi/lib/armv7-m\libcr_c.a(alloc.o)
                0x000022bc                _Csys_alloc
 .text.fclose   0x000022dc       0x6c c:/nxp/lpcxpresso_8.1.2_603/lpcxpresso/tools/bin/../lib/gcc/arm-none-eabi/5.2.1/../../../../arm-none-eabi/lib/armv7-m\libcr_c.a(fclose.o)
                0x000022dc                fclose
 .text.fflush   0x00002348       0x30 c:/nxp/lpcxpresso_8.1.2_603/lpcxpresso/tools/bin/../lib/gcc/arm-none-eabi/5.2.1/../../../../arm-none-eabi/lib/armv7-m\libcr_c.a(fflush.o)
                0x00002348                fflush
 .text.fseek    0x00002378      0x110 c:/nxp/lpcxpresso_8.1.2_603/lpcxpresso/tools/bin/../lib/gcc/arm-none-eabi/5.2.1/../../../../arm-none-eabi/lib/armv7-m\libcr_c.a(fseek.o)
                0x00002378                fseek
 .text.ftell    0x00002488       0x4c c:/nxp/lpcxpresso_8.1.2_603/lpcxpresso/tools/bin/../lib/gcc/arm-none-eabi/5.2.1/../../../../arm-none-eabi/lib/armv7-m\libcr_c.a(ftell.o)
                0x00002488                ftell
 .text.remove   0x000024d4       0x14 c:/nxp/lpcxpresso_8.1.2_603/lpcxpresso/tools/bin/../lib/gcc/arm-none-eabi/5.2.1/../../../../arm-none-eabi/lib/armv7-m\libcr_c.a(remove.o)
                0x000024d4                remove
 .text.strlen   0x000024e8       0x4a c:/nxp/lpcxpresso_8.1.2_603/lpcxpresso/tools/bin/../lib/gcc/arm-none-eabi/5.2.1/../../../../arm-none-eabi/lib/armv7-m\libcr_c.a(strlen.o)
                0x000024e8                strlen
 *fill*         0x00002532        0x2 ff
 .text._sbrk    0x00002534       0x40 c:/nxp/lpcxpresso_8.1.2_603/lpcxpresso/tools/bin/../lib/gcc/arm-none-eabi/5.2.1/../../../../arm-none-eabi/lib/armv7-m\libcr_c.a(_cr_sbrk.o)
                0x00002534                _sbrk
 .text._do_fflush
                0x00002574       0x44 c:/nxp/lpcxpresso_8.1.2_603/lpcxpresso/tools/bin/../lib/gcc/arm-none-eabi/5.2.1/../../../../arm-none-eabi/lib/armv7-m\libcr_c.a(_do_fflush.o)
                0x00002574                _do_fflush
 .text.__check_heap_overflow
                0x000025b8       0x18 c:/nxp/lpcxpresso_8.1.2_603/lpcxpresso/tools/bin/../lib/gcc/arm-none-eabi/5.2.1/../../../../arm-none-eabi/lib/armv7-m\libcr_c.a(_cr_check_heap.o)
                0x000025b8                __check_heap_overflow
 .text.__aeabi_memset_lowlevel
                0x000025d0       0x32 c:/nxp/lpcxpresso_8.1.2_603/lpcxpresso/tools/bin/../lib/gcc/arm-none-eabi/5.2.1/armv7-m\libcr_eabihelpers.a(memcpy.o)
                0x000025d0                __aeabi_lowlevel_memset
 *fill*         0x00002602        0x2 ff
 .text.__sys_appexit
                0x00002604        0xc c:/nxp/lpcxpresso_8.1.2_603/lpcxpresso/tools/bin/../lib/gcc/arm-none-eabi/5.2.1/../../../../arm-none-eabi/lib/armv7-m\libcr_semihost.a(__sys_appexit.o)
                0x00002604                __sys_appexit
                0x00002604                __exit
 .text.__sys_close
                0x00002610        0xc c:/nxp/lpcxpresso_8.1.2_603/lpcxpresso/tools/bin/../lib/gcc/arm-none-eabi/5.2.1/../../../../arm-none-eabi/lib/armv7-m\libcr_semihost.a(__sys_close.o)
                0x00002610                __sys_close
 .text.__sys_flen
                0x0000261c        0xc c:/nxp/lpcxpresso_8.1.2_603/lpcxpresso/tools/bin/../lib/gcc/arm-none-eabi/5.2.1/../../../../arm-none-eabi/lib/armv7-m\libcr_semihost.a(__sys_flen.o)
                0x0000261c                __sys_flen
 .text.__sys_istty
                0x00002628        0xc c:/nxp/lpcxpresso_8.1.2_603/lpcxpresso/tools/bin/../lib/gcc/arm-none-eabi/5.2.1/../../../../arm-none-eabi/lib/armv7-m\libcr_semihost.a(__sys_istty.o)
                0x00002628                __sys_istty
 .text.__sys_remove
                0x00002634        0xc c:/nxp/lpcxpresso_8.1.2_603/lpcxpresso/tools/bin/../lib/gcc/arm-none-eabi/5.2.1/../../../../arm-none-eabi/lib/armv7-m\libcr_semihost.a(__sys_remove.o)
                0x00002634                __sys_remove
 .text.__sys_seek
                0x00002640        0xc c:/nxp/lpcxpresso_8.1.2_603/lpcxpresso/tools/bin/../lib/gcc/arm-none-eabi/5.2.1/../../../../arm-none-eabi/lib/armv7-m\libcr_semihost.a(__sys_seek.o)
                0x00002640                __sys_seek
 .text.__sys_tmpnam
                0x0000264c        0xc c:/nxp/lpcxpresso_8.1.2_603/lpcxpresso/tools/bin/../lib/gcc/arm-none-eabi/5.2.1/../../../../arm-none-eabi/lib/armv7-m\libcr_semihost.a(__sys_tmpnam.o)
                0x0000264c                __sys_tmpnam
 .text.__sys_write
                0x00002658        0xc c:/nxp/lpcxpresso_8.1.2_603/lpcxpresso/tools/bin/../lib/gcc/arm-none-eabi/5.2.1/../../../../arm-none-eabi/lib/armv7-m\libcr_semihost.a(__sys_write.o)
                0x00002658                __sys_write
                0x00002658                __write
 *(.rodata .rodata.* .constdata .constdata.*)
 .rodata.str1.4
                0x00002664       0x1e ./main.o
 *fill*         0x00002682        0x2 ff
 .rodata        0x00002684       0x14 C:\Users\Dustin\Documents\Github\FreeRTOS_Library\Debug\libFreeRTOS_Library.a(tasks.o)
 .rodata.str1.4
                0x00002698        0x8 C:\Users\Dustin\Documents\Github\FreeRTOS_Library\Debug\libFreeRTOS_Library.a(tasks.o)
                                  0x5 (size before relaxing)
 .rodata.str1.1
                0x000026a0        0x4 c:/nxp/lpcxpresso_8.1.2_603/lpcxpresso/tools/bin/../lib/gcc/arm-none-eabi/5.2.1/../../../../arm-none-eabi/lib/armv7-m\libcr_c.a(initio.o)
 .rodata.str1.1
                0x000026a4       0x18 c:/nxp/lpcxpresso_8.1.2_603/lpcxpresso/tools/bin/../lib/gcc/arm-none-eabi/5.2.1/../../../../arm-none-eabi/lib/armv7-m\libcr_c.a(alloc.o)
                0x000026bc                . = ALIGN (0x4)

.glue_7         0x000026bc        0x0
 .glue_7        0x000026bc        0x0 linker stubs

.glue_7t        0x000026bc        0x0
 .glue_7t       0x000026bc        0x0 linker stubs

.vfp11_veneer   0x000026bc        0x0
 .vfp11_veneer  0x000026bc        0x0 linker stubs

.v4_bx          0x000026bc        0x0
 .v4_bx         0x000026bc        0x0 linker stubs

.iplt           0x000026bc        0x0
 .iplt          0x000026bc        0x0 ./PWM.o

.rel.dyn        0x000026bc        0x0
 .rel.iplt      0x000026bc        0x0 ./PWM.o

.ARM.extab
 *(.ARM.extab* .gnu.linkonce.armextab.*)
                0x000026bc                __exidx_start = .

.ARM.exidx
 *(.ARM.exidx* .gnu.linkonce.armexidx.*)
                0x000026bc                __exidx_end = .
                0x000026bc                _etext = .

.data_RAM2      0x2007c000        0x0 load address 0x000026bc
 FILL mask 0xff
                [!provide]                PROVIDE (__start_data_RAM2, .)
 *(.ramfunc.$RAM2)
 *(.ramfunc.$RamAHB32)
 *(.data.$RAM2*)
 *(.data.$RamAHB32*)
                0x2007c000                . = ALIGN (0x4)
                [!provide]                PROVIDE (__end_data_RAM2, .)

.uninit_RESERVED
                0x10000000        0x0
 *(.bss.$RESERVED*)
                0x10000000                . = ALIGN (0x4)
                0x10000000                _end_uninit_RESERVED = .

.data           0x10000000       0x10 load address 0x000026bc
 FILL mask 0xff
                0x10000000                _data = .
 *(vtable)
 *(.ramfunc*)
 *(.data*)
 .data          0x10000000        0x4 C:\Users\Dustin\Documents\Github\CMSISv1p30_LPC17xx\Debug\libCMSISv1p30_LPC17xx.a(system_LPC17xx.o)
                0x10000000                SystemCoreClock
 .data          0x10000004        0x4 C:\Users\Dustin\Documents\Github\FreeRTOS_Library\Debug\libFreeRTOS_Library.a(port.o)
 .data          0x10000008        0x4 C:\Users\Dustin\Documents\Github\FreeRTOS_Library\Debug\libFreeRTOS_Library.a(tasks.o)
 .data          0x1000000c        0x4 C:\Users\Dustin\Documents\Github\FreeRTOS_Library\Debug\libFreeRTOS_Library.a(heap_2.o)
                0x10000010                . = ALIGN (0x4)
                0x10000010                _edata = .

.igot.plt       0x10000010        0x0 load address 0x000026cc
 .igot.plt      0x10000010        0x0 ./PWM.o

.bss_RAM2       0x2007c000        0x0
                [!provide]                PROVIDE (__start_bss_RAM2, .)
 *(.bss.$RAM2*)
 *(.bss.$RamAHB32*)
                0x2007c000                . = ALIGN ((. != 0x0)?0x4:0x1)
                [!provide]                PROVIDE (__end_bss_RAM2, .)

.bss            0x10000010     0x2a84
                0x10000010                _bss = .
 *(.bss*)
 .bss           0x10000010       0x1c ./main.o
                0x10000010                right
                0x10000014                left
                0x10000018                cent
                0x1000001c                on
                0x10000020                spd
                0x10000024                mtr
                0x10000028                poscounter
 .bss           0x1000002c        0x8 C:\Users\Dustin\Documents\Github\FreeRTOS_Library\Debug\libFreeRTOS_Library.a(port.o)
 .bss           0x10000034       0xfc C:\Users\Dustin\Documents\Github\FreeRTOS_Library\Debug\libFreeRTOS_Library.a(tasks.o)
                0x10000060                pxCurrentTCB
 .bss           0x10000130     0x2814 C:\Users\Dustin\Documents\Github\FreeRTOS_Library\Debug\libFreeRTOS_Library.a(heap_2.o)
 .bss._extra    0x10002944        0x4 c:/nxp/lpcxpresso_8.1.2_603/lpcxpresso/tools/bin/../lib/gcc/arm-none-eabi/5.2.1/../../../../arm-none-eabi/lib/armv7-m\libcr_c.a(initio.o)
                0x10002944                _extra
 .bss.__Ciob    0x10002948      0x140 c:/nxp/lpcxpresso_8.1.2_603/lpcxpresso/tools/bin/../lib/gcc/arm-none-eabi/5.2.1/../../../../arm-none-eabi/lib/armv7-m\libcr_c.a(stdio.o)
                0x10002948                __Ciob
 .bss.__heaps   0x10002a88        0x4 c:/nxp/lpcxpresso_8.1.2_603/lpcxpresso/tools/bin/../lib/gcc/arm-none-eabi/5.2.1/../../../../arm-none-eabi/lib/armv7-m\libcr_c.a(__init_alloc.o)
                0x10002a88                __heaps
 .bss.__end_of_heap
                0x10002a8c        0x4 c:/nxp/lpcxpresso_8.1.2_603/lpcxpresso/tools/bin/../lib/gcc/arm-none-eabi/5.2.1/../../../../arm-none-eabi/lib/armv7-m\libcr_c.a(__init_alloc.o)
                0x10002a8c                __end_of_heap
 .bss.errno     0x10002a90        0x4 c:/nxp/lpcxpresso_8.1.2_603/lpcxpresso/tools/bin/../lib/gcc/arm-none-eabi/5.2.1/../../../../arm-none-eabi/lib/armv7-m\libcr_c.a(errno.o)
                0x10002a90                errno
 *(COMMON)
                0x10002a94                . = ALIGN (0x4)
                0x10002a94                _ebss = .
                [!provide]                PROVIDE (end, .)

.noinit_RAM2    0x2007c000        0x0
 *(.noinit.$RAM2*)
 *(.noinit.$RamAHB32*)
                0x2007c000                . = ALIGN (0x4)

.noinit         0x10002a94        0x0
                0x10002a94                _noinit = .
 *(.noinit*)
                0x10002a94                . = ALIGN (0x4)
                0x10002a94                _end_noinit = .
                0x10002a94                PROVIDE (_pvHeapStart, DEFINED (__user_heap_base)?__user_heap_base:.)
                0x10008000                PROVIDE (_vStackTop, DEFINED (__user_stack_top)?__user_stack_top:(__top_RamLoc32 - 0x0))
                [!provide]                PROVIDE (__valid_user_code_checksum, (0x0 - ((((((_vStackTop + (ResetISR + 0x1)) + (NMI_Handler + 0x1)) + (HardFault_Handler + 0x1)) + (DEFINED (MemManage_Handler)?MemManage_Handler:0x0 + 0x1)) + (DEFINED (BusFault_Handler)?BusFault_Handler:0x0 + 0x1)) + (DEFINED (UsageFault_Handler)?UsageFault_Handler:0x0 + 0x1))))
OUTPUT(ControlAlgorithmfreeRTOS.axf elf32-littlearm)

.debug_info     0x00000000     0x4ed1
 .debug_info    0x00000000      0x61e ./PWM.o
 .debug_info    0x0000061e      0x78c ./StepperMotor.o
 .debug_info    0x00000daa      0x1de ./cr_startup_lpc17.o
 .debug_info    0x00000f88     0x19bc ./main.o
 .debug_info    0x00002944      0x30d C:\Users\Dustin\Documents\Github\CMSISv1p30_LPC17xx\Debug\libCMSISv1p30_LPC17xx.a(system_LPC17xx.o)
 .debug_info    0x00002c51      0x3d4 C:\Users\Dustin\Documents\Github\FreeRTOS_Library\Debug\libFreeRTOS_Library.a(port.o)
 .debug_info    0x00003025     0x1888 C:\Users\Dustin\Documents\Github\FreeRTOS_Library\Debug\libFreeRTOS_Library.a(tasks.o)
 .debug_info    0x000048ad      0x37c C:\Users\Dustin\Documents\Github\FreeRTOS_Library\Debug\libFreeRTOS_Library.a(heap_2.o)
 .debug_info    0x00004c29      0x2a8 C:\Users\Dustin\Documents\Github\FreeRTOS_Library\Debug\libFreeRTOS_Library.a(list.o)

.debug_abbrev   0x00000000     0x10a4
 .debug_abbrev  0x00000000      0x122 ./PWM.o
 .debug_abbrev  0x00000122      0x170 ./StepperMotor.o
 .debug_abbrev  0x00000292       0xe5 ./cr_startup_lpc17.o
 .debug_abbrev  0x00000377      0x4a7 ./main.o
 .debug_abbrev  0x0000081e       0xe6 C:\Users\Dustin\Documents\Github\CMSISv1p30_LPC17xx\Debug\libCMSISv1p30_LPC17xx.a(system_LPC17xx.o)
 .debug_abbrev  0x00000904      0x1ff C:\Users\Dustin\Documents\Github\FreeRTOS_Library\Debug\libFreeRTOS_Library.a(port.o)
 .debug_abbrev  0x00000b03      0x2c3 C:\Users\Dustin\Documents\Github\FreeRTOS_Library\Debug\libFreeRTOS_Library.a(tasks.o)
 .debug_abbrev  0x00000dc6      0x1e5 C:\Users\Dustin\Documents\Github\FreeRTOS_Library\Debug\libFreeRTOS_Library.a(heap_2.o)
 .debug_abbrev  0x00000fab       0xf9 C:\Users\Dustin\Documents\Github\FreeRTOS_Library\Debug\libFreeRTOS_Library.a(list.o)

.debug_loc      0x00000000     0x2660
 .debug_loc     0x00000000       0x70 ./PWM.o
 .debug_loc     0x00000070      0x4fc ./StepperMotor.o
 .debug_loc     0x0000056c       0x2b ./cr_startup_lpc17.o
 .debug_loc     0x00000597      0xbb4 ./main.o
 .debug_loc     0x0000114b       0xa6 C:\Users\Dustin\Documents\Github\FreeRTOS_Library\Debug\libFreeRTOS_Library.a(port.o)
 .debug_loc     0x000011f1     0x118a C:\Users\Dustin\Documents\Github\FreeRTOS_Library\Debug\libFreeRTOS_Library.a(tasks.o)
 .debug_loc     0x0000237b      0x280 C:\Users\Dustin\Documents\Github\FreeRTOS_Library\Debug\libFreeRTOS_Library.a(heap_2.o)
 .debug_loc     0x000025fb       0x65 C:\Users\Dustin\Documents\Github\FreeRTOS_Library\Debug\libFreeRTOS_Library.a(list.o)

.debug_aranges  0x00000000      0x238
 .debug_aranges
                0x00000000       0x30 ./PWM.o
 .debug_aranges
                0x00000030       0x38 ./StepperMotor.o
 .debug_aranges
                0x00000068       0x70 ./cr_startup_lpc17.o
 .debug_aranges
                0x000000d8       0xb8 ./main.o
 .debug_aranges
                0x00000190       0x28 C:\Users\Dustin\Documents\Github\CMSISv1p30_LPC17xx\Debug\libCMSISv1p30_LPC17xx.a(system_LPC17xx.o)
 .debug_aranges
                0x000001b8       0x20 C:\Users\Dustin\Documents\Github\FreeRTOS_Library\Debug\libFreeRTOS_Library.a(port.o)
 .debug_aranges
                0x000001d8       0x20 C:\Users\Dustin\Documents\Github\FreeRTOS_Library\Debug\libFreeRTOS_Library.a(tasks.o)
 .debug_aranges
                0x000001f8       0x20 C:\Users\Dustin\Documents\Github\FreeRTOS_Library\Debug\libFreeRTOS_Library.a(heap_2.o)
 .debug_aranges
                0x00000218       0x20 C:\Users\Dustin\Documents\Github\FreeRTOS_Library\Debug\libFreeRTOS_Library.a(list.o)

.debug_ranges   0x00000000      0x1b0
 .debug_ranges  0x00000000       0x20 ./PWM.o
 .debug_ranges  0x00000020       0x28 ./StepperMotor.o
 .debug_ranges  0x00000048       0x60 ./cr_startup_lpc17.o
 .debug_ranges  0x000000a8       0xa8 ./main.o
 .debug_ranges  0x00000150       0x18 C:\Users\Dustin\Documents\Github\CMSISv1p30_LPC17xx\Debug\libCMSISv1p30_LPC17xx.a(system_LPC17xx.o)
 .debug_ranges  0x00000168       0x48 C:\Users\Dustin\Documents\Github\FreeRTOS_Library\Debug\libFreeRTOS_Library.a(tasks.o)

.debug_macro    0x00000000     0x3dd3
 .debug_macro   0x00000000       0x70 ./PWM.o
 .debug_macro   0x00000070      0x880 ./PWM.o
 .debug_macro   0x000008f0       0x82 ./PWM.o
 .debug_macro   0x00000972       0x10 ./PWM.o
 .debug_macro   0x00000982      0x12d ./PWM.o
 .debug_macro   0x00000aaf      0x5b2 ./PWM.o
 .debug_macro   0x00001061       0x1c ./PWM.o
 .debug_macro   0x0000107d      0x7d5 ./PWM.o
 .debug_macro   0x00001852      0x2c7 ./PWM.o
 .debug_macro   0x00001b19       0xcd ./StepperMotor.o
 .debug_macro   0x00001be6       0x16 ./StepperMotor.o
 .debug_macro   0x00001bfc       0x40 ./StepperMotor.o
 .debug_macro   0x00001c3c       0xd6 ./StepperMotor.o
 .debug_macro   0x00001d12       0xb6 ./StepperMotor.o
 .debug_macro   0x00001dc8       0x12 ./StepperMotor.o
 .debug_macro   0x00001dda       0x1f ./StepperMotor.o
 .debug_macro   0x00001df9      0x35a ./StepperMotor.o
 .debug_macro   0x00002153       0x52 ./cr_startup_lpc17.o
 .debug_macro   0x000021a5      0x14c ./main.o
 .debug_macro   0x000022f1       0xd0 ./main.o
 .debug_macro   0x000023c1       0x79 ./main.o
 .debug_macro   0x0000243a       0x69 ./main.o
 .debug_macro   0x000024a3       0x1c ./main.o
 .debug_macro   0x000024bf       0xc4 ./main.o
 .debug_macro   0x00002583       0x9a ./main.o
 .debug_macro   0x0000261d      0x113 C:\Users\Dustin\Documents\Github\CMSISv1p30_LPC17xx\Debug\libCMSISv1p30_LPC17xx.a(system_LPC17xx.o)
 .debug_macro   0x00002730      0x880 C:\Users\Dustin\Documents\Github\CMSISv1p30_LPC17xx\Debug\libCMSISv1p30_LPC17xx.a(system_LPC17xx.o)
 .debug_macro   0x00002fb0      0x16f C:\Users\Dustin\Documents\Github\FreeRTOS_Library\Debug\libFreeRTOS_Library.a(port.o)
 .debug_macro   0x0000311f      0x874 C:\Users\Dustin\Documents\Github\FreeRTOS_Library\Debug\libFreeRTOS_Library.a(port.o)
 .debug_macro   0x00003993      0x189 C:\Users\Dustin\Documents\Github\FreeRTOS_Library\Debug\libFreeRTOS_Library.a(tasks.o)
 .debug_macro   0x00003b1c       0x28 C:\Users\Dustin\Documents\Github\FreeRTOS_Library\Debug\libFreeRTOS_Library.a(tasks.o)
 .debug_macro   0x00003b44       0x91 C:\Users\Dustin\Documents\Github\FreeRTOS_Library\Debug\libFreeRTOS_Library.a(tasks.o)
 .debug_macro   0x00003bd5       0x17 C:\Users\Dustin\Documents\Github\FreeRTOS_Library\Debug\libFreeRTOS_Library.a(tasks.o)
 .debug_macro   0x00003bec      0x10a C:\Users\Dustin\Documents\Github\FreeRTOS_Library\Debug\libFreeRTOS_Library.a(heap_2.o)
 .debug_macro   0x00003cf6       0xdd C:\Users\Dustin\Documents\Github\FreeRTOS_Library\Debug\libFreeRTOS_Library.a(list.o)

.debug_line     0x00000000     0x1ebe
 .debug_line    0x00000000      0x1fd ./PWM.o
 .debug_line    0x000001fd      0x379 ./StepperMotor.o
 .debug_line    0x00000576      0x1fd ./cr_startup_lpc17.o
 .debug_line    0x00000773      0x6bd ./main.o
 .debug_line    0x00000e30      0x1e8 C:\Users\Dustin\Documents\Github\CMSISv1p30_LPC17xx\Debug\libCMSISv1p30_LPC17xx.a(system_LPC17xx.o)
 .debug_line    0x00001018      0x2fb C:\Users\Dustin\Documents\Github\FreeRTOS_Library\Debug\libFreeRTOS_Library.a(port.o)
 .debug_line    0x00001313      0x65f C:\Users\Dustin\Documents\Github\FreeRTOS_Library\Debug\libFreeRTOS_Library.a(tasks.o)
 .debug_line    0x00001972      0x2c8 C:\Users\Dustin\Documents\Github\FreeRTOS_Library\Debug\libFreeRTOS_Library.a(heap_2.o)
 .debug_line    0x00001c3a      0x284 C:\Users\Dustin\Documents\Github\FreeRTOS_Library\Debug\libFreeRTOS_Library.a(list.o)

.debug_str      0x00000000     0xe0bc
 .debug_str     0x00000000     0x824a ./PWM.o
                               0x82d3 (size before relaxing)
 .debug_str     0x0000824a     0x1fdd ./StepperMotor.o
                               0xa130 (size before relaxing)
 .debug_str     0x0000a227      0x14e ./cr_startup_lpc17.o
                               0x3d75 (size before relaxing)
 .debug_str     0x0000a375     0x156b ./main.o
                               0xb810 (size before relaxing)
 .debug_str     0x0000b8e0      0x3d0 C:\Users\Dustin\Documents\Github\CMSISv1p30_LPC17xx\Debug\libCMSISv1p30_LPC17xx.a(system_LPC17xx.o)
                               0x7ff3 (size before relaxing)
 .debug_str     0x0000bcb0      0x7c7 C:\Users\Dustin\Documents\Github\FreeRTOS_Library\Debug\libFreeRTOS_Library.a(port.o)
                               0xaa9e (size before relaxing)
 .debug_str     0x0000c477     0x18c6 C:\Users\Dustin\Documents\Github\FreeRTOS_Library\Debug\libFreeRTOS_Library.a(tasks.o)
                               0xbe96 (size before relaxing)
 .debug_str     0x0000dd3d      0x338 C:\Users\Dustin\Documents\Github\FreeRTOS_Library\Debug\libFreeRTOS_Library.a(heap_2.o)
                               0xa7a5 (size before relaxing)
 .debug_str     0x0000e075       0x47 C:\Users\Dustin\Documents\Github\FreeRTOS_Library\Debug\libFreeRTOS_Library.a(list.o)
                               0xa149 (size before relaxing)

.comment        0x00000000       0x6e
 .comment       0x00000000       0x6e ./PWM.o
                                 0x6f (size before relaxing)
 .comment       0x0000006e       0x6f ./StepperMotor.o
 .comment       0x0000006e       0x6f ./cr_startup_lpc17.o
 .comment       0x0000006e       0x6f ./main.o
 .comment       0x0000006e       0x6f C:\Users\Dustin\Documents\Github\CMSISv1p30_LPC17xx\Debug\libCMSISv1p30_LPC17xx.a(system_LPC17xx.o)
 .comment       0x0000006e       0x6f C:\Users\Dustin\Documents\Github\FreeRTOS_Library\Debug\libFreeRTOS_Library.a(port.o)
 .comment       0x0000006e       0x6f C:\Users\Dustin\Documents\Github\FreeRTOS_Library\Debug\libFreeRTOS_Library.a(tasks.o)
 .comment       0x0000006e       0x6f C:\Users\Dustin\Documents\Github\FreeRTOS_Library\Debug\libFreeRTOS_Library.a(heap_2.o)
 .comment       0x0000006e       0x6f C:\Users\Dustin\Documents\Github\FreeRTOS_Library\Debug\libFreeRTOS_Library.a(list.o)
 .comment       0x0000006e       0x6f c:/nxp/lpcxpresso_8.1.2_603/lpcxpresso/tools/bin/../lib/gcc/arm-none-eabi/5.2.1/../../../../arm-none-eabi/lib/armv7-m\libcr_semihost.a(_cr__main.o)
 .comment       0x0000006e       0x6f c:/nxp/lpcxpresso_8.1.2_603/lpcxpresso/tools/bin/../lib/gcc/arm-none-eabi/5.2.1/../../../../arm-none-eabi/lib/armv7-m\libcr_c.a(memset.o)
 .comment       0x0000006e       0x6f c:/nxp/lpcxpresso_8.1.2_603/lpcxpresso/tools/bin/../lib/gcc/arm-none-eabi/5.2.1/../../../../arm-none-eabi/lib/armv7-m\libcr_c.a(initio.o)
 .comment       0x0000006e       0x6f c:/nxp/lpcxpresso_8.1.2_603/lpcxpresso/tools/bin/../lib/gcc/arm-none-eabi/5.2.1/../../../../arm-none-eabi/lib/armv7-m\libcr_c.a(memcmp.o)
 .comment       0x0000006e       0x6f c:/nxp/lpcxpresso_8.1.2_603/lpcxpresso/tools/bin/../lib/gcc/arm-none-eabi/5.2.1/../../../../arm-none-eabi/lib/armv7-m\libcr_c.a(setvbuf.o)
 .comment       0x0000006e       0x6f c:/nxp/lpcxpresso_8.1.2_603/lpcxpresso/tools/bin/../lib/gcc/arm-none-eabi/5.2.1/../../../../arm-none-eabi/lib/armv7-m\libcr_c.a(stdio.o)
 .comment       0x0000006e       0x6f c:/nxp/lpcxpresso_8.1.2_603/lpcxpresso/tools/bin/../lib/gcc/arm-none-eabi/5.2.1/../../../../arm-none-eabi/lib/armv7-m\libcr_c.a(stdlib.o)
 .comment       0x0000006e       0x6f c:/nxp/lpcxpresso_8.1.2_603/lpcxpresso/tools/bin/../lib/gcc/arm-none-eabi/5.2.1/../../../../arm-none-eabi/lib/armv7-m\libcr_c.a(_deferredlazyseek.o)
 .comment       0x0000006e       0x6f c:/nxp/lpcxpresso_8.1.2_603/lpcxpresso/tools/bin/../lib/gcc/arm-none-eabi/5.2.1/../../../../arm-none-eabi/lib/armv7-m\libcr_c.a(_fdopen.o)
 .comment       0x0000006e       0x6f c:/nxp/lpcxpresso_8.1.2_603/lpcxpresso/tools/bin/../lib/gcc/arm-none-eabi/5.2.1/../../../../arm-none-eabi/lib/armv7-m\libcr_c.a(_fflush.o)
 .comment       0x0000006e       0x6f c:/nxp/lpcxpresso_8.1.2_603/lpcxpresso/tools/bin/../lib/gcc/arm-none-eabi/5.2.1/../../../../arm-none-eabi/lib/armv7-m\libcr_c.a(_writebuf.o)
 .comment       0x0000006e       0x6f c:/nxp/lpcxpresso_8.1.2_603/lpcxpresso/tools/bin/../lib/gcc/arm-none-eabi/5.2.1/../../../../arm-none-eabi/lib/armv7-m\libcr_c.a(alloc.o)
 .comment       0x0000006e       0x6f c:/nxp/lpcxpresso_8.1.2_603/lpcxpresso/tools/bin/../lib/gcc/arm-none-eabi/5.2.1/../../../../arm-none-eabi/lib/armv7-m\libcr_c.a(fclose.o)
 .comment       0x0000006e       0x6f c:/nxp/lpcxpresso_8.1.2_603/lpcxpresso/tools/bin/../lib/gcc/arm-none-eabi/5.2.1/../../../../arm-none-eabi/lib/armv7-m\libcr_c.a(fflush.o)
 .comment       0x0000006e       0x6f c:/nxp/lpcxpresso_8.1.2_603/lpcxpresso/tools/bin/../lib/gcc/arm-none-eabi/5.2.1/../../../../arm-none-eabi/lib/armv7-m\libcr_c.a(fseek.o)
 .comment       0x0000006e       0x6f c:/nxp/lpcxpresso_8.1.2_603/lpcxpresso/tools/bin/../lib/gcc/arm-none-eabi/5.2.1/../../../../arm-none-eabi/lib/armv7-m\libcr_c.a(ftell.o)
 .comment       0x0000006e       0x6f c:/nxp/lpcxpresso_8.1.2_603/lpcxpresso/tools/bin/../lib/gcc/arm-none-eabi/5.2.1/../../../../arm-none-eabi/lib/armv7-m\libcr_c.a(remove.o)
 .comment       0x0000006e       0x6f c:/nxp/lpcxpresso_8.1.2_603/lpcxpresso/tools/bin/../lib/gcc/arm-none-eabi/5.2.1/../../../../arm-none-eabi/lib/armv7-m\libcr_c.a(strlen.o)
 .comment       0x0000006e       0x6f c:/nxp/lpcxpresso_8.1.2_603/lpcxpresso/tools/bin/../lib/gcc/arm-none-eabi/5.2.1/../../../../arm-none-eabi/lib/armv7-m\libcr_c.a(__init_alloc.o)
 .comment       0x0000006e       0x6f c:/nxp/lpcxpresso_8.1.2_603/lpcxpresso/tools/bin/../lib/gcc/arm-none-eabi/5.2.1/../../../../arm-none-eabi/lib/armv7-m\libcr_c.a(_cr_sbrk.o)
 .comment       0x0000006e       0x6f c:/nxp/lpcxpresso_8.1.2_603/lpcxpresso/tools/bin/../lib/gcc/arm-none-eabi/5.2.1/../../../../arm-none-eabi/lib/armv7-m\libcr_c.a(_do_fflush.o)
 .comment       0x0000006e       0x6f c:/nxp/lpcxpresso_8.1.2_603/lpcxpresso/tools/bin/../lib/gcc/arm-none-eabi/5.2.1/../../../../arm-none-eabi/lib/armv7-m\libcr_c.a(errno.o)
 .comment       0x0000006e       0x6f c:/nxp/lpcxpresso_8.1.2_603/lpcxpresso/tools/bin/../lib/gcc/arm-none-eabi/5.2.1/../../../../arm-none-eabi/lib/armv7-m\libcr_c.a(_cr_check_heap.o)

.ARM.attributes
                0x00000000       0x31
 .ARM.attributes
                0x00000000       0x33 ./PWM.o
 .ARM.attributes
                0x00000033       0x33 ./StepperMotor.o
 .ARM.attributes
                0x00000066       0x33 ./cr_startup_lpc17.o
 .ARM.attributes
                0x00000099       0x33 ./main.o
 .ARM.attributes
                0x000000cc       0x33 C:\Users\Dustin\Documents\Github\CMSISv1p30_LPC17xx\Debug\libCMSISv1p30_LPC17xx.a(system_LPC17xx.o)
 .ARM.attributes
                0x000000ff       0x33 C:\Users\Dustin\Documents\Github\FreeRTOS_Library\Debug\libFreeRTOS_Library.a(port.o)
 .ARM.attributes
                0x00000132       0x33 C:\Users\Dustin\Documents\Github\FreeRTOS_Library\Debug\libFreeRTOS_Library.a(tasks.o)
 .ARM.attributes
                0x00000165       0x33 C:\Users\Dustin\Documents\Github\FreeRTOS_Library\Debug\libFreeRTOS_Library.a(heap_2.o)
 .ARM.attributes
                0x00000198       0x33 C:\Users\Dustin\Documents\Github\FreeRTOS_Library\Debug\libFreeRTOS_Library.a(list.o)
 .ARM.attributes
                0x000001cb       0x33 c:/nxp/lpcxpresso_8.1.2_603/lpcxpresso/tools/bin/../lib/gcc/arm-none-eabi/5.2.1/../../../../arm-none-eabi/lib/armv7-m\libcr_semihost.a(_cr__main.o)
 .ARM.attributes
                0x000001fe       0x33 c:/nxp/lpcxpresso_8.1.2_603/lpcxpresso/tools/bin/../lib/gcc/arm-none-eabi/5.2.1/../../../../arm-none-eabi/lib/armv7-m\libcr_c.a(memset.o)
 .ARM.attributes
                0x00000231       0x33 c:/nxp/lpcxpresso_8.1.2_603/lpcxpresso/tools/bin/../lib/gcc/arm-none-eabi/5.2.1/../../../../arm-none-eabi/lib/armv7-m\libcr_c.a(initio.o)
 .ARM.attributes
                0x00000264       0x33 c:/nxp/lpcxpresso_8.1.2_603/lpcxpresso/tools/bin/../lib/gcc/arm-none-eabi/5.2.1/../../../../arm-none-eabi/lib/armv7-m\libcr_c.a(memcmp.o)
 .ARM.attributes
                0x00000297       0x33 c:/nxp/lpcxpresso_8.1.2_603/lpcxpresso/tools/bin/../lib/gcc/arm-none-eabi/5.2.1/../../../../arm-none-eabi/lib/armv7-m\libcr_c.a(setvbuf.o)
 .ARM.attributes
                0x000002ca       0x33 c:/nxp/lpcxpresso_8.1.2_603/lpcxpresso/tools/bin/../lib/gcc/arm-none-eabi/5.2.1/../../../../arm-none-eabi/lib/armv7-m\libcr_c.a(stdio.o)
 .ARM.attributes
                0x000002fd       0x33 c:/nxp/lpcxpresso_8.1.2_603/lpcxpresso/tools/bin/../lib/gcc/arm-none-eabi/5.2.1/../../../../arm-none-eabi/lib/armv7-m\libcr_c.a(stdlib.o)
 .ARM.attributes
                0x00000330       0x33 c:/nxp/lpcxpresso_8.1.2_603/lpcxpresso/tools/bin/../lib/gcc/arm-none-eabi/5.2.1/../../../../arm-none-eabi/lib/armv7-m\libcr_c.a(_deferredlazyseek.o)
 .ARM.attributes
                0x00000363       0x33 c:/nxp/lpcxpresso_8.1.2_603/lpcxpresso/tools/bin/../lib/gcc/arm-none-eabi/5.2.1/../../../../arm-none-eabi/lib/armv7-m\libcr_c.a(_fdopen.o)
 .ARM.attributes
                0x00000396       0x33 c:/nxp/lpcxpresso_8.1.2_603/lpcxpresso/tools/bin/../lib/gcc/arm-none-eabi/5.2.1/../../../../arm-none-eabi/lib/armv7-m\libcr_c.a(_fflush.o)
 .ARM.attributes
                0x000003c9       0x33 c:/nxp/lpcxpresso_8.1.2_603/lpcxpresso/tools/bin/../lib/gcc/arm-none-eabi/5.2.1/../../../../arm-none-eabi/lib/armv7-m\libcr_c.a(_writebuf.o)
 .ARM.attributes
                0x000003fc       0x33 c:/nxp/lpcxpresso_8.1.2_603/lpcxpresso/tools/bin/../lib/gcc/arm-none-eabi/5.2.1/../../../../arm-none-eabi/lib/armv7-m\libcr_c.a(alloc.o)
 .ARM.attributes
                0x0000042f       0x33 c:/nxp/lpcxpresso_8.1.2_603/lpcxpresso/tools/bin/../lib/gcc/arm-none-eabi/5.2.1/../../../../arm-none-eabi/lib/armv7-m\libcr_c.a(fclose.o)
 .ARM.attributes
                0x00000462       0x33 c:/nxp/lpcxpresso_8.1.2_603/lpcxpresso/tools/bin/../lib/gcc/arm-none-eabi/5.2.1/../../../../arm-none-eabi/lib/armv7-m\libcr_c.a(fflush.o)
 .ARM.attributes
                0x00000495       0x33 c:/nxp/lpcxpresso_8.1.2_603/lpcxpresso/tools/bin/../lib/gcc/arm-none-eabi/5.2.1/../../../../arm-none-eabi/lib/armv7-m\libcr_c.a(fseek.o)
 .ARM.attributes
                0x000004c8       0x33 c:/nxp/lpcxpresso_8.1.2_603/lpcxpresso/tools/bin/../lib/gcc/arm-none-eabi/5.2.1/../../../../arm-none-eabi/lib/armv7-m\libcr_c.a(ftell.o)
 .ARM.attributes
                0x000004fb       0x33 c:/nxp/lpcxpresso_8.1.2_603/lpcxpresso/tools/bin/../lib/gcc/arm-none-eabi/5.2.1/../../../../arm-none-eabi/lib/armv7-m\libcr_c.a(remove.o)
 .ARM.attributes
                0x0000052e       0x33 c:/nxp/lpcxpresso_8.1.2_603/lpcxpresso/tools/bin/../lib/gcc/arm-none-eabi/5.2.1/../../../../arm-none-eabi/lib/armv7-m\libcr_c.a(strlen.o)
 .ARM.attributes
                0x00000561       0x33 c:/nxp/lpcxpresso_8.1.2_603/lpcxpresso/tools/bin/../lib/gcc/arm-none-eabi/5.2.1/../../../../arm-none-eabi/lib/armv7-m\libcr_c.a(__init_alloc.o)
 .ARM.attributes
                0x00000594       0x33 c:/nxp/lpcxpresso_8.1.2_603/lpcxpresso/tools/bin/../lib/gcc/arm-none-eabi/5.2.1/../../../../arm-none-eabi/lib/armv7-m\libcr_c.a(_cr_sbrk.o)
 .ARM.attributes
                0x000005c7       0x33 c:/nxp/lpcxpresso_8.1.2_603/lpcxpresso/tools/bin/../lib/gcc/arm-none-eabi/5.2.1/../../../../arm-none-eabi/lib/armv7-m\libcr_c.a(_do_fflush.o)
 .ARM.attributes
                0x000005fa       0x33 c:/nxp/lpcxpresso_8.1.2_603/lpcxpresso/tools/bin/../lib/gcc/arm-none-eabi/5.2.1/../../../../arm-none-eabi/lib/armv7-m\libcr_c.a(errno.o)
 .ARM.attributes
                0x0000062d       0x33 c:/nxp/lpcxpresso_8.1.2_603/lpcxpresso/tools/bin/../lib/gcc/arm-none-eabi/5.2.1/../../../../arm-none-eabi/lib/armv7-m\libcr_c.a(_cr_check_heap.o)
 .ARM.attributes
                0x00000660       0x21 c:/nxp/lpcxpresso_8.1.2_603/lpcxpresso/tools/bin/../lib/gcc/arm-none-eabi/5.2.1/armv7-m\libcr_eabihelpers.a(memcpy.o)
 .ARM.attributes
                0x00000681       0x21 c:/nxp/lpcxpresso_8.1.2_603/lpcxpresso/tools/bin/../lib/gcc/arm-none-eabi/5.2.1/../../../../arm-none-eabi/lib/armv7-m\libcr_semihost.a(__sys_appexit.o)
 .ARM.attributes
                0x000006a2       0x21 c:/nxp/lpcxpresso_8.1.2_603/lpcxpresso/tools/bin/../lib/gcc/arm-none-eabi/5.2.1/../../../../arm-none-eabi/lib/armv7-m\libcr_semihost.a(__sys_close.o)
 .ARM.attributes
                0x000006c3       0x21 c:/nxp/lpcxpresso_8.1.2_603/lpcxpresso/tools/bin/../lib/gcc/arm-none-eabi/5.2.1/../../../../arm-none-eabi/lib/armv7-m\libcr_semihost.a(__sys_flen.o)
 .ARM.attributes
                0x000006e4       0x21 c:/nxp/lpcxpresso_8.1.2_603/lpcxpresso/tools/bin/../lib/gcc/arm-none-eabi/5.2.1/../../../../arm-none-eabi/lib/armv7-m\libcr_semihost.a(__sys_istty.o)
 .ARM.attributes
                0x00000705       0x21 c:/nxp/lpcxpresso_8.1.2_603/lpcxpresso/tools/bin/../lib/gcc/arm-none-eabi/5.2.1/../../../../arm-none-eabi/lib/armv7-m\libcr_semihost.a(__sys_remove.o)
 .ARM.attributes
                0x00000726       0x21 c:/nxp/lpcxpresso_8.1.2_603/lpcxpresso/tools/bin/../lib/gcc/arm-none-eabi/5.2.1/../../../../arm-none-eabi/lib/armv7-m\libcr_semihost.a(__sys_seek.o)
 .ARM.attributes
                0x00000747       0x21 c:/nxp/lpcxpresso_8.1.2_603/lpcxpresso/tools/bin/../lib/gcc/arm-none-eabi/5.2.1/../../../../arm-none-eabi/lib/armv7-m\libcr_semihost.a(__sys_tmpnam.o)
 .ARM.attributes
                0x00000768       0x21 c:/nxp/lpcxpresso_8.1.2_603/lpcxpresso/tools/bin/../lib/gcc/arm-none-eabi/5.2.1/../../../../arm-none-eabi/lib/armv7-m\libcr_semihost.a(__sys_write.o)

.debug_frame    0x00000000      0x92c
 .debug_frame   0x00000000       0x54 ./PWM.o
 .debug_frame   0x00000054       0x70 ./StepperMotor.o
 .debug_frame   0x000000c4       0xc8 ./cr_startup_lpc17.o
 .debug_frame   0x0000018c      0x1c0 ./main.o
 .debug_frame   0x0000034c       0x64 C:\Users\Dustin\Documents\Github\CMSISv1p30_LPC17xx\Debug\libCMSISv1p30_LPC17xx.a(system_LPC17xx.o)
 .debug_frame   0x000003b0      0x138 C:\Users\Dustin\Documents\Github\FreeRTOS_Library\Debug\libFreeRTOS_Library.a(port.o)
 .debug_frame   0x000004e8      0x368 C:\Users\Dustin\Documents\Github\FreeRTOS_Library\Debug\libFreeRTOS_Library.a(tasks.o)
 .debug_frame   0x00000850       0x70 C:\Users\Dustin\Documents\Github\FreeRTOS_Library\Debug\libFreeRTOS_Library.a(heap_2.o)
 .debug_frame   0x000008c0       0x6c C:\Users\Dustin\Documents\Github\FreeRTOS_Library\Debug\libFreeRTOS_Library.a(list.o)
